[WARNING] BasicObsData: entry changed data_kind None -> KidsDataKind.RawTimeStream
[WARNING] BasicObsData: entry changed data_kind None -> KidsDataKind.RawTimeStream
[WARNING] BasicObsData: entry changed data_kind None -> KidsDataKind.RawTimeStream
[WARNING] BasicObsData: entry changed data_kind None -> KidsDataKind.RawTimeStream
[WARNING] BasicObsData: entry changed data_kind None -> KidsDataKind.RawTimeStream
[WARNING] BasicObsData: entry changed data_kind None -> KidsDataKind.RawTimeStream
[WARNING] BasicObsData: entry changed data_kind None -> KidsDataKind.RawTimeStream
[WARNING] BasicObsData: entry changed data_kind None -> KidsDataKind.RawTimeStream
[WARNING] BasicObsData: entry changed data_kind None -> KidsDataKind.RawTimeStream
[WARNING] BasicObsData: entry changed data_kind None -> KidsDataKind.RawTimeStream
[WARNING] BasicObsData: entry changed data_kind None -> KidsDataKind.RawTimeStream
[WARNING] BasicObsData: entry changed data_kind None -> KidsDataKind.RawTimeStream
[INFO] PipelineRuntime: collected data from inputs: [BasicObsDataset(n_bods=13)]
[INFO] timeit: run pipeline step [1/1] citlali ...
[INFO] check_for_update: 

* Executable path: /work/toltec/citlali_dev/citlali/build/bin/citlali* Remote Citlali rev: 3cda11e5
* Local Citlali version: v4.0.0

###################### Attention #######################
You are using an outdated version of Citlali. The latest
version has the following changes:

3cda11e5 Delete citlali_test_2 directory
1c088c9c Delete citlali_test directory
0679f8f4 fix directories
35a8dadc fix timestream files when reducing multiple obs
42d31992 test
0dea273f fix for new tolteca apt table
64509087 adjustment for new tolteca apt changes
4e375854 updates to temp version for simulations
1e669d6b updates for data version
8946a8d7 remove extreneous output
0fa101ff remove extreme weights, add scanindex, weights to output timestream files
8f4367a1 add per scan weight limit
cda3189a test for unity
52d80b74 fix per nw manual time offset
1d372684 add tel params to headers
6e40823a remove temp output
9f83bddd add sensitivity to approx weights
a3420252 various fixes for real data version
6cd29699 adjustment for lowpassing+downsampling, further alignment components
c63eadc7 add derotated elevation to apt table, most alignment stages
d02650fc citlali version for real data
fcaf8fe8 disable interpolation for simulation
38f7fb7f add citlali index files
87c3b379 add wyatt input table
a7f92067 add wyatt to cmake
a0f3e02f additional fixes for indices
d51676aa fix indices, fix flxcale, beammap improvements
65d79b21 enable per network cleaning
62b61fa8 fix name keys
1b6a1f31 fix for missing nws/arrays
c6ae5896 fix for missing nws/arrays
72d1fd4b test fitting changes
1d7f031b test apt output
36ac2099 small fixes
4b41cca6 test new fitting
98e1f158 fix for lali
06182028 fix add/subtract gaussian, port wyatt into citlali
578785b8 more testing
d520badb some beammap adjustments
3f723e53 further unity beammap tests
1c643a13 add timing for kidsproc.load_rawobs()
1c4f5926 test for unity beammap
c49984c5 add uK units, add polarized timestream output, some header details
f971ba67 test for beammap output
68661a39 fix beammap array number, apt table filepath
f1cf6916 fix for beammap crash
037374f1 beammap updates
bfdb8583 fix noise map ext names, hist/psd var names, add units and conversions, fix beamsizes
f4f14962 add subdir config option
620346c4 add map units/conversions to hdus
89f047e5 make beammap phot/astr params optional
74304d49 v1.2.1
2bc3d42d fix polarized flux conversion, revert polarization changes
7861b4b6 add exp time, adjust noise maps, add bool coverage, adjust wiener filter, jinc map, beammap adjustments, wcs changes
fda1a396 fix wcs direction
ce0d249b fix spelling
220adfb3 bypass pivot search for approximate weights
8eacfb05 add array id, det offsets, det fwhm to TOD output file
dce065f3 further polarization fixes
fa63f00b some polarization fixes
3671b024 fix weight map output error, stop redu directories from looping back to 00, cleanup
f0237267 add case where config file has no path
c156fce4 add copy of config file to reduction subdirectory
bb935e7d update default config, add map unit config option for science/pointing
3d64e35f add polarized noise maps, add stokes and freq wcs params
2ceeb3aa further polarization fixes
55ea22e7 fix det/map indices, fix polarized kernel
37b93a05 fix polarized output file hdus
6d33a3c6 polarization components, fix output file layers/varnames, temporarily disable psd/hist
f33e5cee fix psd filenames, add histogram output files for non-noise maps, other general fixes
ed7719a0 fix tod names, adjust flip cut_std eigvals, adjust map loops, psd output for individual obsnums, some polarization components
a1890c1d fix TOD output
f57e7001 add TOD output
147d6701 split of config yamls; add calib types
aac995e8 partial fix for Wiener filter amplitudes
09314872 partial fix for Wiener filter amplitudes
2a200ad0 limit logging output
03dbbdc3 fix crash related to noise random number matrix index
258ddf01 adjust loop for map maker
1abf900f test thread safe change for noise maps
3960c0e1 adjust array indices/check for noise map crash
210511a4 test fix for wiener filter gausiian template
dac61c31 test alternate kids mode
47d3577d add kernel fits input extension name
cb7adf82 update src_ra and src_dec names
15e38a51 add src_ra, src_dec to individual hdu's
e8c46d1a fix directory names
f382225a update output directory names, disable spike replacement for improvements
38f02e79 fix despike fsmp parameter
e9b29e96 add output directories for citlali
703b755c fix fft loop
25e325c1 output test for psd crash
8f64f3d2 tests for psd crash
3e6cf056 fix psd cov_cut parameter
92174de6 adjust backend for PCA cut_std
3df36dec wiener_filter optimzation and fixes
347727dd Delete despike_2.h
d96cf946 remove unneeded files
3d4ab260 add flag masking to pca, fix normalization for pca, fix sigma aliasing in fitting, despike fixes
246b07d1 remove unneeded files
8103ff7e fix for coadded coverage
1b982f38 fix beammap derotation
61ab0abc fix output table rows
007075d3 adjust apt table row output
a744b721 further beammap adjustments
3cdda0b2 flip lat/lon for add/subtract gaussian
99c86e50 test for updated derotation scheme
05676a22 disable derotate for test
66b485b3 fix fit vector in beammap
cbebe80a fix fit vector in beammap
8109295f debugging beammaps
ed15d319 further test for beammap fit
2f7b91bb add check for rank deficient covariance matrix
ca75c35e changes for beammap fitting
f891c56b test for fix to beammap fit
6eb0eb94 fix output table rows
13d25ea0 add check for bad fit before covariance calculation
8380b8a7 fix bad_alloc error
5bb22b36 remove unneeded hidden files
9686ff71 resolve merge conflict
0829f2ca fix fitting errors and added to tables/headers, improve noise map selection, fix for beammap distortion, added sensitivity calculation for beammap, test symmetric template for wiener filter added
2b8fc1ca fix fitting errors and added to tables/headers, improve noise map selection, fix for beammap distortion, added sensitivity calculation for beammap
1280dc7f fix fitting errors and added to tables/headers, improve noise map selection, fix for beammap distortion, added sensitivity calculation for beammap
538635fb fix fitting errors and added to tables/headers, improve noise map selection, fix for beammap distortion, added sensitivity calculation for beammap
be11b3d4 fix fitting errors and added to tables/headers, improve noise map selection, fix for beammap distortion, added sensitivity calculation for beammap
448ca109 update cmake presets; fix kids fitreport search path
d1bf763d add support for hwp file
be4c239e move noise normalization and rms out of loop
4bd7ae9c add test error normalization, rms calc, filtered noise output
366ceffc fix coadd multiplication typo
de842b55 outputs for coadding testing
f41c3151 fix coadd typo
b97023d3 remove test loop
aff06d6d reset static scan variable for each obs
d8022170 fix vector clear typo
db26291f empty map vectors before each observation reduction
4c914ce8 resize fits file vectors for each run, added unoptimized wiener filter components
16bd7db2 re-enable cut_std, enable kernel imageinput
b50f8dcd enable crvals and custom map sizes
9338c290 test negative sign for add/subtract gaussian
ff261f50 flip signs of derotated az/el. Flipped lat/lon for adding/subtracting gaussian/initial wiener filter/psd components
9be7eaf9 fix derotation aliasing?
df7fd02f change sign of derotation angle
2b134bad fix order of beammap rotation
68aae974 add derotation to beammap output
d3c8f02d fix beammap parallelization, improve beammap output, and randomization to noise map selection, add noise map normalization
b8016fb6 add noise map output
0b824025 remove unneeded files
ac51d33c improved beammap write speed/colnames
baf80937 fixed recursive downsample problem
c6380644 added check for filter nterms
b6585ea4 clean up rtcproc output
213d1bc5 improve coadd/noise controls
b885f9a1 fixed memory allocation error with cmb and noise maps
b5e5bd85 moved coadd file declaration.  Fixed coadd filenames
5157ff76 switched peak fitting guess to sig2noise peak.  Renamed pointing fit table from apt_ to ppt_
a049ca7c added center fitting mode for pointing maps
9c656e94 Fixed formatting mistake in README.
90285077 Add conan to list of tools to be installed by brew
014e1a25 Merge branch 'v0.1.x' into v1.x
b6411416 update gitignore
7acdcb46 fix tula_cmake include when tula-src is specified manually
be41c0d4 Merge branch 'v1.x' of https://github.com/toltec-astro/citlali into v1.x
73e5d2f2 citali version upgrade
3c6059f1 Fix build instruction
5ad885c9 add some predefined presets
fbea1207 Fix kidscpp url
4267d886 minor fix.
a068ddc2 refactor for tula
a99da95c remove gitmodules
7cbf06f6 restructure by removing submodules
c7c5016d fixed fitting/apt table
53b46c48 fixed kernel
814a3b13 fixes for merge problem
db15ebea fixed merge issue
f689da34 fixed unpopulated samplerate param
e424f9a7 fixed unpopulated samplerate param
b867974f update common utils
8c91381b implement handling of per-obs apt table
2366cb05 ceres compile error
df5fd1a4 fixed sigma matrix select
29486647 adjusted ceres output
62bfe8d5 improved apt table
1261c6a9 added simple output apt table
d25223d0 further fitting refinements
2ac5343b fixed az/el offsets for beammap
5781a985 fixed az/el offsets for beammap
8a0d96bb fix size error in gauss fitting
5eefb67e fix kernel config check in map.h
59e75c96 fixed kernel segfault
b5e1b36a adjustments to fitting
64d9002c speed up fitting
f7219daa removed extra ceres output
fc928d3a cleaned up output
f2143dcf fixed ptcs out of range
11d35fea fixed omp crash
1b7f3a34 added apt table fwhms for kernel
1e5e1c2c Merge branch 'sim_dev' of github.com:toltec-astro/citlali into sim_dev
97578f3b added beammap switch, removed map edges
3692c13e updated ccfits cmake
7dcd2fd9 update gitignore
cc65416c update subpackage
69d5446d fixed apt param order for tolteca reduce
ae1ad155 fixed order of apt param reading
3da3780b added snr map
5ce01dcd added fwhms/fixed offsets from ecsv
c2a0d78d Merge branch 'sim_dev' of github.com:toltec-astro/citlali into sim_dev
be6b9d09 fixed pointing offset
7c33d428 Update README.md
b61b9500 fix for ubuntu 20
0852cbc1 fixed approximate weights in config file
e209a1b3 Merge branch 'sim_dev' of github.com:toltec-astro/citlali into sim_dev
8ff38ace updated example config file
d0337c57 update submodules
19a26ee3 switched default mode
25bff478 fixed beammap pointing and output
915487ba changed lissajous selection if statement
de0f2b57 fixed map orientation
3ea8a31b added check for lissajou, added flux calibration, added approxmiate weights
8df03a21 Merge branch 'sim_dev' of github.com:toltec-astro/citlali into sim_dev
414fdb3e added check for lissajou, added flux calibration, added approxmiate weights
1b6aa113 Add boost to the build dependency.
0a63afb3 Fix installation instruction in readme
3c87b544 update cmake
b915481a use make as default generator for external projects
6bbdb218 fix build issue with ccfits
3aa5093a fix compiling error in ubuntu 18.04
5ffa06a4 Update README.md
d9eeadae Update README.md
cc27f779 fix east west wcs orientation
bfc55f88 added transpose to output
97e4c8d5 fixed units on CRVAL
130a6629 fixed netcdf, working FITS output
086c88e2 fixed rowmajor issue in fits output
af07d368 minor fixes for namespace polution.
369f45f1 preliminary fits output module added
6eaa835e added beammap code to citlali.  Adjusted ccfits cmake commands.
e455f1cb separated pipeline from main function
e2fba3df Merge branch 'sim_dev' of github.com:toltec-astro/citlali into sim_dev
a4f50fd1 changed to radian input as default.  Added source RA/Dec.
99e2a149 Adjusted elevation sign convention.
c6b10f10 added other arrays and fixed pointing for multi-source model
e98235ff Update Readme
66229c92 Update Readme
78988790 Update Readme
f3412394 added basic install instructions to readme
982de240 removed unfinished coadd components
0443f42b replace example config.yaml file with tolteca low-level config file
6dbda713 added output_filepath to config file
39c43672 Fixed pointing problems and other small refinements
6d0cce98 general updates to citlali simu branch
044eec54 add todproc
d41abaa3 update config mapper
baf6fc7b add lali
c968970e add kids proc
52146f68 udpate yamlconfig
16d146d9 add key init list support
23a78684 clean up cli
4157dcf7 cleanup citlali cli for further integration with kidscpp
e92340c2 update lali and kids integration
71b80f60 Merge branch 'develop-2' into sim_dev
5b8a254d update common utils
5c00e8e2 add example tel data
b37a1717 update citlali cli main
60fe7747 update common utils
a492b8b4 adjusted map classes, some work on wiener filter, finished some timestream functions
19c03d5b new citlali version
f4bed4b4 new citlali version
e6149b31 new citlali version
56113563 new citlali version
eb5433bc new citlali version
6bb7cfa3 add mkdocs file
a9f12298 update submodules
78820146 update kidscpp
6d772995 udpate cmake
3f1b77b0 update submodules
3fdc4515 update components
4c8b6139 more on buffers
badac677 more changes
d1e1b222 update for mpi
1de97a5d update cmake
f59cf118 update layout
4976a3bd add kids
681f53d1 update license
d593dcb3 update submodules
7061d263 Setup basic folder structure/added common_utils
29cfa68f Create CONTRIBUTING
0e3c00f8 Initial commit
########################################################

[INFO] CitlaliStepConfig: setup logging to file /work/toltec/wilson/citlali_testing/serpens_small/new/log/reduce.log
[INFO] _fix_tel: ActParAng changed with diff (deg): min=-0.3592011311741908 max=-0.4312098470226409 mean=-0.39223948751326 std=0.020612417862893688
[INFO] _fix_tel: SourceRaAct changed with diff (arcsec): min=0.9118194878055874 max=0.5382826768254745 mean=0.5979301183488666 std=0.02840904949988654
[INFO] _fix_tel: SourceDecAct changed with diff (arcsec): min=0.8127669592694176 max=0.28989635880307674 mean=0.38067434642743936 std=0.04046662177902891
[INFO] CitlaliExec: run CitlaliExec(version=v4.0.0) cmd: /work/toltec/citlali_dev/citlali/build/bin/citlali -l info /work/toltec/wilson/citlali_testing/serpens_small/new/reduced/citlali_o130196_0_2_c1.yaml
** logging ** Configured with level=trace; available levels: ["trace", "debug", "info", "warning", "error", "critical", "off"].
[2025-12-04 21:45:50.473] [info] [main.cpp:95] reconfigure logger to level=info
[2025-12-04 21:45:50.473] [info] [main.cpp:1015] rc config_file:
  - /work/toltec/wilson/citlali_testing/serpens_small/new/reduced/citlali_o130196_0_2_c1.yaml
grppiex: omp
[2025-12-04 21:45:50.473] [info] [logging.h:96] **timeit** Citlali Process
[2025-12-04 21:45:50.473] [citlali_logger] [info] use KIDs data spec: toltec.1
[2025-12-04 21:45:50.473] [citlali_logger] [info] load config from file /work/toltec/wilson/citlali_testing/serpens_small/new/reduced/citlali_o130196_0_2_c1.yaml
[2025-12-04 21:45:50.477] [citlali_logger] [info] reducing in science mode
[2025-12-04 21:45:50.478] [citlali_logger] [info] check TOD proc config
beammap:
  derotate: yes
  flagging:
    array_lower_fwhm_arcsec:
      - 4.0
      - 5.0
      - 8.0
    array_lower_sig2noise:
      - 5
      - 5
      - 5
    array_max_dist_arcsec:
      - 120
      - 120
      - 120
    array_upper_fwhm_arcsec:
      - 10
      - 12
      - 15
    array_upper_sig2noise:
      - 0
      - 0
      - 0
    sens_factors:
      - 0
      - 0
  iter_max: 10
  iter_tolerance: 0.02
  reference_det: -99
  sens_psd_limits_Hz:
    - 0
    - 0
  subtract_reference_det: yes
coadd:
  enabled: yes
inputs:
  - cal_items:
      - beammap_source:
          fluxes:
            - array_name: a1100
              uncertainty_mJy: 0.05
              value_mJy: 2329
            - array_name: a1400
              uncertainty_mJy: 0.05
              value_mJy: 2800
            - array_name: a2000
              uncertainty_mJy: 0.05
              value_mJy: 1923
        type: photometry
      - pointing_offsets:
          - axes_name: az
            value_arcsec:
              - 0
          - axes_name: alt
            value_arcsec:
              - 0
        type: astrometry
      - filepath: /work/toltec/commissioning2025-test/2025-C1-COM-06/apts/apt_130196_matched.ecsv
        meta:
          interface: apt
        type: array_prop_table
    data_items:
      - filepath: /work/toltec/wilson/citlali_testing/serpens_small/new/reduced/tel_toltec_2025-03-11_130196_00_0002_recomputed.nc
        meta:
          interface: lmt
      - filepath: /work/toltec/commissioning2025-test/2025-C1-COM-06/data/toltec0_130196_000_0002_2025_03_11_11_20_56.nc
        meta:
          interface: toltec0
      - filepath: /work/toltec/commissioning2025-test/2025-C1-COM-06/data/toltec1_130196_000_0002_2025_03_11_11_20_56.nc
        meta:
          interface: toltec1
      - filepath: /work/toltec/commissioning2025-test/2025-C1-COM-06/data/toltec2_130196_000_0002_2025_03_11_11_20_56.nc
        meta:
          interface: toltec2
      - filepath: /work/toltec/commissioning2025-test/2025-C1-COM-06/data/toltec3_130196_000_0002_2025_03_11_11_20_56.nc
        meta:
          interface: toltec3
      - filepath: /work/toltec/commissioning2025-test/2025-C1-COM-06/data/toltec4_130196_000_0002_2025_03_11_11_20_56.nc
        meta:
          interface: toltec4
      - filepath: /work/toltec/commissioning2025-test/2025-C1-COM-06/data/toltec5_130196_000_0002_2025_03_11_11_20_56.nc
        meta:
          interface: toltec5
      - filepath: /work/toltec/commissioning2025-test/2025-C1-COM-06/data/toltec6_130196_000_0002_2025_03_11_11_20_56.nc
        meta:
          interface: toltec6
      - filepath: /work/toltec/commissioning2025-test/2025-C1-COM-06/data/toltec7_130196_000_0002_2025_03_11_11_20_56.nc
        meta:
          interface: toltec7
      - filepath: /work/toltec/commissioning2025-test/2025-C1-COM-06/data/toltec8_130196_000_0002_2025_03_11_11_20_56.nc
        meta:
          interface: toltec8
      - filepath: /work/toltec/commissioning2025-test/2025-C1-COM-06/data/toltec9_130196_000_0002_2025_03_11_11_20_56.nc
        meta:
          interface: toltec9
      - filepath: /work/toltec/commissioning2025-test/2025-C1-COM-06/data/toltec11_130196_000_0002_2025_03_11_11_20_56.nc
        meta:
          interface: toltec11
      - filepath: /work/toltec/commissioning2025-test/2025-C1-COM-06/data/toltec12_130196_000_0002_2025_03_11_11_20_56.nc
        meta:
          interface: toltec12
    meta:
      name: 130196_0_2
interface_sync_offset:
  - toltec0: 0
  - toltec1: 0
  - toltec2: 0
  - toltec3: 0
  - toltec4: 0
  - toltec5: 0
  - toltec6: 0
  - toltec7: 0
  - toltec8: 0
  - toltec9: 0
  - toltec10: 0
  - toltec11: 0
  - toltec12: 0
  - hwpr: 0
kids:
  fitter:
    modelspec: gainlintrend
    weight_window:
      fwhm_Hz: 1.5e4
      type: lorentz
  solver:
    extra_output: no
    fitreportdir: ../data
    parallel_policy: seq
mapmaking:
  coverage_cut: 0.5
  crpix1: 0
  crpix2: 0
  crval1_J2000: 0
  crval2_J2000: 0
  cunit: mJy/beam
  enabled: yes
  grouping: auto
  jinc_filter:
    r_max: 1.5
    shape_params:
      a1100:
        - 1.1
        - 1.67
        - 2.0
      a1400:
        - 1.1
        - 2.17
        - 2.0
      a2000:
        - 1.1
        - 3.17
        - 2.0
  maximum_likelihood:
    max_iterations: 50
    tolerance: 1e-20
  method: jinc
  pixel_axes: radec
  pixel_size_arcsec: 2.0
  tan_dec: 0
  tan_ra: 0
  x_size_pix: 0
  y_size_pix: 0
noise_maps:
  enabled: yes
  n_noise_maps: 10
  randomize_dets: no
post_processing:
  map_filtering:
    enabled: yes
    normalize_errors: yes
    type: convolve
  map_histogram_n_bins: 20
  source_finding:
    enabled: no
    mode: default
    source_sigma: 0.0
    source_window_arcsec: 0
  source_fitting:
    bounding_box_arcsec: 10
    fitting_radius_arcsec: 30
    gauss_model:
      amp_limit_factors:
        - 0.0
        - 0.0
      fit_rotation_angle: no
      fwhm_limit_factors:
        - 0.0
        - 0.0
    model: gaussian
runtime:
  interp_over_gaps: yes
  log_level: debug
  meta:
    version: tolteca...
  n_threads: 16
  output_dir: /work/toltec/wilson/citlali_testing/serpens_small/new/reduced/
  parallel_policy: omp
  reduction_type: science
  use_subdir: yes
  verbose: no
timestream:
  chunking:
    chunk_mode: duration
    force_chunking: yes
    value: 30
  enabled: yes
  fruit_loops:
    array_flux_limit:
      - 7.0
      - 7.0
      - 4.0
    enabled: no
    max_iters: 100
    mode: upper
    path: ~
    save_all_iters: no
    sig2noise_limit: 2.5
    type: coadd/raw
  output:
    stats:
      eigenvalues: no
    subdir_name: ~
  polarimetry:
    enabled: no
    grouping: fg
    ignore_hwpr: auto
  precompute_pointing: no
  processed_time_chunk:
    clean:
      enabled: yes
      grouping:
        - nw
      mask_radius_arcsec: 0
      n_eig_to_cut:
        a1100:
          - 20
        a1400:
          - 20
        a2000:
          - 20
      stddev_limit: 0
      stdev_limit: 0.0
      tau: 0.0
    flagging:
      lower_tod_inv_var_factor: 0.01
      upper_tod_inv_var_factor: 10.0
    output:
      enabled: no
    weighting:
      lower_map_weight_factor: 0.01
      median_map_weight_factor: 5
      type: approximate
      upper_map_weight_factor: 10.0
  raw_time_chunk:
    despike:
      enabled: no
      min_spike_sigma: 8.0
      time_constant_sec: 0.015
      window_size: 32
    downsample:
      downsampled_freq_Hz: 0
      enabled: yes
      factor: 2
    extinction_correction:
      enabled: yes
    filter:
      a_gibbs: 50.0
      enabled: yes
      freq_high_Hz: 16.0
      freq_low_Hz: 0.0
      n_terms: 32
    flagging:
      delta_f_min_Hz: 60e3
      lower_tod_inv_var_factor: 0.01
      upper_tod_inv_var_factor: 10.0
    flux_calibration:
      enabled: yes
    kernel:
      enabled: yes
      filepath: ~
      fwhm_arcsec: 0
      image_ext_name: signal
      type: gaussian
    output:
      enabled: no
  type: xs
wiener_filter:
  lowpass_only: yes
  template_fwhm_arcsec:
    a1100: 1.5
    a1400: 2
    a2000: 4
  template_type: kernel
<config filepath: (nullopt)>
[2025-12-04 21:45:50.485] [citlali_logger] [info] getting citlali config
[2025-12-04 21:45:50.485] [citlali_logger] [info] getting timestream config options
[2025-12-04 21:45:50.485] [citlali_logger] [info] getting rtc config options
[2025-12-04 21:45:50.486] [citlali_logger] [info] getting ptc config options
[2025-12-04 21:45:50.486] [citlali_logger] [info] getting mapmaking config options
[2025-12-04 21:45:50.486] [citlali_logger] [info] getting omb config options
[2025-12-04 21:45:50.490] [citlali_logger] [info] getting cmb config options
[2025-12-04 21:45:50.491] [citlali_logger] [info] getting map filtering config options
[2025-12-04 21:45:50.524] [citlali_logger] [info] starting initial loop through input obs
[2025-12-04 21:45:50.524] [citlali_logger] [info] starting setup of observation 1/1
[2025-12-04 21:45:50.670] [citlali_logger] [info] getting array properties table /work/toltec/commissioning2025-test/2025-C1-COM-06/apts/apt_130196_matched.ecsv
[2025-12-04 21:45:51.094] [citlali_logger] [info] getting telescope file /work/toltec/wilson/citlali_testing/serpens_small/new/reduced/tel_toltec_2025-03-11_130196_00_0002_recomputed.nc
[2025-12-04 21:45:51.120] [citlali_logger] [warning] cannot find Header.Sim.Jobkey. reducing as real data.
[2025-12-04 21:45:51.120] [citlali_logger] [info] tel_data key Data.TelescopeBackend.ActGalAng
[2025-12-04 21:45:51.214] [citlali_logger] [info] tel_data key Data.TelescopeBackend.ActParAng
[2025-12-04 21:45:51.231] [citlali_logger] [info] tel_data key Data.TelescopeBackend.Hold
[2025-12-04 21:45:51.245] [citlali_logger] [info] tel_data key Data.TelescopeBackend.PpsTime
[2025-12-04 21:45:51.257] [citlali_logger] [info] tel_data key Data.TelescopeBackend.SourceAz
[2025-12-04 21:45:51.267] [citlali_logger] [info] tel_data key Data.TelescopeBackend.SourceBAct
[2025-12-04 21:45:51.276] [citlali_logger] [info] tel_data key Data.TelescopeBackend.SourceDecAct
[2025-12-04 21:45:51.285] [citlali_logger] [info] tel_data key Data.TelescopeBackend.SourceEl
[2025-12-04 21:45:51.294] [citlali_logger] [info] tel_data key Data.TelescopeBackend.SourceLAct
[2025-12-04 21:45:51.303] [citlali_logger] [info] tel_data key Data.TelescopeBackend.SourceRaAct
[2025-12-04 21:45:51.312] [citlali_logger] [info] tel_data key Data.TelescopeBackend.TelAzAct
[2025-12-04 21:45:51.321] [citlali_logger] [info] tel_data key Data.TelescopeBackend.TelAzCor
[2025-12-04 21:45:51.330] [citlali_logger] [info] tel_data key Data.TelescopeBackend.TelAzDes
[2025-12-04 21:45:51.339] [citlali_logger] [info] tel_data key Data.TelescopeBackend.TelAzMap
[2025-12-04 21:45:51.348] [citlali_logger] [info] tel_data key Data.TelescopeBackend.TelDecAct
[2025-12-04 21:45:51.348] [citlali_logger] [warning] cannot find Data.TelescopeBackend.TelDecAct
[2025-12-04 21:45:51.348] [citlali_logger] [info] tel_data key Data.TelescopeBackend.TelElAct
[2025-12-04 21:45:51.357] [citlali_logger] [info] tel_data key Data.TelescopeBackend.TelElCor
[2025-12-04 21:45:51.366] [citlali_logger] [info] tel_data key Data.TelescopeBackend.TelElDes
[2025-12-04 21:45:51.375] [citlali_logger] [info] tel_data key Data.TelescopeBackend.TelElMap
[2025-12-04 21:45:51.384] [citlali_logger] [info] tel_data key Data.TelescopeBackend.TelRaAct
[2025-12-04 21:45:51.384] [citlali_logger] [warning] cannot find Data.TelescopeBackend.TelRaAct
[2025-12-04 21:45:51.384] [citlali_logger] [info] tel_data key Data.TelescopeBackend.TelTime
[2025-12-04 21:45:51.393] [citlali_logger] [info] tel_data key Data.TelescopeBackend.TelUtc
[2025-12-04 21:45:51.402] [citlali_logger] [warning] cannot find Header.Sim.Jobkey
[2025-12-04 21:45:51.410] [citlali_logger] [info] aligning timestreams
[2025-12-04 21:45:53.163] [citlali_logger] [warning] 0/183367 samples were not aligned to the common time grid
[2025-12-04 21:45:53.164] [citlali_logger] [warning] 0/183367 samples were not aligned to the common time grid
[2025-12-04 21:45:53.165] [citlali_logger] [warning] 0/183367 samples were not aligned to the common time grid
[2025-12-04 21:45:53.167] [citlali_logger] [warning] 0/183367 samples were not aligned to the common time grid
[2025-12-04 21:45:53.168] [citlali_logger] [warning] 0/183367 samples were not aligned to the common time grid
[2025-12-04 21:45:53.170] [citlali_logger] [warning] 0/183367 samples were not aligned to the common time grid
[2025-12-04 21:45:53.171] [citlali_logger] [warning] 0/183367 samples were not aligned to the common time grid
[2025-12-04 21:45:53.172] [citlali_logger] [warning] 0/183367 samples were not aligned to the common time grid
[2025-12-04 21:45:53.174] [citlali_logger] [warning] 1/183367 samples were not aligned to the common time grid
[2025-12-04 21:45:53.175] [citlali_logger] [warning] 0/183367 samples were not aligned to the common time grid
[2025-12-04 21:45:53.177] [citlali_logger] [warning] 0/183367 samples were not aligned to the common time grid
[2025-12-04 21:45:53.178] [citlali_logger] [warning] 0/183367 samples were not aligned to the common time grid
[2025-12-04 21:45:53.384] [citlali_logger] [info] calculating tangent plane pointing
[2025-12-04 21:45:53.421] [citlali_logger] [info] using radec frame
[2025-12-04 21:45:53.421] [citlali_logger] [info] calculating pointing offsets
[2025-12-04 21:45:53.422] [citlali_logger] [info] calculating scan indices
[2025-12-04 21:45:53.422] [citlali_logger] [info] calculating scans for lissajous/rastajous mode
[2025-12-04 21:45:53.422] [citlali_logger] [info] scan_indices (4,50)[
 [    32,   3662, ..., 175776, 179438]
 [  3661,   7323, ..., 179437, 183067]
 [     0,   3630, ..., 175744, 179406]
 [  3693,   7355, ..., 179469, 183099]]
[2025-12-04 21:45:53.422] [citlali_logger] [info] calculating number of maps
[2025-12-04 21:45:53.422] [citlali_logger] [info] calculating obs map dimensions
[2025-12-04 21:46:07.521] [citlali_logger] [info] calculating cmb dimensions
[2025-12-04 21:46:07.543] [citlali_logger] [info] allocating cmb
[2025-12-04 21:46:07.557] [citlali_logger] [info] allocating nmb
[2025-12-04 21:46:07.636] [citlali_logger] [info] starting reduction of observation 1/1
[2025-12-04 21:46:07.715] [citlali_logger] [info] 294 nearby tones found. these will be flagged.
[2025-12-04 21:46:07.760] [citlali_logger] [info] calculating flux calibration
[2025-12-04 21:46:07.761] [citlali_logger] [warning] gaps found in obnsum 130196 data file timing!
[2025-12-04 21:46:07.761] [citlali_logger] [info] calculating number of maps
[2025-12-04 21:46:07.761] [citlali_logger] [info] allocating obs map buffer
[2025-12-04 21:46:07.772] [citlali_logger] [info] pipeline setup
[2025-12-04 21:46:07.778] [citlali_logger] [info] using am_q50 model for extinction correction
[2025-12-04 21:46:07.778] [citlali_logger] [info] reduction info
[2025-12-04 21:46:07.778] [citlali_logger] [info] obsnum: 130196
[2025-12-04 21:46:07.778] [citlali_logger] [info] map buffer rows: 555
[2025-12-04 21:46:07.778] [citlali_logger] [info] map buffer cols: 479
[2025-12-04 21:46:07.778] [citlali_logger] [info] number of maps: 3
[2025-12-04 21:46:07.778] [citlali_logger] [info] map units: mJy/beam
[2025-12-04 21:46:07.778] [citlali_logger] [info] polarized reduction: false
[2025-12-04 21:46:07.778] [citlali_logger] [info] estimated size of map buffer 0.02552112 GB
[2025-12-04 21:46:07.778] [citlali_logger] [info] coadd map buffer rows: 557
[2025-12-04 21:46:07.778] [citlali_logger] [info] coadd map buffer cols: 481
[2025-12-04 21:46:07.778] [citlali_logger] [info] estimated size of coadd buffer 0.025720032 GB
[2025-12-04 21:46:07.778] [citlali_logger] [info] coadd map buffer noise maps: 10
[2025-12-04 21:46:07.778] [citlali_logger] [info] estimated size of noise buffer 0.06430008 GB
[2025-12-04 21:46:07.778] [citlali_logger] [info] estimated size of all maps 0.115541232 GB
[2025-12-04 21:46:07.778] [citlali_logger] [info] number of scans: 50
[2025-12-04 21:46:07.778] [citlali_logger] [info] physical memory used 0.0214712 GB
[2025-12-04 21:46:07.785] [citlali_logger] [info] running pipeline
[2025-12-04 21:46:07.785] [citlali_logger] [info] citlali progress .                                                                          [  2%]
[2025-12-04 21:46:12.144] [citlali_logger] [info] citlali progress ...                                                                        [  4%]
[2025-12-04 21:46:12.164] [citlali_logger] [info] starting scan 1. 0/50 scans completed
[2025-12-04 21:46:12.164] [citlali_logger] [info] raw time chunk processing for scan 1
[2025-12-04 21:46:16.903] [citlali_logger] [info] citlali progress ....                                                                       [  6%]
[2025-12-04 21:46:16.933] [citlali_logger] [info] starting scan 2. 0/50 scans completed
[2025-12-04 21:46:16.933] [citlali_logger] [info] raw time chunk processing for scan 2
[2025-12-04 21:46:21.226] [citlali_logger] [info] citlali progress ......                                                                     [  8%]
[2025-12-04 21:46:21.264] [citlali_logger] [info] starting scan 3. 0/50 scans completed
[2025-12-04 21:46:21.264] [citlali_logger] [info] raw time chunk processing for scan 3
[2025-12-04 21:46:24.218] [citlali_logger] [warning] ensure filter freq_high_Hz 16 Hz is below Nyquist of downsampled rate 0
[2025-12-04 21:46:24.646] [citlali_logger] [info] removed 1503 detectors flagged in APT table (25.692308%)
[2025-12-04 21:46:24.655] [citlali_logger] [info] removing outlier dets
[2025-12-04 21:46:24.725] [citlali_logger] [info] array 0 iter 0: 19/2643 dets below inv var limit. 71/2643 dets above inv var limit.
[2025-12-04 21:46:24.758] [citlali_logger] [info] array 1 iter 0: 8/857 dets below inv var limit. 11/857 dets above inv var limit.
[2025-12-04 21:46:24.777] [citlali_logger] [info] array 2 iter 0: 2/847 dets below inv var limit. 3/847 dets above inv var limit.
[2025-12-04 21:46:24.791] [citlali_logger] [info] removed 105/5850 (1.7948719%) unflagged tones closer than 60 kHz
[2025-12-04 21:46:24.801] [citlali_logger] [info] processed time chunk processing for scan 1
[2025-12-04 21:46:25.033] [citlali_logger] [info] cleaning
[2025-12-04 21:46:25.037] [citlali_logger] [info] cleaning nw 0
[2025-12-04 21:46:25.238] [citlali_logger] [info] citlali progress .......                                                                    [ 10%]
[2025-12-04 21:46:25.273] [citlali_logger] [info] starting scan 4. 0/50 scans completed
[2025-12-04 21:46:25.283] [citlali_logger] [info] raw time chunk processing for scan 4
[2025-12-04 21:46:25.992] [citlali_logger] [info] PCA cov: n_dets 647 denom[min,max]=[1,1814]
[2025-12-04 21:46:26.011] [citlali_logger] [info] PCA evals (top 5 of 20): (5,1)[3.58447e+07, 2.13473e+07, 2.0536e+06, 1.46025e+06, 1.11049e+06]
[2025-12-04 21:46:26.071] [citlali_logger] [info] cleaning nw 1
[2025-12-04 21:46:26.486] [citlali_logger] [info] PCA cov: n_dets 514 denom[min,max]=[1,1814]
[2025-12-04 21:46:26.502] [citlali_logger] [info] PCA evals (top 5 of 20): (5,1)[1.58492e+07, 2.72818e+06, 1.66973e+06, 971812, 798024]
[2025-12-04 21:46:26.544] [citlali_logger] [info] cleaning nw 2
[2025-12-04 21:46:26.986] [citlali_logger] [info] PCA cov: n_dets 516 denom[min,max]=[1,1814]
[2025-12-04 21:46:27.007] [citlali_logger] [info] PCA evals (top 5 of 20): (5,1)[2.70405e+07, 2.92035e+06, 2.26768e+06, 2.10337e+06, 2.06694e+06]
[2025-12-04 21:46:27.055] [citlali_logger] [info] cleaning nw 3
[2025-12-04 21:46:27.591] [citlali_logger] [info] PCA cov: n_dets 545 denom[min,max]=[1,1814]
[2025-12-04 21:46:27.612] [citlali_logger] [info] PCA evals (top 5 of 20): (5,1)[2.59168e+07, 3.41647e+06, 1.67746e+06, 1.5145e+06, 1.04221e+06]
[2025-12-04 21:46:27.691] [citlali_logger] [info] cleaning nw 4
[2025-12-04 21:46:28.322] [citlali_logger] [info] PCA cov: n_dets 536 denom[min,max]=[1,1814]
[2025-12-04 21:46:28.338] [citlali_logger] [info] PCA evals (top 5 of 20): (5,1)[1.88559e+07, 3.90511e+06, 1.7719e+06, 1.05849e+06, 996018]
[2025-12-04 21:46:28.412] [citlali_logger] [info] cleaning nw 5
[2025-12-04 21:46:28.485] [citlali_logger] [info] citlali progress .........                                                                  [ 12%]
[2025-12-04 21:46:28.520] [citlali_logger] [info] starting scan 5. 0/50 scans completed
[2025-12-04 21:46:28.527] [citlali_logger] [info] raw time chunk processing for scan 5
[2025-12-04 21:46:28.969] [citlali_logger] [info] PCA cov: n_dets 506 denom[min,max]=[1,1814]
[2025-12-04 21:46:28.991] [citlali_logger] [info] PCA evals (top 5 of 20): (5,1)[5.31617e+07, 1.48702e+07, 5.24407e+06, 2.24511e+06, 1.93191e+06]
[2025-12-04 21:46:29.060] [citlali_logger] [info] cleaning nw 6
[2025-12-04 21:46:29.116] [citlali_logger] [info] PCA cov: n_dets 168 denom[min,max]=[1,1814]
[2025-12-04 21:46:29.126] [citlali_logger] [info] PCA evals (top 5 of 20): (5,1)[9.22596e+06, 2.31839e+06, 854057, 612127, 538572]
[2025-12-04 21:46:29.140] [citlali_logger] [info] cleaning nw 7
[2025-12-04 21:46:29.363] [citlali_logger] [warning] ensure filter freq_high_Hz 16 Hz is below Nyquist of downsampled rate 0
[2025-12-04 21:46:29.427] [citlali_logger] [info] PCA cov: n_dets 376 denom[min,max]=[1,1814]
[2025-12-04 21:46:29.434] [citlali_logger] [info] PCA evals (top 5 of 20): (5,1)[9.19568e+06, 3.26484e+06, 1.41124e+06, 946169, 662803]
[2025-12-04 21:46:29.465] [citlali_logger] [info] cleaning nw 8
[2025-12-04 21:46:29.806] [citlali_logger] [info] removed 1503 detectors flagged in APT table (25.692308%)
[2025-12-04 21:46:29.815] [citlali_logger] [info] removing outlier dets
[2025-12-04 21:46:29.911] [citlali_logger] [info] array 0 iter 0: 14/2643 dets below inv var limit. 83/2643 dets above inv var limit.
[2025-12-04 21:46:29.938] [citlali_logger] [info] PCA cov: n_dets 475 denom[min,max]=[1,1814]
[2025-12-04 21:46:29.940] [citlali_logger] [info] array 1 iter 0: 9/857 dets below inv var limit. 8/857 dets above inv var limit.
[2025-12-04 21:46:29.957] [citlali_logger] [info] array 2 iter 0: 2/847 dets below inv var limit. 1/847 dets above inv var limit.
[2025-12-04 21:46:29.960] [citlali_logger] [info] removed 105/5850 (1.7948719%) unflagged tones closer than 60 kHz
[2025-12-04 21:46:29.967] [citlali_logger] [info] PCA evals (top 5 of 20): (5,1)[7.41349e+06, 1.86348e+06, 1.43196e+06, 1.12003e+06, 918228]
[2025-12-04 21:46:29.967] [citlali_logger] [info] processed time chunk processing for scan 2
[2025-12-04 21:46:30.042] [citlali_logger] [info] cleaning nw 9
[2025-12-04 21:46:30.164] [citlali_logger] [info] cleaning
[2025-12-04 21:46:30.168] [citlali_logger] [info] cleaning nw 0
[2025-12-04 21:46:30.420] [citlali_logger] [info] PCA cov: n_dets 526 denom[min,max]=[1,1814]
[2025-12-04 21:46:30.428] [citlali_logger] [info] PCA evals (top 5 of 20): (5,1)[1.17591e+07, 1.99725e+06, 1.27558e+06, 755788, 517236]
[2025-12-04 21:46:30.450] [citlali_logger] [info] cleaning nw 11
[2025-12-04 21:46:30.759] [citlali_logger] [info] PCA cov: n_dets 473 denom[min,max]=[1,1814]
[2025-12-04 21:46:30.776] [citlali_logger] [info] PCA evals (top 5 of 20): (5,1)[8.75676e+06, 1.99764e+06, 1.04913e+06, 721743, 601057]
[2025-12-04 21:46:30.837] [citlali_logger] [info] cleaning nw 12
[2025-12-04 21:46:31.113] [citlali_logger] [info] PCA cov: n_dets 647 denom[min,max]=[1,1830]
[2025-12-04 21:46:31.148] [citlali_logger] [info] PCA evals (top 5 of 20): (5,1)[2.86975e+08, 9.67527e+06, 2.18273e+06, 2.03651e+06, 1.39328e+06]
[2025-12-04 21:46:31.288] [citlali_logger] [info] cleaning nw 1
[2025-12-04 21:46:31.526] [citlali_logger] [info] PCA cov: n_dets 568 denom[min,max]=[1,1814]
[2025-12-04 21:46:31.550] [citlali_logger] [info] PCA evals (top 5 of 20): (5,1)[1.13165e+07, 1.06169e+06, 658422, 569930, 422392]
[2025-12-04 21:46:31.623] [citlali_logger] [info] removing outlier dets
[2025-12-04 21:46:31.698] [citlali_logger] [info] array 0 iter 0: 0/2474 dets below inv var limit. 21/2474 dets above inv var limit.
[2025-12-04 21:46:31.720] [citlali_logger] [info] array 1 iter 0: 0/825 dets below inv var limit. 15/825 dets above inv var limit.
[2025-12-04 21:46:31.737] [citlali_logger] [info] array 2 iter 0: 0/840 dets below inv var limit. 9/840 dets above inv var limit.
[2025-12-04 21:46:31.743] [citlali_logger] [info] calculating weights
[2025-12-04 21:46:31.744] [citlali_logger] [info] array 0 had 47 outlier weights
[2025-12-04 21:46:31.744] [citlali_logger] [info] array 0: 0/2643 dets below weight limit. 0/2643 dets above weight limit.
[2025-12-04 21:46:31.745] [citlali_logger] [info] array 1 had 46 outlier weights
[2025-12-04 21:46:31.745] [citlali_logger] [info] array 1: 3/857 dets below weight limit. 0/857 dets above weight limit.
[2025-12-04 21:46:31.745] [citlali_logger] [info] array 2 had 72 outlier weights
[2025-12-04 21:46:31.745] [citlali_logger] [info] array 2: 2/847 dets below weight limit. 0/847 dets above weight limit.
[2025-12-04 21:46:31.870] [citlali_logger] [info] PCA cov: n_dets 514 denom[min,max]=[1,1830]
[2025-12-04 21:46:31.888] [citlali_logger] [info] PCA evals (top 5 of 20): (5,1)[1.85096e+08, 2.51058e+06, 1.82644e+06, 1.53948e+06, 823164]
[2025-12-04 21:46:31.964] [citlali_logger] [info] cleaning nw 2
[2025-12-04 21:46:32.125] [citlali_logger] [info] populating maps
[2025-12-04 21:46:32.570] [citlali_logger] [info] PCA cov: n_dets 516 denom[min,max]=[1,1830]
[2025-12-04 21:46:32.588] [citlali_logger] [info] PCA evals (top 5 of 20): (5,1)[2.54516e+08, 1.07581e+07, 6.83024e+06, 3.89506e+06, 2.13393e+06]
[2025-12-04 21:46:32.658] [citlali_logger] [info] cleaning nw 3
[2025-12-04 21:46:32.763] [citlali_logger] [info] citlali progress ..........                                                                 [ 14%]
[2025-12-04 21:46:32.793] [citlali_logger] [info] starting scan 6. 0/50 scans completed
[2025-12-04 21:46:32.793] [citlali_logger] [info] raw time chunk processing for scan 6
[2025-12-04 21:46:33.164] [citlali_logger] [info] PCA cov: n_dets 545 denom[min,max]=[1,1830]
[2025-12-04 21:46:33.181] [citlali_logger] [info] PCA evals (top 5 of 20): (5,1)[1.7085e+08, 6.75134e+06, 1.24731e+06, 798424, 679522]
[2025-12-04 21:46:33.238] [citlali_logger] [info] cleaning nw 4
[2025-12-04 21:46:33.805] [citlali_logger] [info] PCA cov: n_dets 536 denom[min,max]=[1,1830]
[2025-12-04 21:46:33.827] [citlali_logger] [info] PCA evals (top 5 of 20): (5,1)[1.56785e+08, 6.44874e+06, 942870, 854504, 725583]
[2025-12-04 21:46:33.901] [citlali_logger] [info] cleaning nw 5
[2025-12-04 21:46:34.421] [citlali_logger] [warning] ensure filter freq_high_Hz 16 Hz is below Nyquist of downsampled rate 0
[2025-12-04 21:46:34.460] [citlali_logger] [info] PCA cov: n_dets 506 denom[min,max]=[1,1830]
[2025-12-04 21:46:34.483] [citlali_logger] [info] PCA evals (top 5 of 20): (5,1)[5.98357e+08, 2.18855e+07, 1.81496e+07, 5.16836e+06, 3.27788e+06]
[2025-12-04 21:46:34.554] [citlali_logger] [info] cleaning nw 6
[2025-12-04 21:46:34.610] [citlali_logger] [info] PCA cov: n_dets 168 denom[min,max]=[1,1830]
[2025-12-04 21:46:34.620] [citlali_logger] [info] PCA evals (top 5 of 20): (5,1)[8.16805e+07, 2.42339e+07, 2.64191e+06, 810382, 587388]
[2025-12-04 21:46:34.627] [citlali_logger] [info] removed 1503 detectors flagged in APT table (25.692308%)
[2025-12-04 21:46:34.628] [citlali_logger] [info] removing outlier dets
[2025-12-04 21:46:34.638] [citlali_logger] [info] cleaning nw 7
[2025-12-04 21:46:34.654] [citlali_logger] [info] array 0 iter 0: 22/2643 dets below inv var limit. 85/2643 dets above inv var limit.
[2025-12-04 21:46:34.663] [citlali_logger] [info] array 1 iter 0: 10/857 dets below inv var limit. 10/857 dets above inv var limit.
[2025-12-04 21:46:34.671] [citlali_logger] [info] array 2 iter 0: 3/847 dets below inv var limit. 3/847 dets above inv var limit.
[2025-12-04 21:46:34.675] [citlali_logger] [info] removed 105/5850 (1.7948719%) unflagged tones closer than 60 kHz
[2025-12-04 21:46:34.677] [citlali_logger] [info] processed time chunk processing for scan 3
[2025-12-04 21:46:34.759] [citlali_logger] [info] cleaning
[2025-12-04 21:46:34.760] [citlali_logger] [info] cleaning nw 0
[2025-12-04 21:46:34.946] [citlali_logger] [info] PCA cov: n_dets 376 denom[min,max]=[1,1830]
[2025-12-04 21:46:34.966] [citlali_logger] [info] PCA evals (top 5 of 20): (5,1)[1.8616e+07, 4.49953e+06, 2.09967e+06, 1.42575e+06, 527020]
[2025-12-04 21:46:35.012] [citlali_logger] [info] cleaning nw 8
[2025-12-04 21:46:35.510] [citlali_logger] [info] PCA cov: n_dets 475 denom[min,max]=[1,1830]
[2025-12-04 21:46:35.524] [citlali_logger] [info] PCA evals (top 5 of 20): (5,1)[1.63349e+07, 2.52319e+06, 1.48172e+06, 1.14281e+06, 891968]
[2025-12-04 21:46:35.589] [citlali_logger] [info] cleaning nw 9
[2025-12-04 21:46:35.663] [citlali_logger] [info] PCA cov: n_dets 647 denom[min,max]=[1,1830]
[2025-12-04 21:46:35.696] [citlali_logger] [info] PCA evals (top 5 of 20): (5,1)[1.42254e+08, 4.14762e+07, 1.67372e+06, 1.55035e+06, 1.03776e+06]
[2025-12-04 21:46:35.782] [citlali_logger] [info] cleaning nw 1
[2025-12-04 21:46:36.151] [citlali_logger] [info] PCA cov: n_dets 526 denom[min,max]=[1,1830]
[2025-12-04 21:46:36.176] [citlali_logger] [info] PCA evals (top 5 of 20): (5,1)[2.84899e+07, 2.24414e+06, 748909, 380498, 305161]
[2025-12-04 21:46:36.245] [citlali_logger] [info] cleaning nw 11
[2025-12-04 21:46:36.323] [citlali_logger] [info] citlali progress ............                                                               [ 16%]
[2025-12-04 21:46:36.356] [citlali_logger] [info] starting scan 7. 0/50 scans completed
[2025-12-04 21:46:36.356] [citlali_logger] [info] raw time chunk processing for scan 7
[2025-12-04 21:46:36.380] [citlali_logger] [info] PCA cov: n_dets 514 denom[min,max]=[1,1830]
[2025-12-04 21:46:36.409] [citlali_logger] [info] PCA evals (top 5 of 20): (5,1)[9.46123e+07, 2.5966e+06, 1.95856e+06, 1.46609e+06, 861346]
[2025-12-04 21:46:36.482] [citlali_logger] [info] cleaning nw 2
[2025-12-04 21:46:36.782] [citlali_logger] [info] PCA cov: n_dets 473 denom[min,max]=[1,1830]
[2025-12-04 21:46:36.799] [citlali_logger] [info] PCA evals (top 5 of 20): (5,1)[5.21245e+07, 2.73341e+06, 1.96944e+06, 694759, 645297]
[2025-12-04 21:46:36.880] [citlali_logger] [info] cleaning nw 12
[2025-12-04 21:46:37.124] [citlali_logger] [info] PCA cov: n_dets 516 denom[min,max]=[1,1830]
[2025-12-04 21:46:37.153] [citlali_logger] [info] PCA evals (top 5 of 20): (5,1)[9.11358e+07, 1.11168e+07, 5.26623e+06, 3.58265e+06, 2.01237e+06]
[2025-12-04 21:46:37.214] [citlali_logger] [info] cleaning nw 3
[2025-12-04 21:46:37.596] [citlali_logger] [info] PCA cov: n_dets 568 denom[min,max]=[1,1830]
[2025-12-04 21:46:37.628] [citlali_logger] [info] PCA evals (top 5 of 20): (5,1)[7.66938e+07, 1.79166e+06, 701352, 601828, 538902]
[2025-12-04 21:46:37.705] [citlali_logger] [info] removing outlier dets
[2025-12-04 21:46:37.778] [citlali_logger] [info] array 0 iter 0: 0/2467 dets below inv var limit. 19/2467 dets above inv var limit.
[2025-12-04 21:46:37.807] [citlali_logger] [info] array 1 iter 0: 0/827 dets below inv var limit. 15/827 dets above inv var limit.
[2025-12-04 21:46:37.830] [citlali_logger] [info] array 2 iter 0: 0/842 dets below inv var limit. 11/842 dets above inv var limit.
[2025-12-04 21:46:37.839] [citlali_logger] [info] calculating weights
[2025-12-04 21:46:37.840] [citlali_logger] [info] array 0 had 47 outlier weights
[2025-12-04 21:46:37.840] [citlali_logger] [info] array 0: 0/2643 dets below weight limit. 0/2643 dets above weight limit.
[2025-12-04 21:46:37.840] [citlali_logger] [info] array 1 had 46 outlier weights
[2025-12-04 21:46:37.840] [citlali_logger] [info] array 1: 3/857 dets below weight limit. 0/857 dets above weight limit.
[2025-12-04 21:46:37.841] [citlali_logger] [info] array 2 had 72 outlier weights
[2025-12-04 21:46:37.841] [citlali_logger] [info] array 2: 2/847 dets below weight limit. 0/847 dets above weight limit.
[2025-12-04 21:46:37.831] [citlali_logger] [info] PCA cov: n_dets 545 denom[min,max]=[1,1830]
[2025-12-04 21:46:37.875] [citlali_logger] [info] PCA evals (top 5 of 20): (5,1)[6.92151e+07, 5.86996e+06, 1.42651e+06, 1.03136e+06, 797044]
[2025-12-04 21:46:37.962] [citlali_logger] [info] cleaning nw 4
[2025-12-04 21:46:38.278] [citlali_logger] [info] populating maps
[2025-12-04 21:46:38.439] [citlali_logger] [info] PCA cov: n_dets 536 denom[min,max]=[1,1830]
[2025-12-04 21:46:38.455] [citlali_logger] [info] PCA evals (top 5 of 20): (5,1)[5.61228e+07, 4.87015e+06, 2.58701e+06, 952854, 890391]
[2025-12-04 21:46:38.496] [citlali_logger] [warning] ensure filter freq_high_Hz 16 Hz is below Nyquist of downsampled rate 0
[2025-12-04 21:46:38.503] [citlali_logger] [info] cleaning nw 5
[2025-12-04 21:46:38.878] [citlali_logger] [info] PCA cov: n_dets 506 denom[min,max]=[1,1830]
[2025-12-04 21:46:38.897] [citlali_logger] [info] PCA evals (top 5 of 20): (5,1)[2.03998e+08, 1.67304e+07, 1.60028e+07, 1.08351e+07, 2.19176e+06]
[2025-12-04 21:46:38.939] [citlali_logger] [info] cleaning nw 6
[2025-12-04 21:46:38.976] [citlali_logger] [info] removed 1503 detectors flagged in APT table (25.692308%)
[2025-12-04 21:46:38.977] [citlali_logger] [info] removing outlier dets
[2025-12-04 21:46:39.006] [citlali_logger] [info] PCA cov: n_dets 168 denom[min,max]=[1,1830]
[2025-12-04 21:46:39.012] [citlali_logger] [info] PCA evals (top 5 of 20): (5,1)[3.01024e+07, 2.38329e+06, 667437, 611690, 544882]
[2025-12-04 21:46:39.035] [citlali_logger] [info] cleaning nw 7
[2025-12-04 21:46:39.075] [citlali_logger] [info] array 0 iter 0: 19/2643 dets below inv var limit. 77/2643 dets above inv var limit.
[2025-12-04 21:46:39.104] [citlali_logger] [info] array 1 iter 0: 9/857 dets below inv var limit. 8/857 dets above inv var limit.
[2025-12-04 21:46:39.126] [citlali_logger] [info] array 2 iter 0: 2/847 dets below inv var limit. 1/847 dets above inv var limit.
[2025-12-04 21:46:39.138] [citlali_logger] [info] removed 105/5850 (1.7948719%) unflagged tones closer than 60 kHz
[2025-12-04 21:46:39.141] [citlali_logger] [info] processed time chunk processing for scan 4
[2025-12-04 21:46:39.351] [citlali_logger] [info] PCA cov: n_dets 376 denom[min,max]=[1,1830]
[2025-12-04 21:46:39.359] [citlali_logger] [info] PCA evals (top 5 of 20): (5,1)[7.30888e+06, 2.94076e+06, 1.36871e+06, 724232, 541250]
[2025-12-04 21:46:39.407] [citlali_logger] [info] cleaning
[2025-12-04 21:46:39.409] [citlali_logger] [info] cleaning nw 8
[2025-12-04 21:46:39.415] [citlali_logger] [info] cleaning nw 0
[2025-12-04 21:46:39.903] [citlali_logger] [info] PCA cov: n_dets 475 denom[min,max]=[1,1830]
[2025-12-04 21:46:39.925] [citlali_logger] [info] PCA evals (top 5 of 20): (5,1)[5.09389e+06, 2.02461e+06, 1.52328e+06, 1.12273e+06, 1.01294e+06]
[2025-12-04 21:46:39.986] [citlali_logger] [info] cleaning nw 9
[2025-12-04 21:46:40.073] [citlali_logger] [info] citlali progress .............                                                              [ 18%]
[2025-12-04 21:46:40.108] [citlali_logger] [info] starting scan 8. 0/50 scans completed
[2025-12-04 21:46:40.108] [citlali_logger] [info] raw time chunk processing for scan 8
[2025-12-04 21:46:40.299] [citlali_logger] [info] PCA cov: n_dets 647 denom[min,max]=[1,1830]
[2025-12-04 21:46:40.319] [citlali_logger] [info] PCA evals (top 5 of 20): (5,1)[1.44159e+08, 5.94994e+07, 1.83794e+06, 1.48403e+06, 1.21094e+06]
[2025-12-04 21:46:40.401] [citlali_logger] [info] cleaning nw 1
[2025-12-04 21:46:40.627] [citlali_logger] [info] PCA cov: n_dets 526 denom[min,max]=[1,1830]
[2025-12-04 21:46:40.654] [citlali_logger] [info] PCA evals (top 5 of 20): (5,1)[8.75897e+06, 1.95639e+06, 770585, 415802, 352697]
[2025-12-04 21:46:40.745] [citlali_logger] [info] cleaning nw 11
[2025-12-04 21:46:40.984] [citlali_logger] [info] PCA cov: n_dets 514 denom[min,max]=[1,1830]
[2025-12-04 21:46:41.000] [citlali_logger] [info] PCA evals (top 5 of 20): (5,1)[8.931e+07, 2.75984e+06, 2.57302e+06, 1.89157e+06, 1.48956e+06]
[2025-12-04 21:46:41.068] [citlali_logger] [info] cleaning nw 2
[2025-12-04 21:46:41.270] [citlali_logger] [warning] ensure filter freq_high_Hz 16 Hz is below Nyquist of downsampled rate 0
[2025-12-04 21:46:41.295] [citlali_logger] [info] PCA cov: n_dets 473 denom[min,max]=[1,1830]
[2025-12-04 21:46:41.321] [citlali_logger] [info] PCA evals (top 5 of 20): (5,1)[5.45373e+06, 1.49254e+06, 941731, 647833, 400508]
[2025-12-04 21:46:41.386] [citlali_logger] [info] cleaning nw 12
[2025-12-04 21:46:41.482] [citlali_logger] [info] removed 1503 detectors flagged in APT table (25.692308%)
[2025-12-04 21:46:41.482] [citlali_logger] [info] removing outlier dets
[2025-12-04 21:46:41.535] [citlali_logger] [info] array 0 iter 0: 22/2643 dets below inv var limit. 75/2643 dets above inv var limit.
[2025-12-04 21:46:41.550] [citlali_logger] [info] array 1 iter 0: 10/857 dets below inv var limit. 12/857 dets above inv var limit.
[2025-12-04 21:46:41.569] [citlali_logger] [info] array 2 iter 0: 2/847 dets below inv var limit. 1/847 dets above inv var limit.
[2025-12-04 21:46:41.577] [citlali_logger] [info] removed 105/5850 (1.7948719%) unflagged tones closer than 60 kHz
[2025-12-04 21:46:41.583] [citlali_logger] [info] processed time chunk processing for scan 5
[2025-12-04 21:46:41.661] [citlali_logger] [info] PCA cov: n_dets 516 denom[min,max]=[1,1830]
[2025-12-04 21:46:41.677] [citlali_logger] [info] PCA evals (top 5 of 20): (5,1)[1.01568e+08, 1.0241e+07, 5.48598e+06, 3.80145e+06, 2.21961e+06]
[2025-12-04 21:46:41.751] [citlali_logger] [info] cleaning
[2025-12-04 21:46:41.752] [citlali_logger] [info] cleaning nw 0
[2025-12-04 21:46:41.752] [citlali_logger] [info] cleaning nw 3
[2025-12-04 21:46:42.095] [citlali_logger] [info] PCA cov: n_dets 568 denom[min,max]=[1,1830]
[2025-12-04 21:46:42.122] [citlali_logger] [info] PCA evals (top 5 of 20): (5,1)[7.75719e+06, 1.45434e+06, 617013, 587307, 417005]
[2025-12-04 21:46:42.197] [citlali_logger] [info] removing outlier dets
[2025-12-04 21:46:42.271] [citlali_logger] [info] array 0 iter 0: 0/2456 dets below inv var limit. 19/2456 dets above inv var limit.
[2025-12-04 21:46:42.299] [citlali_logger] [info] array 1 iter 0: 0/824 dets below inv var limit. 13/824 dets above inv var limit.
[2025-12-04 21:46:42.324] [citlali_logger] [info] array 2 iter 0: 0/839 dets below inv var limit. 7/839 dets above inv var limit.
[2025-12-04 21:46:42.334] [citlali_logger] [info] calculating weights
[2025-12-04 21:46:42.335] [citlali_logger] [info] array 0 had 47 outlier weights
[2025-12-04 21:46:42.335] [citlali_logger] [info] array 0: 0/2643 dets below weight limit. 0/2643 dets above weight limit.
[2025-12-04 21:46:42.336] [citlali_logger] [info] array 1 had 46 outlier weights
[2025-12-04 21:46:42.336] [citlali_logger] [info] array 1: 3/857 dets below weight limit. 0/857 dets above weight limit.
[2025-12-04 21:46:42.336] [citlali_logger] [info] array 2 had 72 outlier weights
[2025-12-04 21:46:42.336] [citlali_logger] [info] array 2: 2/847 dets below weight limit. 0/847 dets above weight limit.
[2025-12-04 21:46:42.394] [citlali_logger] [info] PCA cov: n_dets 545 denom[min,max]=[1,1830]
[2025-12-04 21:46:42.425] [citlali_logger] [info] PCA evals (top 5 of 20): (5,1)[7.7048e+07, 3.3489e+06, 1.46232e+06, 998964, 920435]
[2025-12-04 21:46:42.494] [citlali_logger] [info] PCA cov: n_dets 647 denom[min,max]=[1,1830]
[2025-12-04 21:46:42.496] [citlali_logger] [info] cleaning nw 4
[2025-12-04 21:46:42.523] [citlali_logger] [info] PCA evals (top 5 of 20): (5,1)[1.07498e+08, 2.30515e+07, 1.65402e+06, 1.53144e+06, 1.06208e+06]
[2025-12-04 21:46:42.607] [citlali_logger] [info] cleaning nw 1
[2025-12-04 21:46:42.797] [citlali_logger] [info] populating maps
[2025-12-04 21:46:43.217] [citlali_logger] [info] PCA cov: n_dets 536 denom[min,max]=[1,1830]
[2025-12-04 21:46:43.231] [citlali_logger] [info] PCA evals (top 5 of 20): (5,1)[6.18896e+07, 3.35414e+06, 1.97356e+06, 1.10461e+06, 957064]
[2025-12-04 21:46:43.287] [citlali_logger] [info] PCA cov: n_dets 514 denom[min,max]=[1,1830]
[2025-12-04 21:46:43.306] [citlali_logger] [info] cleaning nw 5
[2025-12-04 21:46:43.313] [citlali_logger] [info] PCA evals (top 5 of 20): (5,1)[4.0775e+07, 2.63829e+06, 1.60788e+06, 941680, 792130]
[2025-12-04 21:46:43.382] [citlali_logger] [info] cleaning nw 2
[2025-12-04 21:46:43.666] [citlali_logger] [info] citlali progress ...............                                                            [ 20%]
[2025-12-04 21:46:43.706] [citlali_logger] [info] starting scan 9. 0/50 scans completed
[2025-12-04 21:46:43.706] [citlali_logger] [info] raw time chunk processing for scan 9
[2025-12-04 21:46:43.858] [citlali_logger] [info] PCA cov: n_dets 516 denom[min,max]=[1,1830]
[2025-12-04 21:46:43.887] [citlali_logger] [info] PCA evals (top 5 of 20): (5,1)[6.40499e+07, 6.14389e+06, 3.22797e+06, 2.19695e+06, 1.99778e+06]
[2025-12-04 21:46:43.906] [citlali_logger] [info] PCA cov: n_dets 506 denom[min,max]=[1,1830]
[2025-12-04 21:46:43.922] [citlali_logger] [info] PCA evals (top 5 of 20): (5,1)[2.43781e+08, 1.56604e+07, 1.3079e+07, 3.201e+06, 3.0978e+06]
[2025-12-04 21:46:43.957] [citlali_logger] [info] cleaning nw 3
[2025-12-04 21:46:43.975] [citlali_logger] [warning] ensure filter freq_high_Hz 16 Hz is below Nyquist of downsampled rate 0
[2025-12-04 21:46:43.992] [citlali_logger] [info] cleaning nw 6
[2025-12-04 21:46:44.055] [citlali_logger] [info] PCA cov: n_dets 168 denom[min,max]=[1,1830]
[2025-12-04 21:46:44.066] [citlali_logger] [info] PCA evals (top 5 of 20): (5,1)[3.6481e+07, 1.78913e+06, 688878, 580862, 558648]
[2025-12-04 21:46:44.087] [citlali_logger] [info] cleaning nw 7
[2025-12-04 21:46:44.423] [citlali_logger] [info] PCA cov: n_dets 376 denom[min,max]=[1,1830]
[2025-12-04 21:46:44.435] [citlali_logger] [info] PCA evals (top 5 of 20): (5,1)[1.16131e+07, 2.16434e+06, 1.30327e+06, 721730, 594784]
[2025-12-04 21:46:44.436] [citlali_logger] [info] removed 1503 detectors flagged in APT table (25.692308%)
[2025-12-04 21:46:44.436] [citlali_logger] [info] removing outlier dets
[2025-12-04 21:46:44.482] [citlali_logger] [info] cleaning nw 8
[2025-12-04 21:46:44.514] [citlali_logger] [info] array 0 iter 0: 19/2643 dets below inv var limit. 85/2643 dets above inv var limit.
[2025-12-04 21:46:44.537] [citlali_logger] [info] array 1 iter 0: 10/857 dets below inv var limit. 9/857 dets above inv var limit.
[2025-12-04 21:46:44.568] [citlali_logger] [info] array 2 iter 0: 2/847 dets below inv var limit. 1/847 dets above inv var limit.
[2025-12-04 21:46:44.575] [citlali_logger] [info] removed 105/5850 (1.7948719%) unflagged tones closer than 60 kHz
[2025-12-04 21:46:44.584] [citlali_logger] [info] processed time chunk processing for scan 6
[2025-12-04 21:46:44.658] [citlali_logger] [info] PCA cov: n_dets 545 denom[min,max]=[1,1830]
[2025-12-04 21:46:44.678] [citlali_logger] [info] PCA evals (top 5 of 20): (5,1)[4.52299e+07, 4.25279e+06, 1.47235e+06, 1.27445e+06, 927469]
[2025-12-04 21:46:44.726] [citlali_logger] [info] cleaning nw 4
[2025-12-04 21:46:44.829] [citlali_logger] [info] cleaning
[2025-12-04 21:46:44.830] [citlali_logger] [info] cleaning nw 0
[2025-12-04 21:46:45.027] [citlali_logger] [info] PCA cov: n_dets 475 denom[min,max]=[1,1830]
[2025-12-04 21:46:45.045] [citlali_logger] [info] PCA evals (top 5 of 20): (5,1)[8.39367e+06, 1.73442e+06, 1.44355e+06, 1.09125e+06, 968975]
[2025-12-04 21:46:45.117] [citlali_logger] [info] cleaning nw 9
[2025-12-04 21:46:45.199] [citlali_logger] [info] PCA cov: n_dets 536 denom[min,max]=[1,1830]
[2025-12-04 21:46:45.206] [citlali_logger] [info] PCA cov: n_dets 647 denom[min,max]=[1,1830]
[2025-12-04 21:46:45.216] [citlali_logger] [info] PCA evals (top 5 of 20): (5,1)[4.12714e+07, 3.68435e+06, 1.31623e+06, 895953, 849895]
[2025-12-04 21:46:45.231] [citlali_logger] [info] PCA evals (top 5 of 20): (5,1)[3.06016e+08, 1.6378e+07, 1.90629e+06, 1.68239e+06, 1.23854e+06]
[2025-12-04 21:46:45.287] [citlali_logger] [info] cleaning nw 5
[2025-12-04 21:46:45.338] [citlali_logger] [info] cleaning nw 1
[2025-12-04 21:46:45.746] [citlali_logger] [info] PCA cov: n_dets 514 denom[min,max]=[1,1830]
[2025-12-04 21:46:45.761] [citlali_logger] [info] PCA evals (top 5 of 20): (5,1)[2.18821e+08, 9.0662e+06, 2.50318e+06, 2.03492e+06, 927551]
[2025-12-04 21:46:45.769] [citlali_logger] [info] PCA cov: n_dets 506 denom[min,max]=[1,1830]
[2025-12-04 21:46:45.784] [citlali_logger] [info] PCA evals (top 5 of 20): (5,1)[1.53194e+08, 1.15655e+07, 3.21679e+06, 2.2415e+06, 1.89082e+06]
[2025-12-04 21:46:45.810] [citlali_logger] [info] cleaning nw 2
[2025-12-04 21:46:45.830] [citlali_logger] [info] cleaning nw 6
[2025-12-04 21:46:45.834] [citlali_logger] [info] PCA cov: n_dets 526 denom[min,max]=[1,1830]
[2025-12-04 21:46:45.866] [citlali_logger] [info] PCA evals (top 5 of 20): (5,1)[1.60222e+07, 1.78476e+06, 998893, 757036, 527486]
[2025-12-04 21:46:45.868] [citlali_logger] [info] PCA cov: n_dets 168 denom[min,max]=[1,1830]
[2025-12-04 21:46:45.874] [citlali_logger] [info] PCA evals (top 5 of 20): (5,1)[2.12892e+07, 1.3545e+06, 722220, 630160, 546622]
[2025-12-04 21:46:45.889] [citlali_logger] [info] cleaning nw 7
[2025-12-04 21:46:45.937] [citlali_logger] [info] cleaning nw 11
[2025-12-04 21:46:46.094] [citlali_logger] [info] PCA cov: n_dets 376 denom[min,max]=[1,1830]
[2025-12-04 21:46:46.114] [citlali_logger] [info] PCA evals (top 5 of 20): (5,1)[5.35013e+06, 2.39611e+06, 1.20186e+06, 713396, 531954]
[2025-12-04 21:46:46.161] [citlali_logger] [info] cleaning nw 8
[2025-12-04 21:46:46.231] [citlali_logger] [info] PCA cov: n_dets 516 denom[min,max]=[1,1830]
[2025-12-04 21:46:46.247] [citlali_logger] [info] PCA evals (top 5 of 20): (5,1)[2.42313e+08, 1.17171e+07, 5.57215e+06, 3.55867e+06, 2.733e+06]
[2025-12-04 21:46:46.293] [citlali_logger] [info] cleaning nw 3
[2025-12-04 21:46:46.515] [citlali_logger] [info] PCA cov: n_dets 473 denom[min,max]=[1,1830]
[2025-12-04 21:46:46.544] [citlali_logger] [info] PCA evals (top 5 of 20): (5,1)[2.57796e+07, 2.4312e+06, 1.98696e+06, 726321, 592612]
[2025-12-04 21:46:46.599] [citlali_logger] [info] PCA cov: n_dets 475 denom[min,max]=[1,1830]
[2025-12-04 21:46:46.614] [citlali_logger] [info] PCA evals (top 5 of 20): (5,1)[3.62618e+06, 2.36977e+06, 1.45633e+06, 1.16555e+06, 891264]
[2025-12-04 21:46:46.636] [citlali_logger] [info] cleaning nw 12
[2025-12-04 21:46:46.653] [citlali_logger] [info] cleaning nw 9
[2025-12-04 21:46:46.830] [citlali_logger] [info] PCA cov: n_dets 545 denom[min,max]=[1,1830]
[2025-12-04 21:46:46.846] [citlali_logger] [info] PCA evals (top 5 of 20): (5,1)[1.57512e+08, 3.91639e+06, 2.46062e+06, 1.21223e+06, 860761]
[2025-12-04 21:46:46.896] [citlali_logger] [info] cleaning nw 4
[2025-12-04 21:46:47.088] [citlali_logger] [info] PCA cov: n_dets 526 denom[min,max]=[1,1830]
[2025-12-04 21:46:47.106] [citlali_logger] [info] PCA evals (top 5 of 20): (5,1)[6.33131e+06, 1.75383e+06, 821853, 803288, 427714]
[2025-12-04 21:46:47.175] [citlali_logger] [info] cleaning nw 11
[2025-12-04 21:46:47.327] [citlali_logger] [info] PCA cov: n_dets 536 denom[min,max]=[1,1830]
[2025-12-04 21:46:47.342] [citlali_logger] [info] PCA evals (top 5 of 20): (5,1)[1.34285e+08, 3.16897e+06, 1.97609e+06, 1.06011e+06, 850695]
[2025-12-04 21:46:47.386] [citlali_logger] [info] cleaning nw 5
[2025-12-04 21:46:47.470] [citlali_logger] [info] PCA cov: n_dets 568 denom[min,max]=[1,1830]
[2025-12-04 21:46:47.499] [citlali_logger] [info] PCA evals (top 5 of 20): (5,1)[3.79144e+07, 1.33949e+06, 630791, 513314, 357549]
[2025-12-04 21:46:47.575] [citlali_logger] [info] removing outlier dets
[2025-12-04 21:46:47.585] [citlali_logger] [info] PCA cov: n_dets 473 denom[min,max]=[1,1830]
[2025-12-04 21:46:47.593] [citlali_logger] [info] citlali progress ................                                                           [ 22%]
[2025-12-04 21:46:47.606] [citlali_logger] [info] PCA evals (top 5 of 20): (5,1)[1.76218e+07, 5.84856e+06, 1.99784e+06, 685544, 463103]
[2025-12-04 21:46:47.616] [citlali_logger] [info] starting scan 10. 0/50 scans completed
[2025-12-04 21:46:47.616] [citlali_logger] [info] raw time chunk processing for scan 10
[2025-12-04 21:46:47.649] [citlali_logger] [info] array 0 iter 0: 0/2467 dets below inv var limit. 18/2467 dets above inv var limit.
[2025-12-04 21:46:47.665] [citlali_logger] [info] cleaning nw 12
[2025-12-04 21:46:47.672] [citlali_logger] [info] array 1 iter 0: 0/827 dets below inv var limit. 17/827 dets above inv var limit.
[2025-12-04 21:46:47.709] [citlali_logger] [info] array 2 iter 0: 0/842 dets below inv var limit. 9/842 dets above inv var limit.
[2025-12-04 21:46:47.711] [citlali_logger] [info] calculating weights
[2025-12-04 21:46:47.720] [citlali_logger] [info] array 0 had 47 outlier weights
[2025-12-04 21:46:47.720] [citlali_logger] [info] array 0: 0/2643 dets below weight limit. 0/2643 dets above weight limit.
[2025-12-04 21:46:47.720] [citlali_logger] [info] array 1 had 46 outlier weights
[2025-12-04 21:46:47.720] [citlali_logger] [info] array 1: 3/857 dets below weight limit. 0/857 dets above weight limit.
[2025-12-04 21:46:47.720] [citlali_logger] [info] array 2 had 72 outlier weights
[2025-12-04 21:46:47.721] [citlali_logger] [info] array 2: 2/847 dets below weight limit. 0/847 dets above weight limit.
[2025-12-04 21:46:47.790] [citlali_logger] [info] PCA cov: n_dets 506 denom[min,max]=[1,1830]
[2025-12-04 21:46:47.805] [citlali_logger] [info] PCA evals (top 5 of 20): (5,1)[4.66047e+08, 1.67091e+07, 1.24066e+07, 5.41923e+06, 3.98818e+06]
[2025-12-04 21:46:47.862] [citlali_logger] [info] cleaning nw 6
[2025-12-04 21:46:47.924] [citlali_logger] [info] PCA cov: n_dets 168 denom[min,max]=[1,1830]
[2025-12-04 21:46:47.934] [citlali_logger] [info] PCA evals (top 5 of 20): (5,1)[6.16587e+07, 2.49262e+07, 1.64133e+06, 743656, 570790]
[2025-12-04 21:46:47.950] [citlali_logger] [info] cleaning nw 7
[2025-12-04 21:46:48.076] [citlali_logger] [info] populating maps
[2025-12-04 21:46:48.214] [citlali_logger] [info] PCA cov: n_dets 376 denom[min,max]=[1,1830]
[2025-12-04 21:46:48.222] [citlali_logger] [info] PCA evals (top 5 of 20): (5,1)[9.16549e+06, 4.02779e+06, 1.80605e+06, 1.18431e+06, 321073]
[2025-12-04 21:46:48.250] [citlali_logger] [info] cleaning nw 8
[2025-12-04 21:46:48.312] [citlali_logger] [warning] ensure filter freq_high_Hz 16 Hz is below Nyquist of downsampled rate 0
[2025-12-04 21:46:48.381] [citlali_logger] [info] PCA cov: n_dets 568 denom[min,max]=[1,1830]
[2025-12-04 21:46:48.409] [citlali_logger] [info] PCA evals (top 5 of 20): (5,1)[2.24961e+07, 3.04192e+06, 653187, 495455, 336948]
[2025-12-04 21:46:48.493] [citlali_logger] [info] removing outlier dets
[2025-12-04 21:46:48.567] [citlali_logger] [info] array 0 iter 0: 0/2467 dets below inv var limit. 15/2467 dets above inv var limit.
[2025-12-04 21:46:48.591] [citlali_logger] [info] array 1 iter 0: 0/822 dets below inv var limit. 13/822 dets above inv var limit.
[2025-12-04 21:46:48.616] [citlali_logger] [info] array 2 iter 0: 0/842 dets below inv var limit. 12/842 dets above inv var limit.
[2025-12-04 21:46:48.634] [citlali_logger] [info] calculating weights
[2025-12-04 21:46:48.636] [citlali_logger] [info] array 0 had 47 outlier weights
[2025-12-04 21:46:48.636] [citlali_logger] [info] array 0: 0/2643 dets below weight limit. 0/2643 dets above weight limit.
[2025-12-04 21:46:48.636] [citlali_logger] [info] array 1 had 46 outlier weights
[2025-12-04 21:46:48.636] [citlali_logger] [info] array 1: 3/857 dets below weight limit. 0/857 dets above weight limit.
[2025-12-04 21:46:48.636] [citlali_logger] [info] array 2 had 72 outlier weights
[2025-12-04 21:46:48.636] [citlali_logger] [info] array 2: 2/847 dets below weight limit. 0/847 dets above weight limit.
[2025-12-04 21:46:48.641] [citlali_logger] [info] PCA cov: n_dets 475 denom[min,max]=[1,1830]
[2025-12-04 21:46:48.666] [citlali_logger] [info] PCA evals (top 5 of 20): (5,1)[1.1387e+07, 1.67332e+06, 1.41759e+06, 1.03838e+06, 960739]
[2025-12-04 21:46:48.718] [citlali_logger] [info] removed 1503 detectors flagged in APT table (25.692308%)
[2025-12-04 21:46:48.718] [citlali_logger] [info] removing outlier dets
[2025-12-04 21:46:48.732] [citlali_logger] [info] cleaning nw 9
[2025-12-04 21:46:48.769] [citlali_logger] [info] array 0 iter 0: 24/2643 dets below inv var limit. 83/2643 dets above inv var limit.
[2025-12-04 21:46:48.785] [citlali_logger] [info] array 1 iter 0: 10/857 dets below inv var limit. 9/857 dets above inv var limit.
[2025-12-04 21:46:48.802] [citlali_logger] [info] array 2 iter 0: 3/847 dets below inv var limit. 3/847 dets above inv var limit.
[2025-12-04 21:46:48.809] [citlali_logger] [info] removed 105/5850 (1.7948719%) unflagged tones closer than 60 kHz
[2025-12-04 21:46:48.811] [citlali_logger] [info] processed time chunk processing for scan 7
[2025-12-04 21:46:48.975] [citlali_logger] [info] cleaning
[2025-12-04 21:46:48.976] [citlali_logger] [info] cleaning nw 0
[2025-12-04 21:46:49.019] [citlali_logger] [info] populating maps
[2025-12-04 21:46:49.220] [citlali_logger] [info] PCA cov: n_dets 526 denom[min,max]=[1,1830]
[2025-12-04 21:46:49.235] [citlali_logger] [info] PCA evals (top 5 of 20): (5,1)[2.54459e+07, 1.5662e+06, 1.05701e+06, 606499, 453455]
[2025-12-04 21:46:49.288] [citlali_logger] [info] cleaning nw 11
[2025-12-04 21:46:49.773] [citlali_logger] [info] PCA cov: n_dets 473 denom[min,max]=[1,1830]
[2025-12-04 21:46:49.794] [citlali_logger] [info] PCA evals (top 5 of 20): (5,1)[6.2362e+07, 5.11137e+06, 2.00132e+06, 872340, 643627]
[2025-12-04 21:46:49.850] [citlali_logger] [info] cleaning nw 12
[2025-12-04 21:46:49.906] [citlali_logger] [info] PCA cov: n_dets 647 denom[min,max]=[1,1830]
[2025-12-04 21:46:49.939] [citlali_logger] [info] PCA evals (top 5 of 20): (5,1)[1.07399e+08, 1.15131e+07, 3.23323e+06, 2.70223e+06, 1.1108e+06]
[2025-12-04 21:46:50.027] [citlali_logger] [info] cleaning nw 1
[2025-12-04 21:46:50.521] [citlali_logger] [info] PCA cov: n_dets 514 denom[min,max]=[1,1830]
[2025-12-04 21:46:50.540] [citlali_logger] [info] PCA cov: n_dets 568 denom[min,max]=[1,1830]
[2025-12-04 21:46:50.543] [citlali_logger] [info] PCA evals (top 5 of 20): (5,1)[6.49284e+07, 3.32918e+06, 2.53698e+06, 1.90069e+06, 834819]
[2025-12-04 21:46:50.566] [citlali_logger] [info] PCA evals (top 5 of 20): (5,1)[9.77288e+07, 3.79575e+06, 618197, 521696, 410492]
[2025-12-04 21:46:50.613] [citlali_logger] [info] cleaning nw 2
[2025-12-04 21:46:50.642] [citlali_logger] [info] removing outlier dets
[2025-12-04 21:46:50.732] [citlali_logger] [info] array 0 iter 0: 0/2460 dets below inv var limit. 21/2460 dets above inv var limit.
[2025-12-04 21:46:50.768] [citlali_logger] [info] array 1 iter 0: 0/825 dets below inv var limit. 14/825 dets above inv var limit.
[2025-12-04 21:46:50.787] [citlali_logger] [info] array 2 iter 0: 0/842 dets below inv var limit. 11/842 dets above inv var limit.
[2025-12-04 21:46:50.796] [citlali_logger] [info] calculating weights
[2025-12-04 21:46:50.805] [citlali_logger] [info] array 0 had 47 outlier weights
[2025-12-04 21:46:50.808] [citlali_logger] [info] array 0: 0/2643 dets below weight limit. 0/2643 dets above weight limit.
[2025-12-04 21:46:50.809] [citlali_logger] [info] array 1 had 46 outlier weights
[2025-12-04 21:46:50.809] [citlali_logger] [info] array 1: 3/857 dets below weight limit. 0/857 dets above weight limit.
[2025-12-04 21:46:50.809] [citlali_logger] [info] array 2 had 72 outlier weights
[2025-12-04 21:46:50.809] [citlali_logger] [info] array 2: 2/847 dets below weight limit. 0/847 dets above weight limit.
[2025-12-04 21:46:51.266] [citlali_logger] [info] citlali progress ..................                                                         [ 24%]
[2025-12-04 21:46:51.304] [citlali_logger] [info] starting scan 11. 0/50 scans completed
[2025-12-04 21:46:51.304] [citlali_logger] [info] raw time chunk processing for scan 11
[2025-12-04 21:46:51.337] [citlali_logger] [info] PCA cov: n_dets 516 denom[min,max]=[1,1830]
[2025-12-04 21:46:51.362] [citlali_logger] [info] PCA evals (top 5 of 20): (5,1)[9.03133e+07, 1.18956e+07, 6.34994e+06, 5.7312e+06, 5.23238e+06]
[2025-12-04 21:46:51.386] [citlali_logger] [info] populating maps
[2025-12-04 21:46:51.456] [citlali_logger] [info] cleaning nw 3
[2025-12-04 21:46:52.119] [citlali_logger] [info] PCA cov: n_dets 545 denom[min,max]=[1,1830]
[2025-12-04 21:46:52.135] [citlali_logger] [info] PCA evals (top 5 of 20): (5,1)[7.5499e+07, 7.40766e+06, 2.99855e+06, 1.44049e+06, 925819]
[2025-12-04 21:46:52.179] [citlali_logger] [info] cleaning nw 4
[2025-12-04 21:46:52.590] [citlali_logger] [info] PCA cov: n_dets 536 denom[min,max]=[1,1830]
[2025-12-04 21:46:52.610] [citlali_logger] [info] PCA evals (top 5 of 20): (5,1)[6.62878e+07, 6.70333e+06, 1.95327e+06, 1.55176e+06, 1.15564e+06]
[2025-12-04 21:46:52.655] [citlali_logger] [info] cleaning nw 5
[2025-12-04 21:46:52.964] [citlali_logger] [warning] ensure filter freq_high_Hz 16 Hz is below Nyquist of downsampled rate 0
[2025-12-04 21:46:53.091] [citlali_logger] [info] PCA cov: n_dets 506 denom[min,max]=[1,1830]
[2025-12-04 21:46:53.120] [citlali_logger] [info] PCA evals (top 5 of 20): (5,1)[2.32508e+08, 2.46442e+07, 1.37313e+07, 7.82733e+06, 2.62052e+06]
[2025-12-04 21:46:53.208] [citlali_logger] [info] cleaning nw 6
[2025-12-04 21:46:53.282] [citlali_logger] [info] PCA cov: n_dets 168 denom[min,max]=[1,1830]
[2025-12-04 21:46:53.284] [citlali_logger] [info] PCA evals (top 5 of 20): (5,1)[3.30528e+07, 3.60172e+06, 681792, 627639, 515822]
[2025-12-04 21:46:53.299] [citlali_logger] [info] cleaning nw 7
[2025-12-04 21:46:53.467] [citlali_logger] [info] removed 1503 detectors flagged in APT table (25.692308%)
[2025-12-04 21:46:53.467] [citlali_logger] [info] removing outlier dets
[2025-12-04 21:46:53.515] [citlali_logger] [info] array 0 iter 0: 22/2643 dets below inv var limit. 77/2643 dets above inv var limit.
[2025-12-04 21:46:53.532] [citlali_logger] [info] array 1 iter 0: 9/857 dets below inv var limit. 12/857 dets above inv var limit.
[2025-12-04 21:46:53.547] [citlali_logger] [info] array 2 iter 0: 2/847 dets below inv var limit. 1/847 dets above inv var limit.
[2025-12-04 21:46:53.553] [citlali_logger] [info] removed 105/5850 (1.7948719%) unflagged tones closer than 60 kHz
[2025-12-04 21:46:53.560] [citlali_logger] [info] processed time chunk processing for scan 8
[2025-12-04 21:46:53.617] [citlali_logger] [info] PCA cov: n_dets 376 denom[min,max]=[1,1830]
[2025-12-04 21:46:53.626] [citlali_logger] [info] PCA evals (top 5 of 20): (5,1)[1.13959e+07, 3.665e+06, 1.35258e+06, 387187, 358874]
[2025-12-04 21:46:53.674] [citlali_logger] [info] cleaning nw 8
[2025-12-04 21:46:53.762] [citlali_logger] [info] cleaning
[2025-12-04 21:46:53.766] [citlali_logger] [info] cleaning nw 0
[2025-12-04 21:46:54.188] [citlali_logger] [info] PCA cov: n_dets 475 denom[min,max]=[1,1830]
[2025-12-04 21:46:54.218] [citlali_logger] [info] PCA evals (top 5 of 20): (5,1)[9.98769e+06, 2.20587e+06, 1.55211e+06, 1.17883e+06, 954186]
[2025-12-04 21:46:54.271] [citlali_logger] [info] cleaning nw 9
[2025-12-04 21:46:54.836] [citlali_logger] [info] citlali progress ...................                                                        [ 26%]
[2025-12-04 21:46:54.865] [citlali_logger] [info] starting scan 12. 0/50 scans completed
[2025-12-04 21:46:54.865] [citlali_logger] [info] raw time chunk processing for scan 12
[2025-12-04 21:46:54.868] [citlali_logger] [info] PCA cov: n_dets 647 denom[min,max]=[1,1830]
[2025-12-04 21:46:54.890] [citlali_logger] [info] PCA evals (top 5 of 20): (5,1)[3.43199e+07, 1.48809e+07, 2.76972e+06, 2.02352e+06, 1.21533e+06]
[2025-12-04 21:46:54.904] [citlali_logger] [info] PCA cov: n_dets 526 denom[min,max]=[1,1830]
[2025-12-04 21:46:54.945] [citlali_logger] [info] PCA evals (top 5 of 20): (5,1)[1.39053e+07, 3.91376e+06, 1.1097e+06, 662357, 565538]
[2025-12-04 21:46:54.948] [citlali_logger] [info] cleaning nw 1
[2025-12-04 21:46:55.012] [citlali_logger] [info] cleaning nw 11
[2025-12-04 21:46:55.450] [citlali_logger] [info] PCA cov: n_dets 514 denom[min,max]=[1,1830]
[2025-12-04 21:46:55.475] [citlali_logger] [info] PCA evals (top 5 of 20): (5,1)[2.56071e+07, 3.72171e+06, 2.53869e+06, 2.01926e+06, 1.25066e+06]
[2025-12-04 21:46:55.516] [citlali_logger] [info] PCA cov: n_dets 473 denom[min,max]=[1,1830]
[2025-12-04 21:46:55.530] [citlali_logger] [info] PCA evals (top 5 of 20): (5,1)[5.90222e+06, 3.79169e+06, 808997, 793883, 631881]
[2025-12-04 21:46:55.548] [citlali_logger] [info] cleaning nw 2
[2025-12-04 21:46:55.573] [citlali_logger] [info] cleaning nw 12
[2025-12-04 21:46:56.137] [citlali_logger] [info] PCA cov: n_dets 516 denom[min,max]=[1,1830]
[2025-12-04 21:46:56.149] [citlali_logger] [warning] ensure filter freq_high_Hz 16 Hz is below Nyquist of downsampled rate 0
[2025-12-04 21:46:56.160] [citlali_logger] [info] PCA evals (top 5 of 20): (5,1)[2.77078e+07, 5.84142e+06, 5.18051e+06, 2.90454e+06, 2.05355e+06]
