**
(engineering_conformance.tex
LaTeX2e <2021-11-15> patch level 1
L3 programming layer <2022-02-24> (article.cls
Document Class: article 2021/10/04 v1.4n Standard LaTeX document class
(size10.clo
File: size10.clo 2021/10/04 v1.4n Standard LaTeX file (size option)
)
\c@part=\count181
\c@section=\count182
\c@subsection=\count183
\c@subsubsection=\count184
\c@paragraph=\count185
\c@subparagraph=\count186
\c@figure=\count187
\c@table=\count188
\abovecaptionskip=\skip47
\belowcaptionskip=\skip48
\bibindent=\dimen138
) (geometry.sty
Package: geometry 2020/01/02 v5.9 Page Geometry
 (keyval.sty
Package: keyval 2014/10/28 v1.15 key=value parser (DPC)
\KV@toks@=\toks16
) (ifvtex.sty
Package: ifvtex 2019/10/25 v1.7 ifvtex legacy package. Use iftex instead.
 (iftex.sty
Package: iftex 2022/02/03 v1.0f TeX engine tests
))
\Gm@cnth=\count189
\Gm@cntv=\count190
\c@Gm@tempcnt=\count191
\Gm@bindingoffset=\dimen139
\Gm@wd@mp=\dimen140
\Gm@odd@mp=\dimen141
\Gm@even@mp=\dimen142
\Gm@layoutwidth=\dimen143
\Gm@layoutheight=\dimen144
\Gm@layouthoffset=\dimen145
\Gm@layoutvoffset=\dimen146
\Gm@dimlist=\toks17
) (amsmath.sty
Package: amsmath 2021/10/15 v2.17l AMS math features
\@mathmargin=\skip49
For additional information on amsmath, use the `?' option.
(amstext.sty
Package: amstext 2021/08/26 v2.01 AMS text
 (amsgen.sty
File: amsgen.sty 1999/11/30 v2.0 generic functions
\@emptytoks=\toks18
\ex@=\dimen147
)) (amsbsy.sty
Package: amsbsy 1999/11/29 v1.2d Bold Symbols
\pmbraise@=\dimen148
) (amsopn.sty
Package: amsopn 2021/08/26 v2.02 operator names
)
\inf@bad=\count192
LaTeX Info: Redefining \frac on input line 234.
\uproot@=\count193
\leftroot@=\count194
LaTeX Info: Redefining \overline on input line 399.
\classnum@=\count195
\DOTSCASE@=\count196
LaTeX Info: Redefining \ldots on input line 496.
LaTeX Info: Redefining \dots on input line 499.
LaTeX Info: Redefining \cdots on input line 620.
\Mathstrutbox@=\box50
\strutbox@=\box51
\big@size=\dimen149
LaTeX Font Info:    Redeclaring font encoding OML on input line 743.
LaTeX Font Info:    Redeclaring font encoding OMS on input line 744.
\macc@depth=\count197
\c@MaxMatrixCols=\count198
\dotsspace@=\muskip16
\c@parentequation=\count199
\dspbrk@lvl=\count266
\tag@help=\toks19
\row@=\count267
\column@=\count268
\maxfields@=\count269
\andhelp@=\toks20
\eqnshift@=\dimen150
\alignsep@=\dimen151
\tagshift@=\dimen152
\tagwidth@=\dimen153
\totwidth@=\dimen154
\lineht@=\dimen155
\@envbody=\toks21
\multlinegap=\skip50
\multlinetaggap=\skip51
\mathdisplay@stack=\toks22
LaTeX Info: Redefining \[ on input line 2938.
LaTeX Info: Redefining \] on input line 2939.
) (amssymb.sty
Package: amssymb 2013/01/14 v3.01 AMS font symbols

(amsfonts.sty
Package: amsfonts 2013/01/14 v3.01 Basic AMSFonts support
\symAMSa=\mathgroup4
\symAMSb=\mathgroup5
LaTeX Font Info:    Redeclaring math symbol \hbar on input line 98.
LaTeX Font Info:    Overwriting math alphabet `\mathfrak' in version `bold'
(Font)                  U/euf/m/n --> U/euf/b/n on input line 106.
)) (booktabs.sty
Package: booktabs 2020/01/12 v1.61803398 Publication quality tables
\heavyrulewidth=\dimen156
\lightrulewidth=\dimen157
\cmidrulewidth=\dimen158
\belowrulesep=\dimen159
\belowbottomsep=\dimen160
\aboverulesep=\dimen161
\abovetopsep=\dimen162
\cmidrulesep=\dimen163
\cmidrulekern=\dimen164
\defaultaddspace=\dimen165
\@cmidla=\count270
\@cmidlb=\count271
\@aboverulesep=\dimen166
\@belowrulesep=\dimen167
\@thisruleclass=\count272
\@lastruleclass=\count273
\@thisrulewidth=\dimen168
) (longtable.sty
Package: longtable 2021-09-01 v4.17 Multi-page Table package (DPC)
\LTleft=\skip52
\LTright=\skip53
\LTpre=\skip54
\LTpost=\skip55
\LTchunksize=\count274
\LTcapwidth=\dimen169
\LT@head=\box52
\LT@firsthead=\box53
\LT@foot=\box54
\LT@lastfoot=\box55
\LT@gbox=\box56
\LT@cols=\count275
\LT@rows=\count276
\c@LT@tables=\count277
\c@LT@chunks=\count278
\LT@p@ftn=\toks23
) (array.sty
Package: array 2021/10/04 v2.5f Tabular extension package (FMi)
\col@sep=\dimen170
\ar@mcellbox=\box57
\extrarowheight=\dimen171
\NC@list=\toks24
\extratabsurround=\skip56
\backup@length=\skip57
\ar@cellbox=\box58
) (hyperref.sty
Package: hyperref 2022-02-21 v7.00n Hypertext links for LaTeX

(ltxcmds.sty
Package: ltxcmds 2020-05-10 v1.25 LaTeX kernel commands for general use (HO)
) (pdftexcmds.sty
Package: pdftexcmds 2020-06-27 v0.33 Utility functions of pdfTeX for LuaTeX (HO
)
 (infwarerr.sty
Package: infwarerr 2019/12/03 v1.5 Providing info/warning/error messages (HO)
)
Package pdftexcmds Info: \pdf@primitive is available.
Package pdftexcmds Info: \pdf@ifprimitive is available.
Package pdftexcmds Info: \pdfdraftmode not found.
) (kvsetkeys.sty
Package: kvsetkeys 2019/12/15 v1.18 Key value parser (HO)
)
(kvdefinekeys.sty
Package: kvdefinekeys 2019-12-19 v1.6 Define keys (HO)
) (pdfescape.sty
Package: pdfescape 2019/12/09 v1.15 Implements pdfTeX's escape features (HO)
) (hycolor.sty
Package: hycolor 2020-01-27 v1.10 Color options for hyperref/bookmark (HO)
) (letltxmacro.sty
Package: letltxmacro 2019/12/03 v1.6 Let assignment for LaTeX macros (HO)
) (auxhook.sty
Package: auxhook 2019-12-17 v1.6 Hooks for auxiliary files (HO)
) (kvoptions.sty
Package: kvoptions 2020-10-07 v3.14 Key value format for package options (HO)
)
\@linkdim=\dimen172
\Hy@linkcounter=\count279
\Hy@pagecounter=\count280
 (pd1enc.def
File: pd1enc.def 2022-02-21 v7.00n Hyperref: PDFDocEncoding definition (HO)
) (intcalc.sty
Package: intcalc 2019/12/15 v1.3 Expandable calculations with integers (HO)
) (etexcmds.sty
Package: etexcmds 2019/12/15 v1.7 Avoid name clashes with e-TeX commands (HO)
)
\Hy@SavedSpaceFactor=\count281
 (puenc.def
File: puenc.def 2022-02-21 v7.00n Hyperref: PDF Unicode definition (HO)
)
Package hyperref Info: Hyper figures OFF on input line 4137.
Package hyperref Info: Link nesting OFF on input line 4142.
Package hyperref Info: Hyper index ON on input line 4145.
Package hyperref Info: Plain pages OFF on input line 4152.
Package hyperref Info: Backreferencing OFF on input line 4157.
Package hyperref Info: Implicit mode ON; LaTeX internals redefined.
Package hyperref Info: Bookmarks ON on input line 4390.
\c@Hy@tempcnt=\count282

(url.sty
\Urlmuskip=\muskip17
Package: url 2013/09/16  ver 3.4  Verb mode for urls, etc.
)
LaTeX Info: Redefining \url on input line 4749.
\XeTeXLinkMargin=\dimen173
 (bitset.sty
Package: bitset 2019/12/09 v1.3 Handle bit-vector datatype (HO)
 (bigintcalc.sty
Package: bigintcalc 2019/12/15 v1.5 Expandable calculations on big integers (HO
)
))
\Fld@menulength=\count283
\Field@Width=\dimen174
\Fld@charsize=\dimen175
Package hyperref Info: Hyper figures OFF on input line 6027.
Package hyperref Info: Link nesting OFF on input line 6032.
Package hyperref Info: Hyper index ON on input line 6035.
Package hyperref Info: backreferencing OFF on input line 6042.
Package hyperref Info: Link coloring OFF on input line 6047.
Package hyperref Info: Link coloring with OCG OFF on input line 6052.
Package hyperref Info: PDF/A mode OFF on input line 6057.
LaTeX Info: Redefining \ref on input line 6097.
LaTeX Info: Redefining \pageref on input line 6101.
 (atbegshi-ltx.sty
Package: atbegshi-ltx 2021/01/10 v1.0c Emulation of the original atbegshi
package with kernel methods
)
\Hy@abspage=\count284
\c@Item=\count285
\c@Hfootnote=\count286
)
Package hyperref Info: Driver (autodetected): hxetex.
 (hxetex.def
File: hxetex.def 2022-02-21 v7.00n Hyperref driver for XeTeX

(stringenc.sty
Package: stringenc 2019/11/29 v1.12 Convert strings between diff. encodings (HO
)
)
\pdfm@box=\box59
\c@Hy@AnnotLevel=\count287
\HyField@AnnotCount=\count288
\Fld@listcount=\count289
\c@bookmark@seq@number=\count290
 (rerunfilecheck.sty
Package: rerunfilecheck 2019/12/05 v1.9 Rerun checks for auxiliary files (HO)
 (atveryend-ltx.sty
Package: atveryend-ltx 2020/08/19 v1.0a Emulation of the original atveryend pac
kage
with kernel methods
) (uniquecounter.sty
Package: uniquecounter 2019/12/15 v1.4 Provide unlimited unique counter (HO)
)
Package uniquecounter Info: New unique counter `rerunfilecheck' on input line 2
86.
)
\Hy@SectionHShift=\skip58
)
(l3backend-xetex.def
File: l3backend-xetex.def 2022-02-07 L3 backend support: XeTeX
\c__kernel_sys_dvipdfmx_version_int=\count291
\l__color_backend_stack_int=\count292
\g__color_backend_stack_int=\count293
\g__graphics_track_int=\count294
\l__pdf_internal_box=\box60
\g__pdf_backend_object_int=\count295
\g__pdf_backend_annotation_int=\count296
\g__pdf_backend_link_int=\count297
) (engineering_conformance.aux)
\openout1 = `engineering_conformance.aux'.

LaTeX Font Info:    Checking defaults for OML/cmm/m/it on input line 29.
LaTeX Font Info:    ... okay on input line 29.
LaTeX Font Info:    Checking defaults for OMS/cmsy/m/n on input line 29.
LaTeX Font Info:    ... okay on input line 29.
LaTeX Font Info:    Checking defaults for OT1/cmr/m/n on input line 29.
LaTeX Font Info:    ... okay on input line 29.
LaTeX Font Info:    Checking defaults for T1/cmr/m/n on input line 29.
LaTeX Font Info:    ... okay on input line 29.
LaTeX Font Info:    Checking defaults for TS1/cmr/m/n on input line 29.
LaTeX Font Info:    Trying to load font information for TS1+cmr on input line 2
9.
 (ts1cmr.fd
File: ts1cmr.fd 2019/12/16 v2.5j Standard LaTeX font definitions
)
LaTeX Font Info:    ... okay on input line 29.
LaTeX Font Info:    Checking defaults for TU/lmr/m/n on input line 29.
LaTeX Font Info:    ... okay on input line 29.
LaTeX Font Info:    Checking defaults for OMX/cmex/m/n on input line 29.
LaTeX Font Info:    ... okay on input line 29.
LaTeX Font Info:    Checking defaults for U/cmr/m/n on input line 29.
LaTeX Font Info:    ... okay on input line 29.
LaTeX Font Info:    Checking defaults for PD1/pdf/m/n on input line 29.
LaTeX Font Info:    ... okay on input line 29.
LaTeX Font Info:    Checking defaults for PU/pdf/m/n on input line 29.
LaTeX Font Info:    ... okay on input line 29.

*geometry* driver: auto-detecting
*geometry* detected driver: xetex
*geometry* verbose mode - [ preamble ] result:
* driver: xetex
* paper: <default>
* layout: <same size as paper>
* layoutoffset:(h,v)=(0.0pt,0.0pt)
* modes: 
* h-part:(L,W,R)=(43.36243pt, 527.57014pt, 43.36243pt)
* v-part:(T,H,B)=(43.36243pt, 708.24513pt, 43.36243pt)
* \paperwidth=614.295pt
* \paperheight=794.96999pt
* \textwidth=527.57014pt
* \textheight=708.24513pt
* \oddsidemargin=-28.90756pt
* \evensidemargin=-28.90756pt
* \topmargin=-65.90756pt
* \headheight=13.0pt
* \headsep=25.0pt
* \topskip=10.0pt
* \footskip=30.0pt
* \marginparwidth=65.0pt
* \marginparsep=11.0pt
* \columnsep=10.0pt
* \skip\footins=9.0pt plus 4.0pt minus 2.0pt
* \hoffset=0.0pt
* \voffset=0.0pt
* \mag=1000
* \@twocolumnfalse
* \@twosidefalse
* \@mparswitchfalse
* \@reversemarginfalse
* (1in=72.27pt=25.4mm, 1cm=28.453pt)

Package hyperref Info: Link coloring OFF on input line 29.
(nameref.sty
Package: nameref 2021-04-02 v2.47 Cross-referencing by name of section
 (refcount.sty
Package: refcount 2019/12/15 v3.6 Data extraction from label references (HO)
) (gettitlestring.sty
Package: gettitlestring 2019/12/15 v1.6 Cleanup title references (HO)
)
\c@section@level=\count298
)
LaTeX Info: Redefining \ref on input line 29.
LaTeX Info: Redefining \pageref on input line 29.
LaTeX Info: Redefining \nameref on input line 29.
 (engineering_conformance.out) (engineering_conformance.out)
\@outlinefile=\write3
\openout3 = `engineering_conformance.out'.

LaTeX Font Info:    Trying to load font information for U+msa on input line 52.

 (umsa.fd
File: umsa.fd 2013/01/14 v3.01 AMS symbols A
)
LaTeX Font Info:    Trying to load font information for U+msb on input line 52.

 (umsb.fd
File: umsb.fd 2013/01/14 v3.01 AMS symbols B
) (common_core.tex
(common/notation.tex) (common/definitions.tex [1

]
Underfull \hbox (badness 10000) in paragraph at lines 99--102
[]|\TU/lmr/m/n/10 Registry $[][][][][][][][] [] [][][][][][][][] [] [][][][][][
][][] [] [][][][][][][][][][][][] [] [][][][][][][][] [] []$; family
 []


Underfull \hbox (badness 1210) in paragraph at lines 99--102
\TU/lmr/m/n/10 posed actual human owner is Grant Wilson acting for SCI-PTC, pen
ding
 []

[2]
Underfull \hbox (badness 10000) in paragraph at lines 148--154
[]\TU/lmr/m/n/10 It explicitly binds the admitted SCI-PTC common named-use frag
ment at exact digest
 []


Underfull \hbox (badness 5008) in paragraph at lines 148--154
[][][][][][][][][][][][][][][][][][][][][][][][][][][][][][][][][][][][][][][][
][][][][][][][][][][][][][][][][][][][][][][][][]$\TU/lmr/m/n/10 . That immutab
le common-fragment
 []


Underfull \hbox (badness 2020) in paragraph at lines 183--186
[]\TU/lmr/m/n/10 The lineage $\OML/cmm/m/it/10 L[]$ \TU/lmr/m/n/10 one-way link
s the exact requested, effective-policy, observation-resolved, selected, coeffi
cient-
 []


Underfull \hbox (badness 10000) in paragraph at lines 214--217
[]|$\OT1/cmr/bx/n/10 U$\TU/lmr/m/n/10 : value evidence ab-
 []


Underfull \hbox (badness 7012) in paragraph at lines 214--217
\TU/lmr/m/n/10 sent/unavailable. $\OT1/cmr/bx/n/10 C$\TU/lmr/m/n/10 : au-
 []


Underfull \hbox (badness 10000) in paragraph at lines 218--221
[]|$\OT1/cmr/bx/n/10 U$\TU/lmr/m/n/10 : unit evidence ab-
 []


Underfull \hbox (badness 2165) in paragraph at lines 218--221
\TU/lmr/m/n/10 sent/unavailable. $\OT1/cmr/bx/n/10 C$\TU/lmr/m/n/10 : same-
 []


Underfull \hbox (badness 7151) in paragraph at lines 221--222
[]|\TU/lmr/m/n/10 Declared decoder succeeds,
 []


Underfull \hbox (badness 6016) in paragraph at lines 221--222
\TU/lmr/m/n/10 publication digest and in-
 []


Underfull \hbox (badness 3815) in paragraph at lines 223--225
[]|\TU/lmr/m/n/10 An authoritative check es-
 []


Underfull \hbox (badness 10000) in paragraph at lines 223--225
\TU/lmr/m/n/10 tablishes digest/integrity
 []


Underfull \hbox (badness 4492) in paragraph at lines 223--225
\TU/lmr/m/n/10 failure, corruption, trunca-
 []


Underfull \hbox (badness 4927) in paragraph at lines 223--225
\TU/lmr/m/n/10 tion, decoder-invalid bytes,
 []


Underfull \hbox (badness 1043) in paragraph at lines 223--225
\TU/lmr/m/n/10 or known unrepresentability,
 []


Underfull \hbox (badness 10000) in paragraph at lines 223--225
\TU/lmr/m/n/10 including corruption that
 []


Underfull \hbox (badness 1975) in paragraph at lines 229--231
[]|\TU/lmr/m/n/10 Stored compact $[]$ exactly
 []


Underfull \hbox (badness 10000) in paragraph at lines 231--233
[]|\TU/lmr/m/n/10 Stored $[]$ names the
 []


Underfull \hbox (badness 10000) in paragraph at lines 231--233
\TU/lmr/m/n/10 wrong support/generation
 []


Underfull \hbox (badness 10000) in paragraph at lines 231--233
\TU/lmr/m/n/10 or mismatches target
 []


Underfull \hbox (badness 10000) in paragraph at lines 231--233
\TU/lmr/m/n/10 source/scope/digest, or a
 []


Underfull \hbox (badness 10000) in paragraph at lines 231--233
\TU/lmr/m/n/10 complete enumerated form
 []


Underfull \hbox (badness 3128) in paragraph at lines 231--233
\TU/lmr/m/n/10 omits, adds, or repeats a
 []


Underfull \hbox (badness 3250) in paragraph at lines 233--237
[]|$\OT1/cmr/bx/n/10 U$\TU/lmr/m/n/10 : stored-reference compari-
 []


Underfull \hbox (badness 3250) in paragraph at lines 233--237
\TU/lmr/m/n/10 son or complete enumeration
 []


Underfull \hbox (badness 10000) in paragraph at lines 233--237
\TU/lmr/m/n/10 payload stored-reference or
 []


Underfull \hbox (badness 4060) in paragraph at lines 233--237
\TU/lmr/m/n/10 membership claims contradict
 []

[3]
Underfull \hbox (badness 1953) in paragraph at lines 265--267
\TU/lmr/m/n/10 bound, its resolved value is exactly $[][][][][][][][] []
 []


Underfull \hbox (badness 1205) in paragraph at lines 267--270
[]|\TU/lmr/m/n/10 Known different value is $\OT1/cmr/bx/n/10 F$ \TU/lmr/m/n/10 
and the re-
 []

[4]) (common/equations.tex [5] [6]
Underfull \hbox (badness 10000) in paragraph at lines 147--149
\TU/lmr/m/n/10 tity/source/generation/scope/digest
 []


Underfull \hbox (badness 10000) in paragraph at lines 158--160
\TU/lmr/m/n/10 occurrence-specific membership/request
 []


Underfull \hbox (badness 3078) in paragraph at lines 165--167
[]|\TU/lmr/m/n/10 Completion of other segments, scans,
 []


Underfull \hbox (badness 1454) in paragraph at lines 168--170
[]|\TU/lmr/m/n/10 A literal population reduction or per-
 []

) (common/assumptions.tex [7] [8]
Underfull \hbox (badness 10000) in paragraph at lines 118--121
[]|\TU/lmr/m/n/10 Shared Registry/source/owner,
 []


Underfull \hbox (badness 10000) in paragraph at lines 118--121
\TU/lmr/m/n/10 selection-record identity, appli-
 []


Underfull \hbox (badness 10000) in paragraph at lines 118--121
\TU/lmr/m/n/10 cation/CAL, authoritative $\OML/cmm/m/it/10 q$\TU/lmr/m/n/10 -to
-$\OML/cmm/m/it/10 g$
 []


Underfull \hbox (badness 2237) in paragraph at lines 118--121
\TU/lmr/m/n/10 conflicting, corrupt, or misbound;
 []


Underfull \hbox (badness 1661) in paragraph at lines 118--121
\TU/lmr/m/n/10 or the authoritative population is
 []


Underfull \hbox (badness 1297) in paragraph at lines 126--127
\TU/lmr/m/n/10 known different selected family or
 []


Underfull \hbox (badness 1478) in paragraph at lines 130--132
[]|\TU/lmr/m/n/10 UQ-05 is $\OT1/cmr/bx/n/10 F$\TU/lmr/m/n/10 ; payload produce
r-invalid;
 []


Underfull \hbox (badness 10000) in paragraph at lines 149--150
[]|\TU/lmr/m/n/10 Advisory response, uncertainty,
 []


Underfull \hbox (badness 6775) in paragraph at lines 149--150
\TU/lmr/m/n/10 or unrelated diagnostic is miss-
 []

[9]) (common/requirements.tex [10] [11]) (common/edge_cases.tex
Underfull \hbox (badness 1400) in paragraph at lines 25--26
[]|\TU/lmr/m/n/10 The same scalar conflict exists, and the inde-
 []


Underfull \hbox (badness 2165) in paragraph at lines 38--40
\TU/lmr/m/n/10 recordable according to its preserved
 []

[12] [13]
Underfull \hbox (badness 1424) in paragraph at lines 122--123
[]|\TU/lmr/m/n/10 Source/Registry identity, algebraic,
 []


Underfull \hbox (badness 10000) in paragraph at lines 127--130
[]|\TU/lmr/m/n/10 UFC-MIX-001–010; named request with
 []


Underfull \hbox (badness 1742) in paragraph at lines 127--130
\TU/lmr/m/n/10 wrong family; permission denial versus un-
 []


Underfull \hbox (badness 10000) in paragraph at lines 130--131
\TU/lmr/m/n/10 provenance, fallback, NOI, and
 []


Underfull \hbox (badness 10000) in paragraph at lines 134--137
[]|\TU/lmr/m/n/10 Algebraic, implementation, representa-
 []


Underfull \hbox (badness 6032) in paragraph at lines 134--137
\TU/lmr/m/n/10 tion/response, observational, and readiness
 []

)) [14] (engineering_conformance.aux)
Package rerunfilecheck Info: File `engineering_conformance.out' has not changed
.
(rerunfilecheck)             Checksum: 80E06E6B59AB373C0DE7AD6CE1A707E3;7067.
 )
Output written on engineering_conformance.xdv (14 pages, 505244 bytes).
