**
(engineering-conformance.tex
LaTeX2e <2021-11-15> patch level 1
L3 programming layer <2022-02-24> (article.cls
Document Class: article 2021/10/04 v1.4n Standard LaTeX document class
(size10.clo
File: size10.clo 2021/10/04 v1.4n Standard LaTeX file (size option)
)
\c@part=\count181
\c@section=\count182
\c@subsection=\count183
\c@subsubsection=\count184
\c@paragraph=\count185
\c@subparagraph=\count186
\c@figure=\count187
\c@table=\count188
\abovecaptionskip=\skip47
\belowcaptionskip=\skip48
\bibindent=\dimen138
) (fontenc.sty
Package: fontenc 2021/04/29 v2.0v Standard LaTeX package
LaTeX Font Info:    Trying to load font information for T1+lmr on input line 11
2.
 (t1lmr.fd
File: t1lmr.fd 2015/05/01 v1.6.1 Font defs for Latin Modern
)) (inputenc.sty
Package: inputenc 2021/02/14 v1.3d Input encoding file
\inpenc@prehook=\toks16
\inpenc@posthook=\toks17


Package inputenc Warning: inputenc package ignored with utf8 based engines.

) (lmodern.sty
Package: lmodern 2015/05/01 v1.6.1 Latin Modern Fonts
LaTeX Font Info:    Overwriting symbol font `operators' in version `normal'
(Font)                  OT1/cmr/m/n --> OT1/lmr/m/n on input line 22.
LaTeX Font Info:    Overwriting symbol font `letters' in version `normal'
(Font)                  OML/cmm/m/it --> OML/lmm/m/it on input line 23.
LaTeX Font Info:    Overwriting symbol font `symbols' in version `normal'
(Font)                  OMS/cmsy/m/n --> OMS/lmsy/m/n on input line 24.
LaTeX Font Info:    Overwriting symbol font `largesymbols' in version `normal'
(Font)                  OMX/cmex/m/n --> OMX/lmex/m/n on input line 25.
LaTeX Font Info:    Overwriting symbol font `operators' in version `bold'
(Font)                  OT1/cmr/bx/n --> OT1/lmr/bx/n on input line 26.
LaTeX Font Info:    Overwriting symbol font `letters' in version `bold'
(Font)                  OML/cmm/b/it --> OML/lmm/b/it on input line 27.
LaTeX Font Info:    Overwriting symbol font `symbols' in version `bold'
(Font)                  OMS/cmsy/b/n --> OMS/lmsy/b/n on input line 28.
LaTeX Font Info:    Overwriting symbol font `largesymbols' in version `bold'
(Font)                  OMX/cmex/m/n --> OMX/lmex/m/n on input line 29.
LaTeX Font Info:    Overwriting math alphabet `\mathbf' in version `normal'
(Font)                  OT1/cmr/bx/n --> OT1/lmr/bx/n on input line 31.
LaTeX Font Info:    Overwriting math alphabet `\mathsf' in version `normal'
(Font)                  OT1/cmss/m/n --> OT1/lmss/m/n on input line 32.
LaTeX Font Info:    Overwriting math alphabet `\mathit' in version `normal'
(Font)                  OT1/cmr/m/it --> OT1/lmr/m/it on input line 33.
LaTeX Font Info:    Overwriting math alphabet `\mathtt' in version `normal'
(Font)                  OT1/cmtt/m/n --> OT1/lmtt/m/n on input line 34.
LaTeX Font Info:    Overwriting math alphabet `\mathbf' in version `bold'
(Font)                  OT1/cmr/bx/n --> OT1/lmr/bx/n on input line 35.
LaTeX Font Info:    Overwriting math alphabet `\mathsf' in version `bold'
(Font)                  OT1/cmss/bx/n --> OT1/lmss/bx/n on input line 36.
LaTeX Font Info:    Overwriting math alphabet `\mathit' in version `bold'
(Font)                  OT1/cmr/bx/it --> OT1/lmr/bx/it on input line 37.
LaTeX Font Info:    Overwriting math alphabet `\mathtt' in version `bold'
(Font)                  OT1/cmtt/m/n --> OT1/lmtt/m/n on input line 38.
) (geometry.sty
Package: geometry 2020/01/02 v5.9 Page Geometry
 (keyval.sty
Package: keyval 2014/10/28 v1.15 key=value parser (DPC)
\KV@toks@=\toks18
) (ifvtex.sty
Package: ifvtex 2019/10/25 v1.7 ifvtex legacy package. Use iftex instead.
 (iftex.sty
Package: iftex 2022/02/03 v1.0f TeX engine tests
))
\Gm@cnth=\count189
\Gm@cntv=\count190
\c@Gm@tempcnt=\count191
\Gm@bindingoffset=\dimen139
\Gm@wd@mp=\dimen140
\Gm@odd@mp=\dimen141
\Gm@even@mp=\dimen142
\Gm@layoutwidth=\dimen143
\Gm@layoutheight=\dimen144
\Gm@layouthoffset=\dimen145
\Gm@layoutvoffset=\dimen146
\Gm@dimlist=\toks19
)
(amsmath.sty
Package: amsmath 2021/10/15 v2.17l AMS math features
\@mathmargin=\skip49

For additional information on amsmath, use the `?' option.
(amstext.sty
Package: amstext 2021/08/26 v2.01 AMS text
 (amsgen.sty
File: amsgen.sty 1999/11/30 v2.0 generic functions
\@emptytoks=\toks20
\ex@=\dimen147
)) (amsbsy.sty
Package: amsbsy 1999/11/29 v1.2d Bold Symbols
\pmbraise@=\dimen148
) (amsopn.sty
Package: amsopn 2021/08/26 v2.02 operator names
)
\inf@bad=\count192
LaTeX Info: Redefining \frac on input line 234.
\uproot@=\count193
\leftroot@=\count194
LaTeX Info: Redefining \overline on input line 399.
\classnum@=\count195
\DOTSCASE@=\count196
LaTeX Info: Redefining \ldots on input line 496.
LaTeX Info: Redefining \dots on input line 499.
LaTeX Info: Redefining \cdots on input line 620.
\Mathstrutbox@=\box50
\strutbox@=\box51
\big@size=\dimen149
LaTeX Font Info:    Redeclaring font encoding OML on input line 743.
LaTeX Font Info:    Redeclaring font encoding OMS on input line 744.
\macc@depth=\count197
\c@MaxMatrixCols=\count198
\dotsspace@=\muskip16
\c@parentequation=\count199
\dspbrk@lvl=\count266
\tag@help=\toks21
\row@=\count267
\column@=\count268
\maxfields@=\count269
\andhelp@=\toks22
\eqnshift@=\dimen150
\alignsep@=\dimen151
\tagshift@=\dimen152
\tagwidth@=\dimen153
\totwidth@=\dimen154
\lineht@=\dimen155
\@envbody=\toks23
\multlinegap=\skip50
\multlinetaggap=\skip51
\mathdisplay@stack=\toks24
LaTeX Info: Redefining \[ on input line 2938.
LaTeX Info: Redefining \] on input line 2939.
) (amssymb.sty
Package: amssymb 2013/01/14 v3.01 AMS font symbols

(amsfonts.sty
Package: amsfonts 2013/01/14 v3.01 Basic AMSFonts support
\symAMSa=\mathgroup4
\symAMSb=\mathgroup5
LaTeX Font Info:    Redeclaring math symbol \hbar on input line 98.
LaTeX Font Info:    Overwriting math alphabet `\mathfrak' in version `bold'
(Font)                  U/euf/m/n --> U/euf/b/n on input line 106.
)) (mathtools.sty
Package: mathtools 2022/02/07 v1.28a mathematical typesetting tools
 (calc.sty
Package: calc 2017/05/25 v4.3 Infix arithmetic (KKT,FJ)
\calc@Acount=\count270
\calc@Bcount=\count271
\calc@Adimen=\dimen156
\calc@Bdimen=\dimen157
\calc@Askip=\skip52
\calc@Bskip=\skip53
LaTeX Info: Redefining \setlength on input line 80.
LaTeX Info: Redefining \addtolength on input line 81.
\calc@Ccount=\count272
\calc@Cskip=\skip54
) (mhsetup.sty
Package: mhsetup 2021/03/18 v1.4 programming setup (MH)
)
\g_MT_multlinerow_int=\count273
\l_MT_multwidth_dim=\dimen158
\origjot=\skip55
\l_MT_shortvdotswithinadjustabove_dim=\dimen159
\l_MT_shortvdotswithinadjustbelow_dim=\dimen160
\l_MT_above_intertext_sep=\dimen161
\l_MT_below_intertext_sep=\dimen162
\l_MT_above_shortintertext_sep=\dimen163
\l_MT_below_shortintertext_sep=\dimen164
\xmathstrut@box=\box52
\xmathstrut@dim=\dimen165
) (booktabs.sty
Package: booktabs 2020/01/12 v1.61803398 Publication quality tables
\heavyrulewidth=\dimen166
\lightrulewidth=\dimen167
\cmidrulewidth=\dimen168
\belowrulesep=\dimen169
\belowbottomsep=\dimen170
\aboverulesep=\dimen171
\abovetopsep=\dimen172
\cmidrulesep=\dimen173
\cmidrulekern=\dimen174
\defaultaddspace=\dimen175
\@cmidla=\count274
\@cmidlb=\count275
\@aboverulesep=\dimen176
\@belowrulesep=\dimen177
\@thisruleclass=\count276
\@lastruleclass=\count277
\@thisrulewidth=\dimen178
)
(longtable.sty
Package: longtable 2021-09-01 v4.17 Multi-page Table package (DPC)
\LTleft=\skip56
\LTright=\skip57
\LTpre=\skip58
\LTpost=\skip59
\LTchunksize=\count278
\LTcapwidth=\dimen179
\LT@head=\box53
\LT@firsthead=\box54
\LT@foot=\box55
\LT@lastfoot=\box56
\LT@gbox=\box57
\LT@cols=\count279
\LT@rows=\count280
\c@LT@tables=\count281
\c@LT@chunks=\count282
\LT@p@ftn=\toks25
) (array.sty
Package: array 2021/10/04 v2.5f Tabular extension package (FMi)
\col@sep=\dimen180
\ar@mcellbox=\box58
\extrarowheight=\dimen181
\NC@list=\toks26
\extratabsurround=\skip60
\backup@length=\skip61
\ar@cellbox=\box59
) (tabularx.sty
Package: tabularx 2020/01/15 v2.11c `tabularx' package (DPC)
\TX@col@width=\dimen182
\TX@old@table=\dimen183
\TX@old@col=\dimen184
\TX@target=\dimen185
\TX@delta=\dimen186
\TX@cols=\count283
\TX@ftn=\toks27
) (xcolor.sty
Package: xcolor 2021/10/31 v2.13 LaTeX color extensions (UK)
 (color.cfg
File: color.cfg 2016/01/02 v1.6 sample color configuration
)
Package xcolor Info: Driver file: xetex.def on input line 227.
 (xetex.def
File: xetex.def 2021/03/18 v5.0k Graphics/color driver for xetex
)
Package xcolor Info: Model `cmy' substituted by `cmy0' on input line 1352.
Package xcolor Info: Model `RGB' extended on input line 1368.
Package xcolor Info: Model `HTML' substituted by `rgb' on input line 1370.
Package xcolor Info: Model `Hsb' substituted by `hsb' on input line 1371.
Package xcolor Info: Model `tHsb' substituted by `hsb' on input line 1372.
Package xcolor Info: Model `HSB' substituted by `hsb' on input line 1373.
Package xcolor Info: Model `Gray' substituted by `gray' on input line 1374.
Package xcolor Info: Model `wave' substituted by `hsb' on input line 1375.
) (microtype.sty
Package: microtype 2022/03/14 v3.0d Micro-typographical refinements (RS)
 (etoolbox.sty
Package: etoolbox 2020/10/05 v2.5k e-TeX tools for LaTeX (JAW)
\etb@tempcnta=\count284
)
\MT@toks=\toks28
\MT@tempbox=\box60
\MT@count=\count285
LaTeX Info: Redefining \noprotrusionifhmode on input line 1027.
LaTeX Info: Redefining \leftprotrusion on input line 1028.
LaTeX Info: Redefining \rightprotrusion on input line 1036.
LaTeX Info: Redefining \textls on input line 1195.
\MT@outer@kern=\dimen187
LaTeX Info: Redefining \textmicrotypecontext on input line 1781.
\MT@listname@count=\count286
 (microtype-xetex.def
File: microtype-xetex.def 2022/03/14 v3.0d Definitions specific to xetex (RS)
LaTeX Info: Redefining \lsstyle on input line 236.
)
Package microtype Info: Loading configuration file microtype.cfg.
 (microtype.cfg
File: microtype.cfg 2022/03/14 v3.0d microtype main configuration file (RS)
))
(fancyhdr.sty
Package: fancyhdr 2021/01/28 v4.0.1 Extensive control of page headers and foote
rs
\f@nch@headwidth=\skip62
\f@nch@O@elh=\skip63
\f@nch@O@erh=\skip64
\f@nch@O@olh=\skip65
\f@nch@O@orh=\skip66
\f@nch@O@elf=\skip67
\f@nch@O@erf=\skip68
\f@nch@O@olf=\skip69
\f@nch@O@orf=\skip70
) (hyperref.sty
Package: hyperref 2022-02-21 v7.00n Hypertext links for LaTeX
 (ltxcmds.sty
Package: ltxcmds 2020-05-10 v1.25 LaTeX kernel commands for general use (HO)
) (pdftexcmds.sty
Package: pdftexcmds 2020-06-27 v0.33 Utility functions of pdfTeX for LuaTeX (HO
)
 (infwarerr.sty
Package: infwarerr 2019/12/03 v1.5 Providing info/warning/error messages (HO)
)
Package pdftexcmds Info: \pdf@primitive is available.
Package pdftexcmds Info: \pdf@ifprimitive is available.
Package pdftexcmds Info: \pdfdraftmode not found.
)
(kvsetkeys.sty
Package: kvsetkeys 2019/12/15 v1.18 Key value parser (HO)
) (kvdefinekeys.sty
Package: kvdefinekeys 2019-12-19 v1.6 Define keys (HO)
) (pdfescape.sty
Package: pdfescape 2019/12/09 v1.15 Implements pdfTeX's escape features (HO)
) (hycolor.sty
Package: hycolor 2020-01-27 v1.10 Color options for hyperref/bookmark (HO)
)
(letltxmacro.sty
Package: letltxmacro 2019/12/03 v1.6 Let assignment for LaTeX macros (HO)
) (auxhook.sty
Package: auxhook 2019-12-17 v1.6 Hooks for auxiliary files (HO)
) (kvoptions.sty
Package: kvoptions 2020-10-07 v3.14 Key value format for package options (HO)
)
\@linkdim=\dimen188
\Hy@linkcounter=\count287
\Hy@pagecounter=\count288
 (pd1enc.def
File: pd1enc.def 2022-02-21 v7.00n Hyperref: PDFDocEncoding definition (HO)
) (intcalc.sty
Package: intcalc 2019/12/15 v1.3 Expandable calculations with integers (HO)
)
(etexcmds.sty
Package: etexcmds 2019/12/15 v1.7 Avoid name clashes with e-TeX commands (HO)
)
\Hy@SavedSpaceFactor=\count289
 (puenc.def
File: puenc.def 2022-02-21 v7.00n Hyperref: PDF Unicode definition (HO)
)
Package hyperref Info: Hyper figures OFF on input line 4137.
Package hyperref Info: Link nesting OFF on input line 4142.
Package hyperref Info: Hyper index ON on input line 4145.
Package hyperref Info: Plain pages OFF on input line 4152.
Package hyperref Info: Backreferencing OFF on input line 4157.
Package hyperref Info: Implicit mode ON; LaTeX internals redefined.
Package hyperref Info: Bookmarks ON on input line 4390.
\c@Hy@tempcnt=\count290
 (url.sty
\Urlmuskip=\muskip17
Package: url 2013/09/16  ver 3.4  Verb mode for urls, etc.
)
LaTeX Info: Redefining \url on input line 4749.
\XeTeXLinkMargin=\dimen189
 (bitset.sty
Package: bitset 2019/12/09 v1.3 Handle bit-vector datatype (HO)
 (bigintcalc.sty
Package: bigintcalc 2019/12/15 v1.5 Expandable calculations on big integers (HO
)
))
\Fld@menulength=\count291
\Field@Width=\dimen190
\Fld@charsize=\dimen191
Package hyperref Info: Hyper figures OFF on input line 6027.
Package hyperref Info: Link nesting OFF on input line 6032.
Package hyperref Info: Hyper index ON on input line 6035.
Package hyperref Info: backreferencing OFF on input line 6042.
Package hyperref Info: Link coloring OFF on input line 6047.
Package hyperref Info: Link coloring with OCG OFF on input line 6052.
Package hyperref Info: PDF/A mode OFF on input line 6057.
LaTeX Info: Redefining \ref on input line 6097.
LaTeX Info: Redefining \pageref on input line 6101.

(atbegshi-ltx.sty
Package: atbegshi-ltx 2021/01/10 v1.0c Emulation of the original atbegshi
package with kernel methods
)
\Hy@abspage=\count292
\c@Item=\count293
\c@Hfootnote=\count294
)
Package hyperref Info: Driver (autodetected): hxetex.
 (hxetex.def
File: hxetex.def 2022-02-21 v7.00n Hyperref driver for XeTeX
 (stringenc.sty
Package: stringenc 2019/11/29 v1.12 Convert strings between diff. encodings (HO
)
)
\pdfm@box=\box61
\c@Hy@AnnotLevel=\count295
\HyField@AnnotCount=\count296
\Fld@listcount=\count297
\c@bookmark@seq@number=\count298
 (rerunfilecheck.sty
Package: rerunfilecheck 2019/12/05 v1.9 Rerun checks for auxiliary files (HO)

(atveryend-ltx.sty
Package: atveryend-ltx 2020/08/19 v1.0a Emulation of the original atveryend pac
kage
with kernel methods
) (uniquecounter.sty
Package: uniquecounter 2019/12/15 v1.4 Provide unlimited unique counter (HO)
)
Package uniquecounter Info: New unique counter `rerunfilecheck' on input line 2
86.
)
\Hy@SectionHShift=\skip71
) (enumitem.sty
Package: enumitem 2019/06/20 v3.9 Customized lists
\labelindent=\skip72
\enit@outerparindent=\dimen192
\enit@toks=\toks29
\enit@inbox=\box62
\enit@count@id=\count299
\enitdp@description=\count300
)
Package hyperref Info: Option `colorlinks' set `true' on input line 19.
 (l3backend-xetex.def
File: l3backend-xetex.def 2022-02-07 L3 backend support: XeTeX
\c__kernel_sys_dvipdfmx_version_int=\count301
\l__color_backend_stack_int=\count302
\g__color_backend_stack_int=\count303
\g__graphics_track_int=\count304
\l__pdf_internal_box=\box63
\g__pdf_backend_object_int=\count305
\g__pdf_backend_annotation_int=\count306
\g__pdf_backend_link_int=\count307
)
(engineering-conformance.aux)
\openout1 = `engineering-conformance.aux'.

LaTeX Font Info:    Checking defaults for OML/cmm/m/it on input line 44.
LaTeX Font Info:    ... okay on input line 44.
LaTeX Font Info:    Checking defaults for OMS/cmsy/m/n on input line 44.
LaTeX Font Info:    ... okay on input line 44.
LaTeX Font Info:    Checking defaults for OT1/cmr/m/n on input line 44.
LaTeX Font Info:    ... okay on input line 44.
LaTeX Font Info:    Checking defaults for T1/cmr/m/n on input line 44.
LaTeX Font Info:    ... okay on input line 44.
LaTeX Font Info:    Checking defaults for TS1/cmr/m/n on input line 44.
LaTeX Font Info:    Trying to load font information for TS1+cmr on input line 4
4.
 (ts1cmr.fd
File: ts1cmr.fd 2019/12/16 v2.5j Standard LaTeX font definitions
)
LaTeX Font Info:    ... okay on input line 44.
LaTeX Font Info:    Checking defaults for TU/lmr/m/n on input line 44.
LaTeX Font Info:    ... okay on input line 44.
LaTeX Font Info:    Checking defaults for OMX/cmex/m/n on input line 44.
LaTeX Font Info:    ... okay on input line 44.
LaTeX Font Info:    Checking defaults for U/cmr/m/n on input line 44.
LaTeX Font Info:    ... okay on input line 44.
LaTeX Font Info:    Checking defaults for PD1/pdf/m/n on input line 44.
LaTeX Font Info:    ... okay on input line 44.
LaTeX Font Info:    Checking defaults for PU/pdf/m/n on input line 44.
LaTeX Font Info:    ... okay on input line 44.

*geometry* driver: auto-detecting
*geometry* detected driver: xetex
*geometry* verbose mode - [ preamble ] result:
* driver: xetex
* paper: <default>
* layout: <same size as paper>
* layoutoffset:(h,v)=(0.0pt,0.0pt)
* modes:
* h-part:(L,W,R)=(54.92479pt, 504.44542pt, 54.92479pt)
* v-part:(T,H,B)=(54.92479pt, 685.1204pt, 54.92479pt)
* \paperwidth=614.295pt
* \paperheight=794.96999pt
* \textwidth=504.44542pt
* \textheight=685.1204pt
* \oddsidemargin=-17.3452pt
* \evensidemargin=-17.3452pt
* \topmargin=-57.3452pt
* \headheight=15.0pt
* \headsep=25.0pt
* \topskip=10.0pt
* \footskip=30.0pt
* \marginparwidth=65.0pt
* \marginparsep=11.0pt
* \columnsep=10.0pt
* \skip\footins=9.0pt plus 4.0pt minus 2.0pt
* \hoffset=0.0pt
* \voffset=0.0pt
* \mag=1000
* \@twocolumnfalse
* \@twosidefalse
* \@mparswitchfalse
* \@reversemarginfalse
* (1in=72.27pt=25.4mm, 1cm=28.453pt)

(graphicx.sty
Package: graphicx 2021/09/16 v1.2d Enhanced LaTeX Graphics (DPC,SPQR)
 (graphics.sty
Package: graphics 2021/03/04 v1.4d Standard LaTeX Graphics (DPC,SPQR)
 (trig.sty
Package: trig 2021/08/11 v1.11 sin cos tan (DPC)
) (graphics.cfg
File: graphics.cfg 2016/06/04 v1.11 sample graphics configuration
)
Package graphics Info: Driver file: xetex.def on input line 107.
)
\Gin@req@height=\dimen193
\Gin@req@width=\dimen194
)
LaTeX Info: Redefining \microtypecontext on input line 44.
Package microtype Info: Applying patch `item' on input line 44.
Package microtype Info: Applying patch `toc' on input line 44.
Package microtype Info: Applying patch `eqnum' on input line 44.
Package microtype Info: Applying patch `footnote' on input line 44.
Package microtype Info: Character protrusion enabled (level 2).
Package microtype Info: Using default protrusion set `alltext'.
Package microtype Info: No adjustment of tracking.
Package microtype Info: No adjustment of spacing.
Package microtype Info: No adjustment of kerning.
 (mt-cmr.cfg
File: mt-cmr.cfg 2013/05/19 v2.2 microtype config. file: Computer Modern Roman
(RS)
)
Package hyperref Info: Link coloring ON on input line 44.

(nameref.sty
Package: nameref 2021-04-02 v2.47 Cross-referencing by name of section
 (refcount.sty
Package: refcount 2019/12/15 v3.6 Data extraction from label references (HO)
) (gettitlestring.sty
Package: gettitlestring 2019/12/15 v1.6 Cleanup title references (HO)
)
\c@section@level=\count308
)
LaTeX Info: Redefining \ref on input line 44.
LaTeX Info: Redefining \pageref on input line 44.
LaTeX Info: Redefining \nameref on input line 44.
 (engineering-conformance.out) (engineering-conformance.out)
\@outlinefile=\write3
\openout3 = `engineering-conformance.out'.

Package hyperref Info: Option `pageanchor' set `false' on input line 45.
LaTeX Font Info:    Trying to load font information for OT1+lmr on input line 5
7.
 (ot1lmr.fd
File: ot1lmr.fd 2015/05/01 v1.6.1 Font defs for Latin Modern
)
LaTeX Font Info:    Trying to load font information for OML+lmm on input line 5
7.
 (omllmm.fd
File: omllmm.fd 2015/05/01 v1.6.1 Font defs for Latin Modern
)
LaTeX Font Info:    Trying to load font information for OMS+lmsy on input line
57.
 (omslmsy.fd
File: omslmsy.fd 2015/05/01 v1.6.1 Font defs for Latin Modern
)
LaTeX Font Info:    Trying to load font information for OMX+lmex on input line
57.
 (omxlmex.fd
File: omxlmex.fd 2015/05/01 v1.6.1 Font defs for Latin Modern
)
LaTeX Font Info:    External font `lmex10' loaded for size
(Font)              <10> on input line 57.
LaTeX Font Info:    External font `lmex10' loaded for size
(Font)              <7> on input line 57.
LaTeX Font Info:    External font `lmex10' loaded for size
(Font)              <5> on input line 57.
LaTeX Font Info:    Trying to load font information for U+msa on input line 57.

 (umsa.fd
File: umsa.fd 2013/01/14 v3.01 AMS symbols A
) (mt-msa.cfg
File: mt-msa.cfg 2006/02/04 v1.1 microtype config. file: AMS symbols (a) (RS)
)
LaTeX Font Info:    Trying to load font information for U+msb on input line 57.

 (umsb.fd
File: umsb.fd 2013/01/14 v3.01 AMS symbols B
) (mt-msb.cfg
File: mt-msb.cfg 2005/06/01 v1.0 microtype config. file: AMS symbols (b) (RS)
)
LaTeX Font Info:    Trying to load font information for T1+lmtt on input line 6
8.
 (t1lmtt.fd
File: t1lmtt.fd 2015/05/01 v1.6.1 Font defs for Latin Modern
)
Package microtype Info: Loading generic protrusion settings for font family
(microtype)             `lmtt' (encoding: T1).
(microtype)             For optimal results, create family-specific settings.
(microtype)             See the microtype manual for details.
 [1

]
Package hyperref Info: Option `pageanchor' set `true' on input line 72.

(engineering-conformance.toc [1

] [2])
\tf@toc=\write4
\openout4 = `engineering-conformance.toc'.

 [3]
Underfull \hbox (badness 1721) in paragraph at lines 113--117
\T1/lmr/m/n/10 dec-la-ra-tions, and successor-authorship trig-gers across \T1/l
mtt/m/n/10 AO-001 \T1/lmr/m/n/10 through
 []


Underfull \hbox (badness 10000) in paragraph at lines 122--124
[]|\T1/lmr/m/n/10 Immutable in-put, expected-result, observed-result, en-vi-ron
-ment,
 []

LaTeX Font Info:    Trying to load font information for T1+lmss on input line 1
25.
(t1lmss.fd
File: t1lmss.fd 2015/05/01 v1.6.1 Font defs for Latin Modern
)
Package microtype Info: Loading generic protrusion settings for font family
(microtype)             `lmss' (encoding: T1).
(microtype)             For optimal results, create family-specific settings.
(microtype)             See the microtype manual for details.
 [1

] (common/notation.tex
LaTeX Font Info:    Trying to load font information for OT1+lmss on input line
92.
 (ot1lmss.fd
File: ot1lmss.fd 2015/05/01 v1.6.1 Font defs for Latin Modern
)
Package microtype Info: Loading generic protrusion settings for font family
(microtype)             `lmss' (encoding: OT1).
(microtype)             For optimal results, create family-specific settings.
(microtype)             See the microtype manual for details.
 [2]) (common/definitions.tex
[3]

Package enumitem Warning: Negative labelwidth. This does not make much
(enumitem)                sense, on input line 71.

[4]

Package enumitem Warning: Negative labelwidth. This does not make much
(enumitem)                sense, on input line 125.

[5]
Underfull \hbox (badness 5475) in paragraph at lines 216--216
[]|\T1/lmss/m/n/10 complete pub-li-ca-tion can-di-
 []

[6]) (common/equations.tex [7] [8] [9]
Underfull \hbox (badness 10000) in paragraph at lines 220--220
[]|\T1/lmr/m/n/10 Template mis-match/unmodeled
 []

) (common/assumptions.tex
Underfull \hbox (badness 1292) in paragraph at lines 59--62
[]|\T1/lmr/m/n/10 A re-al-ized nu-mer-i-cal op-er-a-tor is as-sessed un-der one
 pre-reg-is-tered en-gi-neer-ing
 []

[10]
Underfull \hbox (badness 1939) in paragraph at lines 83--84
\T1/lmr/m/n/10 er-a-tion, group-ing, WCS/frame,
 []


Underfull \hbox (badness 7326) in paragraph at lines 87--88
[]|\T1/lmr/m/n/10 Assumed com-mu-ta-tion or
 []


Underfull \hbox (badness 10000) in paragraph at lines 87--88
\T1/lmr/m/n/10 bor-rowed state be-tween
 []


Underfull \hbox (badness 1365) in paragraph at lines 88--90
[]|\T1/lmss/m/n/10 unavailable\T1/lmr/m/n/10 ; re-quire a
 []


Underfull \hbox (badness 10000) in paragraph at lines 93--94
\T1/lmr/m/n/10 re-quire a sep-a-rately
 []


Underfull \hbox (badness 10000) in paragraph at lines 95--96
[]|\T1/lmr/m/n/10 Learned from tar-
 []


Underfull \hbox (badness 10000) in paragraph at lines 95--96
\T1/lmr/m/n/10 get/member, mis-matched
 []


Underfull \hbox (badness 4518) in paragraph at lines 95--96
\T1/lmr/m/n/10 rep-re-sen-ta-tion, or miss-ing
 []


Underfull \hbox (badness 10000) in paragraph at lines 98--98
[]|\T1/lmr/m/n/10 Local do-main
 []


Underfull \hbox (badness 10000) in paragraph at lines 98--98
\T1/lmr/m/n/10 and ap-pli-ca-tion
 []


Underfull \hbox (badness 2591) in paragraph at lines 100--102
\T1/lmr/m/n/10 ze-ros, or miss-ing, in-valid,
 []


Underfull \hbox (badness 3872) in paragraph at lines 100--102
\T1/lmr/m/n/10 par-tially sup-ported de-pen-
 []


Underfull \hbox (badness 5592) in paragraph at lines 102--104
[]|\T1/lmr/m/n/10 Fail Re-solve for an
 []


Underfull \hbox (badness 10000) in paragraph at lines 102--104
\T1/lmr/m/n/10 in-valid con-struc-tion;
 []


Underfull \hbox (badness 4416) in paragraph at lines 102--104
\T1/lmr/m/n/10 mark af-fected Ap-ply
 []


Underfull \hbox (badness 10000) in paragraph at lines 104--106
[]|\T1/lmr/m/n/10 Selected \T1/lmtt/m/n/10 SCI-FLT-MATCHED-AO-
 []


Underfull \hbox (badness 2057) in paragraph at lines 104--106
\T1/lmr/m/n/10 op-er-a-tor, rank/null, reg-u-lar-iza-
 []


Underfull \hbox (badness 2495) in paragraph at lines 104--106
\T1/lmr/m/n/10 tion, co-ef-fi-cients, win-dow and
 []


Underfull \hbox (badness 10000) in paragraph at lines 110--111
[]|\T1/lmr/m/n/10 Location \T1/lmss/m/n/10 un-avail-able
 []


Underfull \hbox (badness 3449) in paragraph at lines 110--111
\T1/lmr/m/n/10 or at-tempted bun-dle
 []


Underfull \hbox (badness 10000) in paragraph at lines 111--112
[]|\T1/lmr/m/n/10 One pre-reg-is-tered en-gi-neer-ing
 []


Underfull \hbox (badness 7344) in paragraph at lines 111--112
\T1/lmr/m/n/10 con-for-mance pro-file with the
 []


Underfull \hbox (badness 10000) in paragraph at lines 111--112
\T1/lmr/m/n/10 ex-act com-para-tor, pro-jec-tors,
 []


Underfull \hbox (badness 10000) in paragraph at lines 111--112
\T1/lmr/m/n/10 norms, scales, do-main, and
 []


Underfull \hbox (badness 10000) in paragraph at lines 113--113
\T1/lmr/m/n/10 modes, sup-port/subspace
 []


Underfull \hbox (badness 10000) in paragraph at lines 114--116
\T1/lmr/m/n/10 a sci-en-tific op-er-a-
 []


Underfull \hbox (badness 10000) in paragraph at lines 114--116
\T1/lmr/m/n/10 tor change re-quires
 []


Underfull \hbox (badness 10000) in paragraph at lines 116--117
[]|\T1/lmr/m/n/10 Fixed, full-procedure, re-al-
 []


Underfull \hbox (badness 1248) in paragraph at lines 116--117
\T1/lmr/m/n/10 ized, and ref-er-ence types kept
 []


Underfull \hbox (badness 10000) in paragraph at lines 116--117
\T1/lmr/m/n/10 dis-tinct, with se-lected ex-act
 []


Underfull \hbox (badness 10000) in paragraph at lines 116--117
\T1/lmr/m/n/10 do-main/query/representation
 []


Underfull \hbox (badness 5288) in paragraph at lines 117--119
[]|\T1/lmr/m/n/10 Undocumented ker-nel, as-
 []


Underfull \hbox (badness 10000) in paragraph at lines 120--121
[]|\T1/lmr/m/n/10 Response-dependent
 []


Underfull \hbox (badness 10000) in paragraph at lines 120--121
\T1/lmr/m/n/10 prod-uct or hand-off
 []


Underfull \hbox (badness 1152) in paragraph at lines 124--125
\T1/lmr/m/n/10 ac-tual $\OML/lmm/m/it/10 F[]$\T1/lmr/m/n/10 , named U1/U2 role,

 []


Underfull \hbox (badness 10000) in paragraph at lines 125--128
[]|\T1/lmr/m/n/10 Missing pop-u-la-
 []


Underfull \hbox (badness 10000) in paragraph at lines 125--128
\T1/lmr/m/n/10 cal-i-bra-tion terms, omit-
 []


Underfull \hbox (badness 1205) in paragraph at lines 125--128
\T1/lmr/m/n/10 ted cor-re-la-tions treated as
 []


Underfull \hbox (badness 10000) in paragraph at lines 128--130
[]|\T1/lmr/m/n/10 Covariance use \T1/lmss/m/n/10 un-
 []


Underfull \hbox (badness 10000) in paragraph at lines 128--130
\T1/lmss/m/n/10 failed\T1/lmr/m/n/10 ; sig-nal may
 []


Underfull \hbox (badness 6094) in paragraph at lines 130--131
[]|\T1/lmr/m/n/10 Pre-Apply $\OML/lmm/m/it/10 K[]$ \T1/lmr/m/n/10 com-pat-i-bil
-ity
 []


Underfull \hbox (badness 5475) in paragraph at lines 131--132
\T1/lmr/m/n/10 result ad-mis-sion, adapted
 []


Underfull \hbox (badness 10000) in paragraph at lines 132--134
[]|\T1/lmr/m/n/10 Member/anchor or
 []


Underfull \hbox (badness 10000) in paragraph at lines 132--134
\T1/lmr/m/n/10 NOI com-pan-ion \T1/lmss/m/n/10 un-
 []


Underfull \hbox (badness 10000) in paragraph at lines 132--134
\T1/lmss/m/n/10 avail-able \T1/lmr/m/n/10 or \T1/lmss/m/n/10 failed\T1/lmr/m/n/
10 ;
 []


Underfull \hbox (badness 10000) in paragraph at lines 132--134
\T1/lmr/m/n/10 sep-a-rate method
 []


Underfull \hbox (badness 2781) in paragraph at lines 136--137
[]|\T1/lmr/m/n/10 Bundle \T1/lmss/m/n/10 failed\T1/lmr/m/n/10 ; re-tain
 []


Underfull \hbox (badness 2753) in paragraph at lines 139--140
\T1/lmr/m/n/10 ture query, un-doc-u-mented
 []


Underfull \hbox (badness 1371) in paragraph at lines 140--142
\T1/lmr/m/n/10 sor en-ve-lope for new
 []

[11] [12]) (common/requirements.tex
Underfull \hbox (badness 2495) in paragraph at lines 43--48
\T1/lmr/m/n/10 GLS the-o-rem: re-stric-tion be-fore in-ver-sion, a positive- de
f-i-nite es-
 []


Underfull \hbox (badness 4193) in paragraph at lines 97--100
[]|\T1/lmr/m/n/10 No FLT ar-ti-fact or pro-file shall de-fine FRUIT source mod-
el-ing,
 []


Underfull \hbox (badness 1755) in paragraph at lines 175--178
[]|\T1/lmr/m/n/10 Covariance zero-variance modes, ex-cluded or infinite-varianc
e modes,
 []

[13] [14] [15] [16] [17]
LaTeX Font Info:    Font shape `T1/lmtt/bx/n' in size <12> not available
(Font)              Font shape `T1/lmtt/b/n' tried instead on input line 274.
LaTeX Font Info:    Font shape `T1/lmtt/bx/n' in size <10> not available
(Font)              Font shape `T1/lmtt/b/n' tried instead on input line 280.


Package enumitem Warning: Negative labelwidth. This does not make much
(enumitem)                sense, on input line 282.


Package enumitem Warning: Negative labelwidth. This does not make much
(enumitem)                sense, on input line 295.


Package enumitem Warning: Negative labelwidth. This does not make much
(enumitem)                sense, on input line 307.

[18

]

Package enumitem Warning: Negative labelwidth. This does not make much
(enumitem)                sense, on input line 360.

[19] [20]) (common/edge_cases.tex
Underfull \hbox (badness 3058) in paragraph at lines 13--13
[]|\T1/lmr/m/n/10 Numerical fill near an
 []


Underfull \hbox (badness 1199) in paragraph at lines 18--18
[]|\T1/lmr/m/n/10 Template lies partly in
 []


Underfull \hbox (badness 10000) in paragraph at lines 22--22
[]|\T1/lmr/m/n/10 Indefinite or non-self-
 []


Underfull \hbox (badness 1107) in paragraph at lines 24--26
[]|\T1/lmr/m/n/10 Fail se-lected \T1/lmtt/m/n/10 SCI-FLT-MATCHED-AO-
 []


Underfull \hbox (badness 2229) in paragraph at lines 24--26
\T1/lmr/m/n/10 op-er-a-tor and in-ner prod-uct were
 []


Underfull \hbox (badness 10000) in paragraph at lines 27--30
[]|\T1/lmr/m/n/10 Keep sep-a-rate from ex-cluded,
 []


Underfull \hbox (badness 10000) in paragraph at lines 27--30
\T1/lmr/m/n/10 positive-definite-subspace the-o-rem
 []


Underfull \hbox (badness 10000) in paragraph at lines 30--30
[]|\T1/lmr/m/n/10 Excluded or infinite-
 []


Underfull \hbox (badness 10000) in paragraph at lines 35--35
[]|\T1/lmr/m/n/10 Projected tem-plate is
 []


Underfull \hbox (badness 10000) in paragraph at lines 36--38
[]|\T1/lmr/m/n/10 Anchor un-avail-able; no Moore--
 []


Underfull \hbox (badness 10000) in paragraph at lines 43--46
[]|\T1/lmr/m/n/10 Fail owner-set effective-sample,
 []


Underfull \hbox (badness 10000) in paragraph at lines 51--51
[]|\T1/lmr/m/n/10 Available $\OML/lmm/m/it/10 C[]$ \T1/lmr/m/n/10 with
 []


Underfull \hbox (badness 10000) in paragraph at lines 51--51
\T1/lmr/m/n/10 mis-matched pop-u-la-
 []


Underfull \hbox (badness 3229) in paragraph at lines 52--54
[]|\T1/lmr/m/n/10 Covariance route un-avail-able; no
 []


Underfull \hbox (badness 1173) in paragraph at lines 54--57
[]|\T1/lmr/m/n/10 Create a new tem-plate/realization
 []


Underfull \hbox (badness 3219) in paragraph at lines 54--57
\T1/lmr/m/n/10 iden-tity; $[]$ rescales by $\OT1/lmr/m/n/10 1\OML/lmm/m/it/10 =
c$ \T1/lmr/m/n/10 and
 []


Underfull \hbox (badness 3907) in paragraph at lines 63--64
[]|\T1/lmr/m/n/10 Provenance is present, not in-her-ited
 []


Underfull \hbox (badness 10000) in paragraph at lines 64--66
[]|\T1/lmr/m/n/10 Preserve lin-eage; re-quire ex-act
 []


Underfull \hbox (badness 10000) in paragraph at lines 64--66
\T1/lmr/m/n/10 au-thor-ity be-fore flux, matched
 []


Underfull \hbox (badness 1546) in paragraph at lines 64--66
\T1/lmr/m/n/10 beam/solid an-gle, extended-source,
 []


Underfull \hbox (badness 10000) in paragraph at lines 66--66
[]|\T1/lmr/m/n/10 Coadd mem-ber-ship
 []


Underfull \hbox (badness 8075) in paragraph at lines 69--70
[]|\T1/lmr/m/n/10 Admission or per-member re-learn-ing
 []


Underfull \hbox (badness 10000) in paragraph at lines 73--73
[]|\T1/lmr/m/n/10 Approximation misses
 []


Underfull \hbox (badness 3098) in paragraph at lines 85--85
[]|\T1/lmr/m/n/10 Required sig-nal bun-dle
 []


Underfull \hbox (badness 1442) in paragraph at lines 98--98
[]|\T1/lmr/m/n/10 Fixed-state re-sponse re-
 []

[21] [22] [23]
Underfull \hbox (badness 1389) in paragraph at lines 117--125
\T1/lmr/m/n/10 Posterior/Wiener sky re-con-struc-tion, generic ordinary-convolu
tion se-man-tics, source or can-di-date learn-ing,
 []

)
Underfull \hbox (badness 10000) in paragraph at lines 187--187
[]|\T1/lmtt/m/n/10 SCI-FLT-MATCHED-
 []


Underfull \hbox (badness 2865) in paragraph at lines 187--190
[]|\T1/lmr/m/n/10 Freeze con-tract, re-al-iza-tion, se-lected AO, par-
 []


Underfull \hbox (badness 10000) in paragraph at lines 190--190
[]|\T1/lmtt/m/n/10 SCI-FLT-MATCHED-
 []


Underfull \hbox (badness 10000) in paragraph at lines 193--193
[]|\T1/lmtt/m/n/10 SCI-FLT-MATCHED-
 []


Underfull \hbox (badness 10000) in paragraph at lines 197--197
[]|\T1/lmtt/m/n/10 SCI-FLT-MATCHED-
 []


Underfull \hbox (badness 10000) in paragraph at lines 202--202
[]|\T1/lmtt/m/n/10 SCI-FLT-MATCHED-
 []


Underfull \hbox (badness 10000) in paragraph at lines 202--207
[]|\T1/lmr/m/n/10 Construct pre-de-clared lo-cal do-mains and
 []


Underfull \hbox (badness 10000) in paragraph at lines 202--207
\T1/lmr/m/n/10 com-plete, eroded, filled, miss-ing, in-valid,
 []


Underfull \hbox (badness 10000) in paragraph at lines 202--207
\T1/lmr/m/n/10 final-zero-coefficient, and each dis-tinct
 []


Underfull \hbox (badness 6316) in paragraph at lines 202--207
\T1/lmr/m/n/10 covariance/excluded/weighting/template-null case;
 []


Underfull \hbox (badness 10000) in paragraph at lines 207--207
[]|\T1/lmtt/m/n/10 SCI-FLT-MATCHED-
 []


Underfull \hbox (badness 10000) in paragraph at lines 211--211
[]|\T1/lmtt/m/n/10 SCI-FLT-MATCHED-
 []


Underfull \hbox (badness 10000) in paragraph at lines 216--216
[]|\T1/lmtt/m/n/10 SCI-FLT-MATCHED-
 []


Underfull \hbox (badness 1472) in paragraph at lines 216--220
[]|\T1/lmr/m/n/10 Verify fixed, full-procedure, re-al-ized, and ref-er-
 []


Underfull \hbox (badness 1708) in paragraph at lines 216--220
\T1/lmr/m/n/10 be-hav-ior; se-lected \T1/lmtt/m/n/10 SCI-FLT-MATCHED-AO-005 \T1
/lmr/m/n/10 do-
 []


Underfull \hbox (badness 10000) in paragraph at lines 220--220
[]|\T1/lmtt/m/n/10 SCI-FLT-MATCHED-
 []


Underfull \hbox (badness 3460) in paragraph at lines 220--226
[]|\T1/lmr/m/n/10 Verify Learn--Resolve--Apply in-puts, pop-u-la-tion,
 []


Underfull \hbox (badness 10000) in paragraph at lines 226--226
[]|\T1/lmtt/m/n/10 SCI-FLT-MATCHED-
 []


Underfull \hbox (badness 10000) in paragraph at lines 232--232
[]|\T1/lmtt/m/n/10 SCI-FLT-MATCHED-
 []


Underfull \hbox (badness 10000) in paragraph at lines 236--236
[]|\T1/lmtt/m/n/10 SCI-FLT-MATCHED-
 []


Underfull \hbox (badness 10000) in paragraph at lines 236--241
[]|\T1/lmr/m/n/10 Instantiate the engineering-declared \T1/lmtt/m/n/10 SCI-FLT-

 []


Underfull \hbox (badness 7907) in paragraph at lines 236--241
\T1/lmtt/m/n/10 MATCHED-AO-006 \T1/lmr/m/n/10 rep-re-sen-ta-tion of the owner-
 []


Underfull \hbox (badness 10000) in paragraph at lines 236--241
\T1/lmr/m/n/10 disposed se-man-tics; ex-haust four-axis ver-
 []


Underfull \hbox (badness 10000) in paragraph at lines 236--241
\T1/lmr/m/n/10 dict/dependency/action com-bi-na-tions for PA,
 []


Underfull \hbox (badness 1067) in paragraph at lines 236--241
\T1/lmr/m/n/10 SA, SP, CU, NU, RU, and FH; ver-ify loss-less
 []


Underfull \hbox (badness 1354) in paragraph at lines 236--241
\T1/lmr/m/n/10 lay-out, ag-gre-ga-tion non-con-ceal-ment, and VAL's
 []


Underfull \hbox (badness 10000) in paragraph at lines 241--241
[]|\T1/lmtt/m/n/10 SCI-FLT-MATCHED-
 []


Underfull \hbox (badness 1292) in paragraph at lines 241--247
\T1/lmr/m/n/10 FRUIT producer-envelope records; $\OML/lmm/m/it/10 K[]$\T1/lmr/m
/n/10 ; fi-nite
 []


Underfull \hbox (badness 10000) in paragraph at lines 247--247
[]|\T1/lmtt/m/n/10 SCI-FLT-MATCHED-
 []


Underfull \hbox (badness 6658) in paragraph at lines 247--252
[]|\T1/lmr/m/n/10 Attempt ev-ery ex-cluded or un-s-e-lected route,
 []


Underfull \hbox (badness 4416) in paragraph at lines 247--252
\T1/lmr/m/n/10 au-to-matic fall-back, source in-ter-pre-ta-tion, pos-
 []


Underfull \hbox (badness 10000) in paragraph at lines 247--252
\T1/lmr/m/n/10 te-rior/Wiener mean-ing, unau-tho-rized generic-
 []


Underfull \hbox (badness 10000) in paragraph at lines 252--252
[]|\T1/lmtt/m/n/10 SCI-FLT-MATCHED-
 []


Underfull \hbox (badness 1107) in paragraph at lines 252--256
\T1/lmr/m/n/10 for-mity, rep-re-sen-ta-tion fi-delity, SCI-VAL eval-u-a-
 []

[24] [25]
Underfull \hbox (badness 10000) in paragraph at lines 267--267
[]|\T1/lmr/m/n/10 Reproduction
 []


Underfull \hbox (badness 10000) in paragraph at lines 271--271
[]|\T1/lmtt/m/n/10 SCI-FLT-
 []


Underfull \hbox (badness 10000) in paragraph at lines 271--271
\T1/lmtt/m/n/10 MATCHED-
 []


Underfull \hbox (badness 10000) in paragraph at lines 271--271
\T1/lmtt/m/n/10 AO-003-D\T1/lmr/m/n/10 ,
 []


Underfull \hbox (badness 10000) in paragraph at lines 271--271
\T1/lmtt/m/n/10 SCI-FLT-
 []


Underfull \hbox (badness 10000) in paragraph at lines 271--271
\T1/lmtt/m/n/10 MATCHED-
 []


Underfull \hbox (badness 10000) in paragraph at lines 271--271
\T1/lmtt/m/n/10 AO-004-A\T1/lmr/m/n/10 ,
 []


Underfull \hbox (badness 10000) in paragraph at lines 271--271
\T1/lmtt/m/n/10 SCI-FLT-
 []


Underfull \hbox (badness 10000) in paragraph at lines 271--271
\T1/lmtt/m/n/10 MATCHED-AO-
 []


Underfull \hbox (badness 3492) in paragraph at lines 272--273
[]|\T1/lmr/m/n/10 Lowest re-con-struc-
 []


Underfull \hbox (badness 10000) in paragraph at lines 272--273
\T1/lmr/m/n/10 tion de-pen-dence;
 []


Underfull \hbox (badness 10000) in paragraph at lines 272--273
\T1/lmr/m/n/10 im-mutable ob-ject
 []


Underfull \hbox (badness 10000) in paragraph at lines 273--273
[]|\T1/lmr/m/n/10 Corruption, in-dex-
 []


Underfull \hbox (badness 10000) in paragraph at lines 274--275
[]|\T1/lmr/m/n/10 Byte/object in-
 []


Underfull \hbox (badness 10000) in paragraph at lines 275--275
[]|\T1/lmtt/m/n/10 SCI-FLT-
 []


Underfull \hbox (badness 10000) in paragraph at lines 275--275
\T1/lmtt/m/n/10 MATCHED-
 []


Underfull \hbox (badness 10000) in paragraph at lines 275--275
\T1/lmtt/m/n/10 AO-004-B\T1/lmr/m/n/10 ,
 []


Underfull \hbox (badness 10000) in paragraph at lines 275--275
\T1/lmtt/m/n/10 SCI-FLT-
 []


Underfull \hbox (badness 10000) in paragraph at lines 275--275
\T1/lmtt/m/n/10 MATCHED-AO-
 []


Underfull \hbox (badness 10000) in paragraph at lines 275--275
\T1/lmtt/m/n/10 005-B \T1/lmr/m/n/10 and
 []


Underfull \hbox (badness 10000) in paragraph at lines 275--275
\T1/lmr/m/n/10 struc-tured
 []


Underfull \hbox (badness 10000) in paragraph at lines 275--275
\T1/lmtt/m/n/10 SCI-FLT-
 []


Underfull \hbox (badness 10000) in paragraph at lines 275--275
\T1/lmtt/m/n/10 MATCHED-AO-
 []


Underfull \hbox (badness 10000) in paragraph at lines 275--276
[]|\T1/lmr/m/n/10 Lower stor-age;
 []


Underfull \hbox (badness 10000) in paragraph at lines 275--276
\T1/lmr/m/n/10 fac-tor-iza-tion/object
 []


Underfull \hbox (badness 10000) in paragraph at lines 276--277
[]|\T1/lmr/m/n/10 Exact struc-ture,
 []


Underfull \hbox (badness 10000) in paragraph at lines 276--277
\T1/lmr/m/n/10 al-go-rithm iden-
 []


Underfull \hbox (badness 10000) in paragraph at lines 276--277
\T1/lmr/m/n/10 tity, and query
 []


Underfull \hbox (badness 10000) in paragraph at lines 277--278
[]|\T1/lmr/m/n/10 Hidden ap-prox-i-ma-
 []


Underfull \hbox (badness 10000) in paragraph at lines 277--278
\T1/lmr/m/n/10 tion, un-sup-ported
 []


Underfull \hbox (badness 10000) in paragraph at lines 277--278
\T1/lmr/m/n/10 query, rank/phase
 []


Underfull \hbox (badness 2050) in paragraph at lines 278--280
\T1/lmr/m/n/10 the com-plete fi-nite
 []


Underfull \hbox (badness 10000) in paragraph at lines 280--280
[]|\T1/lmtt/m/n/10 SCI-FLT-
 []


Underfull \hbox (badness 10000) in paragraph at lines 280--280
\T1/lmtt/m/n/10 MATCHED-
 []


Underfull \hbox (badness 10000) in paragraph at lines 280--280
\T1/lmtt/m/n/10 AO-003-E\T1/lmr/m/n/10 ,
 []


Underfull \hbox (badness 10000) in paragraph at lines 280--280
\T1/lmtt/m/n/10 SCI-FLT-
 []


Underfull \hbox (badness 10000) in paragraph at lines 280--280
\T1/lmtt/m/n/10 MATCHED-
 []


Underfull \hbox (badness 10000) in paragraph at lines 280--280
\T1/lmtt/m/n/10 AO-004-C\T1/lmr/m/n/10 ,
 []


Underfull \hbox (badness 10000) in paragraph at lines 280--280
\T1/lmtt/m/n/10 SCI-FLT-
 []


Underfull \hbox (badness 10000) in paragraph at lines 280--280
\T1/lmtt/m/n/10 MATCHED-AO-
 []


Underfull \hbox (badness 2426) in paragraph at lines 280--281
[]|\T1/lmr/m/n/10 Lowest res-i-dent re-
 []


Underfull \hbox (badness 10000) in paragraph at lines 281--282
[]|\T1/lmr/m/n/10 Complete im-
 []


Underfull \hbox (badness 10000) in paragraph at lines 281--282
\T1/lmr/m/n/10 mutable lin-eage,
 []


Underfull \hbox (badness 10000) in paragraph at lines 281--282
\T1/lmr/m/n/10 al-go-rithms, ver-
 []


Underfull \hbox (badness 1005) in paragraph at lines 281--282
\T1/lmr/m/n/10 sions, en-vi-ron-ment
 []


Underfull \hbox (badness 10000) in paragraph at lines 282--283
\T1/lmr/m/n/10 lin-eage, non-re-pro-
 []


Underfull \hbox (badness 10000) in paragraph at lines 282--283
\T1/lmr/m/n/10 or re-con-struc-tion
 []


Underfull \hbox (badness 10000) in paragraph at lines 284--285
[]|\T1/lmr/m/n/10 Reconstruct rep-
 []


Underfull \hbox (badness 10000) in paragraph at lines 284--285
\T1/lmr/m/n/10 re-sen-ta-tive and
 []


Underfull \hbox (badness 10000) in paragraph at lines 284--285
\T1/lmr/m/n/10 bound-ary queries
 []


Underfull \hbox (badness 6691) in paragraph at lines 284--285
\T1/lmr/m/n/10 and ver-ify lin-eage
 []


Underfull \hbox (badness 10000) in paragraph at lines 285--285
[]|\T1/lmtt/m/n/10 SCI-FLT-
 []


Underfull \hbox (badness 10000) in paragraph at lines 285--285
\T1/lmtt/m/n/10 MATCHED-AO-
 []


Underfull \hbox (badness 10000) in paragraph at lines 285--285
[]|\T1/lmr/m/n/10 Largest verdict-
 []


Underfull \hbox (badness 1783) in paragraph at lines 285--286
[]|\T1/lmr/m/n/10 Seven in-de-pen-dent
 []


Underfull \hbox (badness 1831) in paragraph at lines 286--287
\T1/lmr/m/n/10 drift or in-com-plete
 []


Underfull \hbox (badness 10000) in paragraph at lines 288--288
[]|\T1/lmtt/m/n/10 SCI-FLT-
 []


Underfull \hbox (badness 10000) in paragraph at lines 288--288
\T1/lmtt/m/n/10 MATCHED-AO-
 []


Underfull \hbox (badness 10000) in paragraph at lines 288--288
[]|\T1/lmr/m/n/10 Moderate record
 []


Underfull \hbox (badness 10000) in paragraph at lines 288--288
\T1/lmr/m/n/10 count; lay-ered
 []


Underfull \hbox (badness 1033) in paragraph at lines 288--289
[]|\T1/lmr/m/n/10 Lossless sub-ver-dict
 []


Underfull \hbox (badness 10000) in paragraph at lines 288--289
\T1/lmr/m/n/10 ad-dress-ing within
 []


Underfull \hbox (badness 10000) in paragraph at lines 291--291
[]|\T1/lmtt/m/n/10 SCI-FLT-
 []


Underfull \hbox (badness 10000) in paragraph at lines 291--291
\T1/lmtt/m/n/10 MATCHED-AO-
 []


Underfull \hbox (badness 2368) in paragraph at lines 291--291
[]|\T1/lmr/m/n/10 Compact ac-cess to
 []


Underfull \hbox (badness 10000) in paragraph at lines 291--292
[]|\T1/lmr/m/n/10 Stable com-po-nent
 []


Underfull \hbox (badness 10000) in paragraph at lines 291--292
\T1/lmr/m/n/10 plete em-bed-ded
 []


Underfull \hbox (badness 1490) in paragraph at lines 293--294
\T1/lmr/m/n/10 po-nents and for-bid
 []

[26]
Underfull \hbox (badness 10000) in paragraph at lines 304--304
[]|\T1/lmtt/m/n/10 SCI-FLT-MATCHED-CT-
 []


Underfull \hbox (badness 10000) in paragraph at lines 306--306
[]|\T1/lmtt/m/n/10 SCI-FLT-MATCHED-CT-
 []


Underfull \hbox (badness 10000) in paragraph at lines 307--307
[]|\T1/lmtt/m/n/10 SCI-FLT-MATCHED-CT-
 []


Underfull \hbox (badness 10000) in paragraph at lines 309--309
[]|\T1/lmtt/m/n/10 SCI-FLT-MATCHED-CT-
 []


Underfull \hbox (badness 10000) in paragraph at lines 311--311
[]|\T1/lmtt/m/n/10 SCI-FLT-MATCHED-CT-
 []


Underfull \hbox (badness 10000) in paragraph at lines 314--314
[]|\T1/lmtt/m/n/10 SCI-FLT-MATCHED-CT-
 []


Underfull \hbox (badness 8132) in paragraph at lines 314--316
[]|\T1/lmtt/m/n/10 SCI-FLT-MATCHED-REQ-012\T1/lmr/m/n/10 --\T1/lmtt/m/n/10 SCI-
FLT-MATCHED-REQ-014\T1/lmr/m/n/10 , \T1/lmtt/m/n/10 SCI-FLT-MATCHED-
 []


Underfull \hbox (badness 10000) in paragraph at lines 316--316
[]|\T1/lmtt/m/n/10 SCI-FLT-MATCHED-CT-
 []


Underfull \hbox (badness 10000) in paragraph at lines 319--319
[]|\T1/lmtt/m/n/10 SCI-FLT-MATCHED-CT-
 []


Underfull \hbox (badness 10000) in paragraph at lines 319--322
\T1/lmtt/m/n/10 MATCHED-REQ-045\T1/lmr/m/n/10 , \T1/lmtt/m/n/10 SCI-FLT-MATCHED
-REQ-048\T1/lmr/m/n/10 ; \T1/lmtt/m/n/10 SCI-FLT-MATCHED-PRED-
 []


Underfull \hbox (badness 2213) in paragraph at lines 319--322
\T1/lmtt/m/n/10 001\T1/lmr/m/n/10 , \T1/lmtt/m/n/10 SCI-FLT-MATCHED-PRED-015\T1
/lmr/m/n/10 , \T1/lmtt/m/n/10 SCI-FLT-MATCHED-PRED-017\T1/lmr/m/n/10 , \T1/lmtt
/m/n/10 SCI-FLT-
 []


Underfull \hbox (badness 1762) in paragraph at lines 319--322
\T1/lmtt/m/n/10 MATCHED-PRED-019\T1/lmr/m/n/10 --\T1/lmtt/m/n/10 SCI-FLT-MATCHE
D-PRED-023\T1/lmr/m/n/10 ; all \T1/lmtt/m/n/10 SCI-FLT-MATCHED-AO-
 []


Underfull \hbox (badness 10000) in paragraph at lines 322--322
[]|\T1/lmtt/m/n/10 SCI-FLT-MATCHED-CT-
 []


Underfull \hbox (badness 8132) in paragraph at lines 322--325
[]|\T1/lmtt/m/n/10 SCI-FLT-MATCHED-REQ-015\T1/lmr/m/n/10 --\T1/lmtt/m/n/10 SCI-
FLT-MATCHED-REQ-018\T1/lmr/m/n/10 , \T1/lmtt/m/n/10 SCI-FLT-MATCHED-
 []


Underfull \hbox (badness 6477) in paragraph at lines 322--325
\T1/lmtt/m/n/10 MATCHED-REQ-047\T1/lmr/m/n/10 ; \T1/lmtt/m/n/10 SCI-FLT-MATCHED
-PRED-006\T1/lmr/m/n/10 , \T1/lmtt/m/n/10 SCI-FLT-MATCHED-PRED-
 []


Underfull \hbox (badness 10000) in paragraph at lines 325--325
[]|\T1/lmtt/m/n/10 SCI-FLT-MATCHED-CT-
 []


Underfull \hbox (badness 8132) in paragraph at lines 325--328
[]|\T1/lmtt/m/n/10 SCI-FLT-MATCHED-REQ-020\T1/lmr/m/n/10 --\T1/lmtt/m/n/10 SCI-
FLT-MATCHED-REQ-022\T1/lmr/m/n/10 , \T1/lmtt/m/n/10 SCI-FLT-MATCHED-
 []


Underfull \hbox (badness 6477) in paragraph at lines 325--328
\T1/lmtt/m/n/10 MATCHED-REQ-046\T1/lmr/m/n/10 ; \T1/lmtt/m/n/10 SCI-FLT-MATCHED
-PRED-008\T1/lmr/m/n/10 , \T1/lmtt/m/n/10 SCI-FLT-MATCHED-PRED-
 []


Underfull \hbox (badness 10000) in paragraph at lines 328--328
[]|\T1/lmtt/m/n/10 SCI-FLT-MATCHED-CT-
 []


Underfull \hbox (badness 8132) in paragraph at lines 328--329
[]|\T1/lmtt/m/n/10 SCI-FLT-MATCHED-REQ-023\T1/lmr/m/n/10 --\T1/lmtt/m/n/10 SCI-
FLT-MATCHED-REQ-027\T1/lmr/m/n/10 , \T1/lmtt/m/n/10 SCI-FLT-MATCHED-
 []


Underfull \hbox (badness 10000) in paragraph at lines 329--329
[]|\T1/lmtt/m/n/10 SCI-FLT-MATCHED-CT-
 []


Underfull \hbox (badness 10000) in paragraph at lines 332--332
[]|\T1/lmtt/m/n/10 SCI-FLT-MATCHED-CT-
 []


Underfull \hbox (badness 10000) in paragraph at lines 335--335
[]|\T1/lmtt/m/n/10 SCI-FLT-MATCHED-CT-
 []


Underfull \hbox (badness 10000) in paragraph at lines 337--337
[]|\T1/lmtt/m/n/10 SCI-FLT-MATCHED-CT-
 []

[27]
Underfull \hbox (badness 10000) in paragraph at lines 348--348
[]|\T1/lmtt/m/n/10 SCI-FLT-MATCHED-PRED-
 []


Underfull \hbox (badness 10000) in paragraph at lines 348--348
\T1/lmtt/m/n/10 001\T1/lmr/m/n/10 --\T1/lmtt/m/n/10 SCI-FLT-MATCHED-
 []


Underfull \hbox (badness 2189) in paragraph at lines 351--352
[]|\T1/lmr/m/n/10 Scientific or op-er-a-tor
 []


Underfull \hbox (badness 10000) in paragraph at lines 352--352
[]|\T1/lmtt/m/n/10 SCI-FLT-MATCHED-PRED-
 []


Underfull \hbox (badness 10000) in paragraph at lines 352--352
\T1/lmtt/m/n/10 004\T1/lmr/m/n/10 --\T1/lmtt/m/n/10 SCI-FLT-MATCHED-
 []


Underfull \hbox (badness 10000) in paragraph at lines 355--355
[]|\T1/lmtt/m/n/10 SCI-FLT-MATCHED-PRED-
 []


Underfull \hbox (badness 10000) in paragraph at lines 355--355
\T1/lmtt/m/n/10 006\T1/lmr/m/n/10 --\T1/lmtt/m/n/10 SCI-FLT-MATCHED-
 []


Underfull \hbox (badness 1701) in paragraph at lines 357--358
[]|\T1/lmr/m/n/10 State/NOI con-for-mity
 []


Underfull \hbox (badness 10000) in paragraph at lines 358--358
[]|\T1/lmtt/m/n/10 SCI-FLT-MATCHED-PRED-
 []


Underfull \hbox (badness 10000) in paragraph at lines 358--358
\T1/lmtt/m/n/10 008\T1/lmr/m/n/10 --\T1/lmtt/m/n/10 SCI-FLT-MATCHED-
 []


Underfull \hbox (badness 10000) in paragraph at lines 360--362
\T1/lmr/m/n/10 numerical-conformance
 []


Underfull \hbox (badness 10000) in paragraph at lines 362--362
[]|\T1/lmtt/m/n/10 SCI-FLT-MATCHED-PRED-
 []


Underfull \hbox (badness 10000) in paragraph at lines 362--362
\T1/lmtt/m/n/10 011\T1/lmr/m/n/10 --\T1/lmtt/m/n/10 SCI-FLT-MATCHED-
 []


Underfull \hbox (badness 10000) in paragraph at lines 365--365
[]|\T1/lmtt/m/n/10 SCI-FLT-MATCHED-PRED-
 []


Underfull \hbox (badness 10000) in paragraph at lines 365--365
\T1/lmtt/m/n/10 014\T1/lmr/m/n/10 --\T1/lmtt/m/n/10 SCI-FLT-MATCHED-
 []


Underfull \hbox (badness 2376) in paragraph at lines 365--366
[]|\T1/lmr/m/n/10 Template rescal-ing, non-in-vari-ant re-sponse probes,
 []


Underfull \hbox (badness 1215) in paragraph at lines 365--366
\T1/lmr/m/n/10 unavailable-route re-quests, and com-plete FLT-side
 []


Underfull \hbox (badness 1436) in paragraph at lines 367--368
[]|\T1/lmr/m/n/10 Unit, re-sponse, se-lec-
 []


Underfull \hbox (badness 10000) in paragraph at lines 368--368
[]|\T1/lmtt/m/n/10 SCI-FLT-MATCHED-PRED-
 []


Underfull \hbox (badness 10000) in paragraph at lines 370--371
[]|\T1/lmr/m/n/10 Conformance claim
 []


Underfull \hbox (badness 10000) in paragraph at lines 371--371
[]|\T1/lmtt/m/n/10 SCI-FLT-MATCHED-PRED-
 []


Underfull \hbox (badness 10000) in paragraph at lines 371--371
\T1/lmtt/m/n/10 019\T1/lmr/m/n/10 --\T1/lmtt/m/n/10 SCI-FLT-MATCHED-
 []


Underfull \hbox (badness 4391) in paragraph at lines 371--373
[]|\T1/lmr/m/n/10 Two-template, con-stant/gradient back-ground, off-
 []


Underfull \hbox (badness 1253) in paragraph at lines 371--373
\T1/lmr/m/n/10 diagonal-response, and mismatched-shape con-struc-
 []


Underfull \hbox (badness 10000) in paragraph at lines 373--374
[]|\T1/lmr/m/n/10 General-sky re-sponse
 []


Underfull \hbox (badness 10000) in paragraph at lines 374--374
[]|\T1/lmtt/m/n/10 SCI-FLT-MATCHED-PRED-
 []


Underfull \hbox (badness 10000) in paragraph at lines 374--374
\T1/lmtt/m/n/10 023\T1/lmr/m/n/10 --\T1/lmtt/m/n/10 SCI-FLT-MATCHED-
 []


Underfull \hbox (badness 10000) in paragraph at lines 377--379
[]|\T1/lmr/m/n/10 Response-family or
 []


Underfull \hbox (badness 10000) in paragraph at lines 377--379
\T1/lmr/m/n/10 realized-covariance
 []

[28] [29] (engineering-conformance.aux)
Package rerunfilecheck Info: File `engineering-conformance.out' has not changed
.
(rerunfilecheck)             Checksum: 56A98E5C100D05DFDA0198B8252E9542;21093.
 )
Output written on engineering-conformance.xdv (33 pages, 226600 bytes).
