**
(scientific-rationale.tex
LaTeX2e <2021-11-15> patch level 1
L3 programming layer <2022-02-24> (article.cls
Document Class: article 2021/10/04 v1.4n Standard LaTeX document class
(size11.clo
File: size11.clo 2021/10/04 v1.4n Standard LaTeX file (size option)
)
\c@part=\count181
\c@section=\count182
\c@subsection=\count183
\c@subsubsection=\count184
\c@paragraph=\count185
\c@subparagraph=\count186
\c@figure=\count187
\c@table=\count188
\abovecaptionskip=\skip47
\belowcaptionskip=\skip48
\bibindent=\dimen138
) (fontenc.sty
Package: fontenc 2021/04/29 v2.0v Standard LaTeX package
LaTeX Font Info:    Trying to load font information for T1+lmr on input line 11
2.
 (t1lmr.fd
File: t1lmr.fd 2015/05/01 v1.6.1 Font defs for Latin Modern
)) (inputenc.sty
Package: inputenc 2021/02/14 v1.3d Input encoding file
\inpenc@prehook=\toks16
\inpenc@posthook=\toks17


Package inputenc Warning: inputenc package ignored with utf8 based engines.

) (lmodern.sty
Package: lmodern 2015/05/01 v1.6.1 Latin Modern Fonts
LaTeX Font Info:    Overwriting symbol font `operators' in version `normal'
(Font)                  OT1/cmr/m/n --> OT1/lmr/m/n on input line 22.
LaTeX Font Info:    Overwriting symbol font `letters' in version `normal'
(Font)                  OML/cmm/m/it --> OML/lmm/m/it on input line 23.
LaTeX Font Info:    Overwriting symbol font `symbols' in version `normal'
(Font)                  OMS/cmsy/m/n --> OMS/lmsy/m/n on input line 24.
LaTeX Font Info:    Overwriting symbol font `largesymbols' in version `normal'
(Font)                  OMX/cmex/m/n --> OMX/lmex/m/n on input line 25.
LaTeX Font Info:    Overwriting symbol font `operators' in version `bold'
(Font)                  OT1/cmr/bx/n --> OT1/lmr/bx/n on input line 26.
LaTeX Font Info:    Overwriting symbol font `letters' in version `bold'
(Font)                  OML/cmm/b/it --> OML/lmm/b/it on input line 27.
LaTeX Font Info:    Overwriting symbol font `symbols' in version `bold'
(Font)                  OMS/cmsy/b/n --> OMS/lmsy/b/n on input line 28.
LaTeX Font Info:    Overwriting symbol font `largesymbols' in version `bold'
(Font)                  OMX/cmex/m/n --> OMX/lmex/m/n on input line 29.
LaTeX Font Info:    Overwriting math alphabet `\mathbf' in version `normal'
(Font)                  OT1/cmr/bx/n --> OT1/lmr/bx/n on input line 31.
LaTeX Font Info:    Overwriting math alphabet `\mathsf' in version `normal'
(Font)                  OT1/cmss/m/n --> OT1/lmss/m/n on input line 32.
LaTeX Font Info:    Overwriting math alphabet `\mathit' in version `normal'
(Font)                  OT1/cmr/m/it --> OT1/lmr/m/it on input line 33.
LaTeX Font Info:    Overwriting math alphabet `\mathtt' in version `normal'
(Font)                  OT1/cmtt/m/n --> OT1/lmtt/m/n on input line 34.
LaTeX Font Info:    Overwriting math alphabet `\mathbf' in version `bold'
(Font)                  OT1/cmr/bx/n --> OT1/lmr/bx/n on input line 35.
LaTeX Font Info:    Overwriting math alphabet `\mathsf' in version `bold'
(Font)                  OT1/cmss/bx/n --> OT1/lmss/bx/n on input line 36.
LaTeX Font Info:    Overwriting math alphabet `\mathit' in version `bold'
(Font)                  OT1/cmr/bx/it --> OT1/lmr/bx/it on input line 37.
LaTeX Font Info:    Overwriting math alphabet `\mathtt' in version `bold'
(Font)                  OT1/cmtt/m/n --> OT1/lmtt/m/n on input line 38.
) (geometry.sty
Package: geometry 2020/01/02 v5.9 Page Geometry
 (keyval.sty
Package: keyval 2014/10/28 v1.15 key=value parser (DPC)
\KV@toks@=\toks18
) (ifvtex.sty
Package: ifvtex 2019/10/25 v1.7 ifvtex legacy package. Use iftex instead.
 (iftex.sty
Package: iftex 2022/02/03 v1.0f TeX engine tests
))
\Gm@cnth=\count189
\Gm@cntv=\count190
\c@Gm@tempcnt=\count191
\Gm@bindingoffset=\dimen139
\Gm@wd@mp=\dimen140
\Gm@odd@mp=\dimen141
\Gm@even@mp=\dimen142
\Gm@layoutwidth=\dimen143
\Gm@layoutheight=\dimen144
\Gm@layouthoffset=\dimen145
\Gm@layoutvoffset=\dimen146
\Gm@dimlist=\toks19
)
(amsmath.sty
Package: amsmath 2021/10/15 v2.17l AMS math features
\@mathmargin=\skip49

For additional information on amsmath, use the `?' option.
(amstext.sty
Package: amstext 2021/08/26 v2.01 AMS text
 (amsgen.sty
File: amsgen.sty 1999/11/30 v2.0 generic functions
\@emptytoks=\toks20
\ex@=\dimen147
)) (amsbsy.sty
Package: amsbsy 1999/11/29 v1.2d Bold Symbols
\pmbraise@=\dimen148
) (amsopn.sty
Package: amsopn 2021/08/26 v2.02 operator names
)
\inf@bad=\count192
LaTeX Info: Redefining \frac on input line 234.
\uproot@=\count193
\leftroot@=\count194
LaTeX Info: Redefining \overline on input line 399.
\classnum@=\count195
\DOTSCASE@=\count196
LaTeX Info: Redefining \ldots on input line 496.
LaTeX Info: Redefining \dots on input line 499.
LaTeX Info: Redefining \cdots on input line 620.
\Mathstrutbox@=\box50
\strutbox@=\box51
\big@size=\dimen149
LaTeX Font Info:    Redeclaring font encoding OML on input line 743.
LaTeX Font Info:    Redeclaring font encoding OMS on input line 744.
\macc@depth=\count197
\c@MaxMatrixCols=\count198
\dotsspace@=\muskip16
\c@parentequation=\count199
\dspbrk@lvl=\count266
\tag@help=\toks21
\row@=\count267
\column@=\count268
\maxfields@=\count269
\andhelp@=\toks22
\eqnshift@=\dimen150
\alignsep@=\dimen151
\tagshift@=\dimen152
\tagwidth@=\dimen153
\totwidth@=\dimen154
\lineht@=\dimen155
\@envbody=\toks23
\multlinegap=\skip50
\multlinetaggap=\skip51
\mathdisplay@stack=\toks24
LaTeX Info: Redefining \[ on input line 2938.
LaTeX Info: Redefining \] on input line 2939.
) (amssymb.sty
Package: amssymb 2013/01/14 v3.01 AMS font symbols

(amsfonts.sty
Package: amsfonts 2013/01/14 v3.01 Basic AMSFonts support
\symAMSa=\mathgroup4
\symAMSb=\mathgroup5
LaTeX Font Info:    Redeclaring math symbol \hbar on input line 98.
LaTeX Font Info:    Overwriting math alphabet `\mathfrak' in version `bold'
(Font)                  U/euf/m/n --> U/euf/b/n on input line 106.
)) (mathtools.sty
Package: mathtools 2022/02/07 v1.28a mathematical typesetting tools
 (calc.sty
Package: calc 2017/05/25 v4.3 Infix arithmetic (KKT,FJ)
\calc@Acount=\count270
\calc@Bcount=\count271
\calc@Adimen=\dimen156
\calc@Bdimen=\dimen157
\calc@Askip=\skip52
\calc@Bskip=\skip53
LaTeX Info: Redefining \setlength on input line 80.
LaTeX Info: Redefining \addtolength on input line 81.
\calc@Ccount=\count272
\calc@Cskip=\skip54
) (mhsetup.sty
Package: mhsetup 2021/03/18 v1.4 programming setup (MH)
)
\g_MT_multlinerow_int=\count273
\l_MT_multwidth_dim=\dimen158
\origjot=\skip55
\l_MT_shortvdotswithinadjustabove_dim=\dimen159
\l_MT_shortvdotswithinadjustbelow_dim=\dimen160
\l_MT_above_intertext_sep=\dimen161
\l_MT_below_intertext_sep=\dimen162
\l_MT_above_shortintertext_sep=\dimen163
\l_MT_below_shortintertext_sep=\dimen164
\xmathstrut@box=\box52
\xmathstrut@dim=\dimen165
) (booktabs.sty
Package: booktabs 2020/01/12 v1.61803398 Publication quality tables
\heavyrulewidth=\dimen166
\lightrulewidth=\dimen167
\cmidrulewidth=\dimen168
\belowrulesep=\dimen169
\belowbottomsep=\dimen170
\aboverulesep=\dimen171
\abovetopsep=\dimen172
\cmidrulesep=\dimen173
\cmidrulekern=\dimen174
\defaultaddspace=\dimen175
\@cmidla=\count274
\@cmidlb=\count275
\@aboverulesep=\dimen176
\@belowrulesep=\dimen177
\@thisruleclass=\count276
\@lastruleclass=\count277
\@thisrulewidth=\dimen178
)
(longtable.sty
Package: longtable 2021-09-01 v4.17 Multi-page Table package (DPC)
\LTleft=\skip56
\LTright=\skip57
\LTpre=\skip58
\LTpost=\skip59
\LTchunksize=\count278
\LTcapwidth=\dimen179
\LT@head=\box53
\LT@firsthead=\box54
\LT@foot=\box55
\LT@lastfoot=\box56
\LT@gbox=\box57
\LT@cols=\count279
\LT@rows=\count280
\c@LT@tables=\count281
\c@LT@chunks=\count282
\LT@p@ftn=\toks25
) (array.sty
Package: array 2021/10/04 v2.5f Tabular extension package (FMi)
\col@sep=\dimen180
\ar@mcellbox=\box58
\extrarowheight=\dimen181
\NC@list=\toks26
\extratabsurround=\skip60
\backup@length=\skip61
\ar@cellbox=\box59
) (tabularx.sty
Package: tabularx 2020/01/15 v2.11c `tabularx' package (DPC)
\TX@col@width=\dimen182
\TX@old@table=\dimen183
\TX@old@col=\dimen184
\TX@target=\dimen185
\TX@delta=\dimen186
\TX@cols=\count283
\TX@ftn=\toks27
) (xcolor.sty
Package: xcolor 2021/10/31 v2.13 LaTeX color extensions (UK)
 (color.cfg
File: color.cfg 2016/01/02 v1.6 sample color configuration
)
Package xcolor Info: Driver file: xetex.def on input line 227.
 (xetex.def
File: xetex.def 2021/03/18 v5.0k Graphics/color driver for xetex
)
Package xcolor Info: Model `cmy' substituted by `cmy0' on input line 1352.
Package xcolor Info: Model `RGB' extended on input line 1368.
Package xcolor Info: Model `HTML' substituted by `rgb' on input line 1370.
Package xcolor Info: Model `Hsb' substituted by `hsb' on input line 1371.
Package xcolor Info: Model `tHsb' substituted by `hsb' on input line 1372.
Package xcolor Info: Model `HSB' substituted by `hsb' on input line 1373.
Package xcolor Info: Model `Gray' substituted by `gray' on input line 1374.
Package xcolor Info: Model `wave' substituted by `hsb' on input line 1375.
) (microtype.sty
Package: microtype 2022/03/14 v3.0d Micro-typographical refinements (RS)
 (etoolbox.sty
Package: etoolbox 2020/10/05 v2.5k e-TeX tools for LaTeX (JAW)
\etb@tempcnta=\count284
)
\MT@toks=\toks28
\MT@tempbox=\box60
\MT@count=\count285
LaTeX Info: Redefining \noprotrusionifhmode on input line 1027.
LaTeX Info: Redefining \leftprotrusion on input line 1028.
LaTeX Info: Redefining \rightprotrusion on input line 1036.
LaTeX Info: Redefining \textls on input line 1195.
\MT@outer@kern=\dimen187
LaTeX Info: Redefining \textmicrotypecontext on input line 1781.
\MT@listname@count=\count286
 (microtype-xetex.def
File: microtype-xetex.def 2022/03/14 v3.0d Definitions specific to xetex (RS)
LaTeX Info: Redefining \lsstyle on input line 236.
)
Package microtype Info: Loading configuration file microtype.cfg.
 (microtype.cfg
File: microtype.cfg 2022/03/14 v3.0d microtype main configuration file (RS)
))
(fancyhdr.sty
Package: fancyhdr 2021/01/28 v4.0.1 Extensive control of page headers and foote
rs
\f@nch@headwidth=\skip62
\f@nch@O@elh=\skip63
\f@nch@O@erh=\skip64
\f@nch@O@olh=\skip65
\f@nch@O@orh=\skip66
\f@nch@O@elf=\skip67
\f@nch@O@erf=\skip68
\f@nch@O@olf=\skip69
\f@nch@O@orf=\skip70
) (hyperref.sty
Package: hyperref 2022-02-21 v7.00n Hypertext links for LaTeX
 (ltxcmds.sty
Package: ltxcmds 2020-05-10 v1.25 LaTeX kernel commands for general use (HO)
) (pdftexcmds.sty
Package: pdftexcmds 2020-06-27 v0.33 Utility functions of pdfTeX for LuaTeX (HO
)
 (infwarerr.sty
Package: infwarerr 2019/12/03 v1.5 Providing info/warning/error messages (HO)
)
Package pdftexcmds Info: \pdf@primitive is available.
Package pdftexcmds Info: \pdf@ifprimitive is available.
Package pdftexcmds Info: \pdfdraftmode not found.
)
(kvsetkeys.sty
Package: kvsetkeys 2019/12/15 v1.18 Key value parser (HO)
) (kvdefinekeys.sty
Package: kvdefinekeys 2019-12-19 v1.6 Define keys (HO)
) (pdfescape.sty
Package: pdfescape 2019/12/09 v1.15 Implements pdfTeX's escape features (HO)
) (hycolor.sty
Package: hycolor 2020-01-27 v1.10 Color options for hyperref/bookmark (HO)
)
(letltxmacro.sty
Package: letltxmacro 2019/12/03 v1.6 Let assignment for LaTeX macros (HO)
) (auxhook.sty
Package: auxhook 2019-12-17 v1.6 Hooks for auxiliary files (HO)
) (kvoptions.sty
Package: kvoptions 2020-10-07 v3.14 Key value format for package options (HO)
)
\@linkdim=\dimen188
\Hy@linkcounter=\count287
\Hy@pagecounter=\count288
 (pd1enc.def
File: pd1enc.def 2022-02-21 v7.00n Hyperref: PDFDocEncoding definition (HO)
) (intcalc.sty
Package: intcalc 2019/12/15 v1.3 Expandable calculations with integers (HO)
)
(etexcmds.sty
Package: etexcmds 2019/12/15 v1.7 Avoid name clashes with e-TeX commands (HO)
)
\Hy@SavedSpaceFactor=\count289
 (puenc.def
File: puenc.def 2022-02-21 v7.00n Hyperref: PDF Unicode definition (HO)
)
Package hyperref Info: Hyper figures OFF on input line 4137.
Package hyperref Info: Link nesting OFF on input line 4142.
Package hyperref Info: Hyper index ON on input line 4145.
Package hyperref Info: Plain pages OFF on input line 4152.
Package hyperref Info: Backreferencing OFF on input line 4157.
Package hyperref Info: Implicit mode ON; LaTeX internals redefined.
Package hyperref Info: Bookmarks ON on input line 4390.
\c@Hy@tempcnt=\count290
 (url.sty
\Urlmuskip=\muskip17
Package: url 2013/09/16  ver 3.4  Verb mode for urls, etc.
)
LaTeX Info: Redefining \url on input line 4749.
\XeTeXLinkMargin=\dimen189
 (bitset.sty
Package: bitset 2019/12/09 v1.3 Handle bit-vector datatype (HO)
 (bigintcalc.sty
Package: bigintcalc 2019/12/15 v1.5 Expandable calculations on big integers (HO
)
))
\Fld@menulength=\count291
\Field@Width=\dimen190
\Fld@charsize=\dimen191
Package hyperref Info: Hyper figures OFF on input line 6027.
Package hyperref Info: Link nesting OFF on input line 6032.
Package hyperref Info: Hyper index ON on input line 6035.
Package hyperref Info: backreferencing OFF on input line 6042.
Package hyperref Info: Link coloring OFF on input line 6047.
Package hyperref Info: Link coloring with OCG OFF on input line 6052.
Package hyperref Info: PDF/A mode OFF on input line 6057.
LaTeX Info: Redefining \ref on input line 6097.
LaTeX Info: Redefining \pageref on input line 6101.

(atbegshi-ltx.sty
Package: atbegshi-ltx 2021/01/10 v1.0c Emulation of the original atbegshi
package with kernel methods
)
\Hy@abspage=\count292
\c@Item=\count293
\c@Hfootnote=\count294
)
Package hyperref Info: Driver (autodetected): hxetex.
 (hxetex.def
File: hxetex.def 2022-02-21 v7.00n Hyperref driver for XeTeX
 (stringenc.sty
Package: stringenc 2019/11/29 v1.12 Convert strings between diff. encodings (HO
)
)
\pdfm@box=\box61
\c@Hy@AnnotLevel=\count295
\HyField@AnnotCount=\count296
\Fld@listcount=\count297
\c@bookmark@seq@number=\count298
 (rerunfilecheck.sty
Package: rerunfilecheck 2019/12/05 v1.9 Rerun checks for auxiliary files (HO)

(atveryend-ltx.sty
Package: atveryend-ltx 2020/08/19 v1.0a Emulation of the original atveryend pac
kage
with kernel methods
) (uniquecounter.sty
Package: uniquecounter 2019/12/15 v1.4 Provide unlimited unique counter (HO)
)
Package uniquecounter Info: New unique counter `rerunfilecheck' on input line 2
86.
)
\Hy@SectionHShift=\skip71
) (enumitem.sty
Package: enumitem 2019/06/20 v3.9 Customized lists
\labelindent=\skip72
\enit@outerparindent=\dimen192
\enit@toks=\toks29
\enit@inbox=\box62
\enit@count@id=\count299
\enitdp@description=\count300
)
Package hyperref Info: Option `colorlinks' set `true' on input line 19.
 (l3backend-xetex.def
File: l3backend-xetex.def 2022-02-07 L3 backend support: XeTeX
\c__kernel_sys_dvipdfmx_version_int=\count301
\l__color_backend_stack_int=\count302
\g__color_backend_stack_int=\count303
\g__graphics_track_int=\count304
\l__pdf_internal_box=\box63
\g__pdf_backend_object_int=\count305
\g__pdf_backend_annotation_int=\count306
\g__pdf_backend_link_int=\count307
)
(scientific-rationale.aux)
\openout1 = `scientific-rationale.aux'.

LaTeX Font Info:    Checking defaults for OML/cmm/m/it on input line 41.
LaTeX Font Info:    ... okay on input line 41.
LaTeX Font Info:    Checking defaults for OMS/cmsy/m/n on input line 41.
LaTeX Font Info:    ... okay on input line 41.
LaTeX Font Info:    Checking defaults for OT1/cmr/m/n on input line 41.
LaTeX Font Info:    ... okay on input line 41.
LaTeX Font Info:    Checking defaults for T1/cmr/m/n on input line 41.
LaTeX Font Info:    ... okay on input line 41.
LaTeX Font Info:    Checking defaults for TS1/cmr/m/n on input line 41.
LaTeX Font Info:    Trying to load font information for TS1+cmr on input line 4
1.
 (ts1cmr.fd
File: ts1cmr.fd 2019/12/16 v2.5j Standard LaTeX font definitions
)
LaTeX Font Info:    ... okay on input line 41.
LaTeX Font Info:    Checking defaults for TU/lmr/m/n on input line 41.
LaTeX Font Info:    ... okay on input line 41.
LaTeX Font Info:    Checking defaults for OMX/cmex/m/n on input line 41.
LaTeX Font Info:    ... okay on input line 41.
LaTeX Font Info:    Checking defaults for U/cmr/m/n on input line 41.
LaTeX Font Info:    ... okay on input line 41.
LaTeX Font Info:    Checking defaults for PD1/pdf/m/n on input line 41.
LaTeX Font Info:    ... okay on input line 41.
LaTeX Font Info:    Checking defaults for PU/pdf/m/n on input line 41.
LaTeX Font Info:    ... okay on input line 41.

*geometry* driver: auto-detecting
*geometry* detected driver: xetex
*geometry* verbose mode - [ preamble ] result:
* driver: xetex
* paper: <default>
* layout: <same size as paper>
* layoutoffset:(h,v)=(0.0pt,0.0pt)
* modes:
* h-part:(L,W,R)=(62.15224pt, 489.99052pt, 62.15224pt)
* v-part:(T,H,B)=(62.15224pt, 670.66551pt, 62.15224pt)
* \paperwidth=614.295pt
* \paperheight=794.96999pt
* \textwidth=489.99052pt
* \textheight=670.66551pt
* \oddsidemargin=-10.11775pt
* \evensidemargin=-10.11775pt
* \topmargin=-50.11775pt
* \headheight=15.0pt
* \headsep=25.0pt
* \topskip=11.0pt
* \footskip=30.0pt
* \marginparwidth=59.0pt
* \marginparsep=10.0pt
* \columnsep=10.0pt
* \skip\footins=10.0pt plus 4.0pt minus 2.0pt
* \hoffset=0.0pt
* \voffset=0.0pt
* \mag=1000
* \@twocolumnfalse
* \@twosidefalse
* \@mparswitchfalse
* \@reversemarginfalse
* (1in=72.27pt=25.4mm, 1cm=28.453pt)

(graphicx.sty
Package: graphicx 2021/09/16 v1.2d Enhanced LaTeX Graphics (DPC,SPQR)
 (graphics.sty
Package: graphics 2021/03/04 v1.4d Standard LaTeX Graphics (DPC,SPQR)
 (trig.sty
Package: trig 2021/08/11 v1.11 sin cos tan (DPC)
) (graphics.cfg
File: graphics.cfg 2016/06/04 v1.11 sample graphics configuration
)
Package graphics Info: Driver file: xetex.def on input line 107.
)
\Gin@req@height=\dimen193
\Gin@req@width=\dimen194
)
LaTeX Info: Redefining \microtypecontext on input line 41.
Package microtype Info: Applying patch `item' on input line 41.
Package microtype Info: Applying patch `toc' on input line 41.
Package microtype Info: Applying patch `eqnum' on input line 41.
Package microtype Info: Applying patch `footnote' on input line 41.
Package microtype Info: Character protrusion enabled (level 2).
Package microtype Info: Using default protrusion set `alltext'.
Package microtype Info: No adjustment of tracking.
Package microtype Info: No adjustment of spacing.
Package microtype Info: No adjustment of kerning.
 (mt-cmr.cfg
File: mt-cmr.cfg 2013/05/19 v2.2 microtype config. file: Computer Modern Roman
(RS)
)
Package hyperref Info: Link coloring ON on input line 41.

(nameref.sty
Package: nameref 2021-04-02 v2.47 Cross-referencing by name of section
 (refcount.sty
Package: refcount 2019/12/15 v3.6 Data extraction from label references (HO)
) (gettitlestring.sty
Package: gettitlestring 2019/12/15 v1.6 Cleanup title references (HO)
)
\c@section@level=\count308
)
LaTeX Info: Redefining \ref on input line 41.
LaTeX Info: Redefining \pageref on input line 41.
LaTeX Info: Redefining \nameref on input line 41.
 (scientific-rationale.out)
(scientific-rationale.out)
\@outlinefile=\write3
\openout3 = `scientific-rationale.out'.

Package hyperref Info: Option `pageanchor' set `false' on input line 42.
LaTeX Font Info:    Trying to load font information for OT1+lmr on input line 5
4.
 (ot1lmr.fd
File: ot1lmr.fd 2015/05/01 v1.6.1 Font defs for Latin Modern
)
LaTeX Font Info:    Trying to load font information for OML+lmm on input line 5
4.
 (omllmm.fd
File: omllmm.fd 2015/05/01 v1.6.1 Font defs for Latin Modern
)
LaTeX Font Info:    Trying to load font information for OMS+lmsy on input line
54.
 (omslmsy.fd
File: omslmsy.fd 2015/05/01 v1.6.1 Font defs for Latin Modern
)
LaTeX Font Info:    Trying to load font information for OMX+lmex on input line
54.
 (omxlmex.fd
File: omxlmex.fd 2015/05/01 v1.6.1 Font defs for Latin Modern
)
LaTeX Font Info:    External font `lmex10' loaded for size
(Font)              <10.95> on input line 54.
LaTeX Font Info:    External font `lmex10' loaded for size
(Font)              <8> on input line 54.
LaTeX Font Info:    External font `lmex10' loaded for size
(Font)              <6> on input line 54.
LaTeX Font Info:    Trying to load font information for U+msa on input line 54.


(umsa.fd
File: umsa.fd 2013/01/14 v3.01 AMS symbols A
) (mt-msa.cfg
File: mt-msa.cfg 2006/02/04 v1.1 microtype config. file: AMS symbols (a) (RS)
)
LaTeX Font Info:    Trying to load font information for U+msb on input line 54.

 (umsb.fd
File: umsb.fd 2013/01/14 v3.01 AMS symbols B
) (mt-msb.cfg
File: mt-msb.cfg 2005/06/01 v1.0 microtype config. file: AMS symbols (b) (RS)
)
LaTeX Font Info:    Trying to load font information for T1+lmtt on input line 6
7.
 (t1lmtt.fd
File: t1lmtt.fd 2015/05/01 v1.6.1 Font defs for Latin Modern
)
Package microtype Info: Loading generic protrusion settings for font family
(microtype)             `lmtt' (encoding: T1).
(microtype)             For optimal results, create family-specific settings.
(microtype)             See the microtype manual for details.
 [1

]
Package hyperref Info: Option `pageanchor' set `true' on input line 71.

(scientific-rationale.toc [1

] [2])
\tf@toc=\write4
\openout4 = `scientific-rationale.toc'.

 [3] [1

] [2] (common/notation.tex [3]
LaTeX Font Info:    Trying to load font information for OT1+lmss on input line
92.

(ot1lmss.fd
File: ot1lmss.fd 2015/05/01 v1.6.1 Font defs for Latin Modern
)
Package microtype Info: Loading generic protrusion settings for font family
(microtype)             `lmss' (encoding: OT1).
(microtype)             For optimal results, create family-specific settings.
(microtype)             See the microtype manual for details.
 [4]) (common/definitions.tex [5]

Package enumitem Warning: Negative labelwidth. This does not make much
(enumitem)                sense, on input line 71.

[6]

Package enumitem Warning: Negative labelwidth. This does not make much
(enumitem)                sense, on input line 125.

[7]
LaTeX Font Info:    Trying to load font information for T1+lmss on input line 1
66.
 (t1lmss.fd
File: t1lmss.fd 2015/05/01 v1.6.1 Font defs for Latin Modern
)
Package microtype Info: Loading generic protrusion settings for font family
(microtype)             `lmss' (encoding: T1).
(microtype)             For optimal results, create family-specific settings.
(microtype)             See the microtype manual for details.
 [8] [9]) (common/equations.tex [10] [11] [12]
Underfull \hbox (badness 10000) in paragraph at lines 228--230
[]|\T1/lmr/m/n/10.95 Base prod-ucts con-di-tion on frozen state.
 []


Underfull \hbox (badness 10000) in paragraph at lines 228--230
\T1/lmr/m/n/10.95 Marginal-iza-tion over Learn--Resolve needs
 []


Underfull \hbox (badness 10000) in paragraph at lines 233--233
[]|\T1/lmr/m/n/10.95 Covariance
 []


Underfull \hbox (badness 10000) in paragraph at lines 238--238
[]|\T1/lmr/m/n/10.95 Template mis-
 []


Underfull \hbox (badness 6204) in paragraph at lines 238--238
\T1/lmr/m/n/10.95 match/unmodeled sys-tem-at-
 []

[13]) (common/assumptions.tex [14]
Underfull \hbox (badness 10000) in paragraph at lines 86--87
[]|\T1/lmr/m/n/10.95 Exact bun-dle iden-tity,
 []


Underfull \hbox (badness 2443) in paragraph at lines 86--87
\T1/lmr/m/n/10.95 class, gen-er-a-tion, group-ing,
 []


Underfull \hbox (badness 2799) in paragraph at lines 86--87
\T1/lmr/m/n/10.95 WCS/frame, sup-port, unit,
 []


Underfull \hbox (badness 10000) in paragraph at lines 87--88
[]|\T1/lmr/m/n/10.95 Missing, mu-ta-ble, de-
 []


Underfull \hbox (badness 10000) in paragraph at lines 88--90
[]|\T1/lmss/m/n/10.95 unavailable \T1/lmr/m/n/10.95 be-fore
 []


Underfull \hbox (badness 10000) in paragraph at lines 90--90
[]|\T1/lmr/m/n/10.95 Application
 []


Underfull \hbox (badness 7451) in paragraph at lines 90--90
[]|\T1/lmr/m/n/10.95 Observation or coadd de-
 []


Underfull \hbox (badness 1609) in paragraph at lines 90--91
\T1/lmr/m/n/10.95 bor-rowed state be-tween
 []


Underfull \hbox (badness 10000) in paragraph at lines 94--95
[]|\T1/lmr/m/n/10.95 Interpolated, sub-pixel,
 []


Underfull \hbox (badness 10000) in paragraph at lines 94--95
\T1/lmr/m/n/10.95 over-sam-pled, in-de-pen-
 []


Underfull \hbox (badness 10000) in paragraph at lines 94--95
\T1/lmr/m/n/10.95 dently sam-pled, or
 []


Underfull \hbox (badness 10000) in paragraph at lines 96--97
[]|\T1/lmss/m/n/10.95 unavailable \T1/lmr/m/n/10.95 un-der
 []


Underfull \hbox (badness 10000) in paragraph at lines 96--97
\T1/lmr/m/n/10.95 v0.1; re-quire a
 []


Underfull \hbox (badness 10000) in paragraph at lines 96--97
\T1/lmr/m/n/10.95 sep-a-rately named
 []


Underfull \hbox (badness 10000) in paragraph at lines 98--99
[]|\T1/lmr/m/n/10.95 Learned from tar-
 []


Underfull \hbox (badness 2846) in paragraph at lines 98--99
\T1/lmr/m/n/10.95 chart, am-bigu-ous scale,
 []


Underfull \hbox (badness 2326) in paragraph at lines 98--99
\T1/lmr/m/n/10.95 lossy rep-re-sen-ta-tion, or
 []


Underfull \hbox (badness 3291) in paragraph at lines 100--101
[]|\T1/lmss/m/n/10.95 unavailable\T1/lmr/m/n/10.95 ; no in-
 []


Underfull \hbox (badness 10000) in paragraph at lines 101--101
[]|\T1/lmr/m/n/10.95 Local do-main
 []


Underfull \hbox (badness 1199) in paragraph at lines 101--101
\T1/lmr/m/n/10.95 and ap-pli-ca-tion
 []


Underfull \hbox (badness 8151) in paragraph at lines 101--103
\T1/lmr/m/n/10.95 com-plete nonzero-coefficient
 []


Underfull \hbox (badness 3579) in paragraph at lines 105--107
\T1/lmr/m/n/10.95 an-chors \T1/lmss/m/n/10.95 un-avail-able\T1/lmr/m/n/10.95 ;
 []


Underfull \hbox (badness 10000) in paragraph at lines 107--109
[]|\T1/lmr/m/n/10.95 Selected \T1/lmtt/m/n/10.95 SCI-FLT-MATCHED-
 []


Underfull \hbox (badness 10000) in paragraph at lines 107--109
\T1/lmtt/m/n/10.95 AO-001\T1/lmr/m/n/10.95 , pop-u-la-tion, self-
 []


Underfull \hbox (badness 10000) in paragraph at lines 107--109
\T1/lmr/m/n/10.95 adjoint PSD op-er-a-tor,
 []


Underfull \hbox (badness 10000) in paragraph at lines 107--109
\T1/lmr/m/n/10.95 rank/null, reg-u-lar-iza-tion,
 []


Underfull \hbox (badness 3168) in paragraph at lines 111--112
[]|\T1/lmr/m/n/10.95 NaN, in-fi-nite, com-plex,
 []


Underfull \hbox (badness 1845) in paragraph at lines 111--112
\T1/lmr/m/n/10.95 zero, neg-a-tive, or null-
 []


Underfull \hbox (badness 2495) in paragraph at lines 113--114
\T1/lmss/m/n/10.95 failed\T1/lmr/m/n/10.95 ; never write
 []


Underfull \hbox (badness 4024) in paragraph at lines 114--114
[]|\T1/lmr/m/n/10.95 Numerical re-al-
 []


Underfull \hbox (badness 10000) in paragraph at lines 116--116
[]|\T1/lmr/m/n/10.95 Post-hoc pro-file, un-
 []


Underfull \hbox (badness 10000) in paragraph at lines 116--116
\T1/lmr/m/n/10.95 cov-ered modes, sup-
 []


Underfull \hbox (badness 4242) in paragraph at lines 119--120
[]|\T1/lmr/m/n/10.95 Fixed, full-procedure, re-al-
 []


Underfull \hbox (badness 10000) in paragraph at lines 119--120
\T1/lmr/m/n/10.95 do-main/query/representation
 []


Underfull \hbox (badness 10000) in paragraph at lines 120--122
[]|\T1/lmr/m/n/10.95 Undocumented ker-nel,
 []


Underfull \hbox (badness 10000) in paragraph at lines 120--122
\T1/lmr/m/n/10.95 as-sumed in-vari-ance,
 []


Underfull \hbox (badness 7415) in paragraph at lines 120--122
\T1/lmr/m/n/10.95 strength-ened fixed-state
 []


Underfull \hbox (badness 10000) in paragraph at lines 120--122
\T1/lmr/m/n/10.95 mean-ing, or un-re-con-
 []


Underfull \hbox (badness 10000) in paragraph at lines 123--124
[]|\T1/lmr/m/n/10.95 Response-dependent
 []


Underfull \hbox (badness 1014) in paragraph at lines 123--124
\T1/lmr/m/n/10.95 prod-uct or hand-off
 []


Underfull \hbox (badness 1648) in paragraph at lines 124--124
[]|\T1/lmr/m/n/10.95 Units and cal-i-
 []


Underfull \hbox (badness 4353) in paragraph at lines 125--126
[]|\T1/lmr/m/n/10.95 Unjustified flux, beam,
 []


Underfull \hbox (badness 10000) in paragraph at lines 125--126
\T1/lmr/m/n/10.95 source, or co-vari-ance
 []


Underfull \hbox (badness 1400) in paragraph at lines 127--129
[]|\T1/lmr/m/n/10.95 Matching au-tho-rized par-ent
 []


Underfull \hbox (badness 6188) in paragraph at lines 127--129
\T1/lmr/m/n/10.95 law, ac-tual $\OML/lmm/m/it/10.95 F[]$\T1/lmr/m/n/10.95 , com
-plete
 []


Underfull \hbox (badness 1629) in paragraph at lines 127--129
\T1/lmr/m/n/10.95 de-clared $\OML/lmm/m/it/10.95 P[]$\T1/lmr/m/n/10.95 , fi-nit
e nu-mer-i-
 []


Underfull \hbox (badness 10000) in paragraph at lines 129--133
[]|\T1/lmr/m/n/10.95 Missing pop-u-la-tion or
 []


Underfull \hbox (badness 8056) in paragraph at lines 129--133
\T1/lmr/m/n/10.95 con-di-tion-ing, failed or
 []


Underfull \hbox (badness 2065) in paragraph at lines 129--133
\T1/lmr/m/n/10.95 non-fi-nite draws on the
 []


Underfull \hbox (badness 3343) in paragraph at lines 129--133
\T1/lmr/m/n/10.95 fixed do-main, se-lec-tion
 []


Underfull \hbox (badness 10000) in paragraph at lines 129--133
\T1/lmr/m/n/10.95 on suc-cess-ful draws,
 []


Underfull \hbox (badness 10000) in paragraph at lines 129--133
\T1/lmr/m/n/10.95 tion, draw-dependent
 []


Underfull \hbox (badness 10000) in paragraph at lines 129--133
\T1/lmr/m/n/10.95 prop-a-ga-tion, un-named
 []


Underfull \hbox (badness 1642) in paragraph at lines 129--133
\T1/lmr/m/n/10.95 cal-i-bra-tion terms, omit-
 []


Underfull \hbox (badness 2318) in paragraph at lines 129--133
\T1/lmr/m/n/10.95 ted cor-re-la-tions treated
 []


Underfull \hbox (badness 4391) in paragraph at lines 129--133
\T1/lmr/m/n/10.95 as zero, or $\OML/lmm/m/it/10.95 d[]$ \T1/lmr/m/n/10.95 used
 []


Underfull \hbox (badness 10000) in paragraph at lines 136--137
[]|\T1/lmr/m/n/10.95 Per-member re-learn-ing,
 []


Underfull \hbox (badness 10000) in paragraph at lines 136--137
\T1/lmr/m/n/10.95 post-result ad-mis-sion,
 []


Underfull \hbox (badness 10000) in paragraph at lines 136--137
\T1/lmr/m/n/10.95 adapted sup-port, or
 []


Underfull \hbox (badness 10000) in paragraph at lines 137--139
[]|\T1/lmr/m/n/10.95 Member/anchor or
 []


Underfull \hbox (badness 10000) in paragraph at lines 137--139
\T1/lmr/m/n/10.95 NOI com-pan-ion
 []


Underfull \hbox (badness 10000) in paragraph at lines 137--139
\T1/lmr/m/n/10.95 sep-a-rate method
 []


Underfull \hbox (badness 2237) in paragraph at lines 139--139
\T1/lmr/m/n/10.95 use pol-icy, and im-mutable
 []


Underfull \hbox (badness 10000) in paragraph at lines 142--144
[]|\T1/lmr/m/n/10.95 Finite $\OMS/lmsy/m/n/10.95 Q[]$\T1/lmr/m/n/10.95 , se-lec
ted
 []


Underfull \hbox (badness 10000) in paragraph at lines 142--144
\T1/lmtt/m/n/10.95 SCI-FLT-MATCHED-AO-004
 []


Underfull \hbox (badness 2600) in paragraph at lines 142--144
\T1/lmr/m/n/10.95 re-quired, se-lected \T1/lmtt/m/n/10.95 SCI-FLT-
 []


Underfull \hbox (badness 10000) in paragraph at lines 142--144
\T1/lmtt/m/n/10.95 MATCHED-AO-005 \T1/lmr/m/n/10.95 for re-
 []


Underfull \hbox (badness 4303) in paragraph at lines 142--144
\T1/lmr/m/n/10.95 sponse re-con-struc-tion, and
 []


Underfull \hbox (badness 10000) in paragraph at lines 144--145
\T1/lmr/m/n/10.95 fu-ture query, un-doc-u-
 []


Underfull \hbox (badness 10000) in paragraph at lines 144--145
\T1/lmr/m/n/10.95 mented im-ple-men-ta-tion
 []


Underfull \hbox (badness 10000) in paragraph at lines 145--147
[]|\T1/lmr/m/n/10.95 Handoff/query \T1/lmss/m/n/10.95 un-
 []


Underfull \hbox (badness 10000) in paragraph at lines 145--147
\T1/lmr/m/n/10.95 suc-ces-sor en-ve-lope
 []


Underfull \hbox (badness 10000) in paragraph at lines 145--147
\T1/lmr/m/n/10.95 for new queries;
 []


Underfull \hbox (badness 10000) in paragraph at lines 145--147
\T1/lmr/m/n/10.95 sig-nal sta-tus is
 []

[15] [16]) (common/requirements.tex
Underfull \hbox (badness 10000) in paragraph at lines 10--10
[]|\T1/lmtt/m/n/10.95 SCI-FLT-MATCHED-REQ-
 []


Underfull \hbox (badness 10000) in paragraph at lines 13--13
[]|\T1/lmtt/m/n/10.95 SCI-FLT-MATCHED-REQ-
 []


Underfull \hbox (badness 10000) in paragraph at lines 15--15
[]|\T1/lmtt/m/n/10.95 SCI-FLT-MATCHED-REQ-
 []


Underfull \hbox (badness 10000) in paragraph at lines 18--18
[]|\T1/lmtt/m/n/10.95 SCI-FLT-MATCHED-REQ-
 []


Underfull \hbox (badness 10000) in paragraph at lines 20--20
[]|\T1/lmtt/m/n/10.95 SCI-FLT-MATCHED-REQ-
 []


Underfull \hbox (badness 10000) in paragraph at lines 24--24
[]|\T1/lmtt/m/n/10.95 SCI-FLT-MATCHED-REQ-
 []


Underfull \hbox (badness 10000) in paragraph at lines 26--26
[]|\T1/lmtt/m/n/10.95 SCI-FLT-MATCHED-REQ-
 []


Underfull \hbox (badness 7740) in paragraph at lines 26--30
[]|\T1/lmr/m/n/10.95 A re-al-iza-tion shall bind collision-free $\OML/lmm/m/it/
10.95 p=q=s=W[]$ \T1/lmr/m/n/10.95 no-ta-tion,
 []


Underfull \hbox (badness 10000) in paragraph at lines 30--30
[]|\T1/lmtt/m/n/10.95 SCI-FLT-MATCHED-REQ-
 []


Underfull \hbox (badness 10000) in paragraph at lines 33--33
[]|\T1/lmtt/m/n/10.95 SCI-FLT-MATCHED-REQ-
 []


Underfull \hbox (badness 10000) in paragraph at lines 36--36
[]|\T1/lmtt/m/n/10.95 SCI-FLT-MATCHED-REQ-
 []


Underfull \hbox (badness 10000) in paragraph at lines 40--40
[]|\T1/lmtt/m/n/10.95 SCI-FLT-MATCHED-REQ-
 []


Underfull \hbox (badness 10000) in paragraph at lines 43--43
[]|\T1/lmtt/m/n/10.95 SCI-FLT-MATCHED-REQ-
 []


Underfull \hbox (badness 10000) in paragraph at lines 48--48
[]|\T1/lmtt/m/n/10.95 SCI-FLT-MATCHED-REQ-
 []


Underfull \hbox (badness 2486) in paragraph at lines 48--51
[]|\T1/lmr/m/n/10.95 Every re-al-iza-tion shall iden-tify one owner-selected \T
1/lmtt/m/n/10.95 SCI-FLT-
 []


Underfull \hbox (badness 10000) in paragraph at lines 51--51
[]|\T1/lmtt/m/n/10.95 SCI-FLT-MATCHED-REQ-
 []


Underfull \hbox (badness 10000) in paragraph at lines 54--54
[]|\T1/lmtt/m/n/10.95 SCI-FLT-MATCHED-REQ-
 []


Underfull \hbox (badness 10000) in paragraph at lines 57--57
[]|\T1/lmtt/m/n/10.95 SCI-FLT-MATCHED-REQ-
 []


Underfull \hbox (badness 10000) in paragraph at lines 59--59
[]|\T1/lmtt/m/n/10.95 SCI-FLT-MATCHED-REQ-
 []


Underfull \hbox (badness 10000) in paragraph at lines 63--63
[]|\T1/lmtt/m/n/10.95 SCI-FLT-MATCHED-REQ-
 []


Underfull \hbox (badness 10000) in paragraph at lines 65--65
[]|\T1/lmtt/m/n/10.95 SCI-FLT-MATCHED-REQ-
 []


Underfull \hbox (badness 10000) in paragraph at lines 67--67
[]|\T1/lmtt/m/n/10.95 SCI-FLT-MATCHED-REQ-
 []


Underfull \hbox (badness 10000) in paragraph at lines 75--75
[]|\T1/lmtt/m/n/10.95 SCI-FLT-MATCHED-REQ-
 []


Underfull \hbox (badness 10000) in paragraph at lines 77--77
[]|\T1/lmtt/m/n/10.95 SCI-FLT-MATCHED-REQ-
 []


Underfull \hbox (badness 1043) in paragraph at lines 77--84
\T1/lmr/m/n/10.95 separated. U1 con-di-tional stochas-tic co-vari-ance, U2 cal-
i-bra-
 []


Underfull \hbox (badness 10000) in paragraph at lines 84--84
[]|\T1/lmtt/m/n/10.95 SCI-FLT-MATCHED-REQ-
 []


Underfull \hbox (badness 10000) in paragraph at lines 86--86
[]|\T1/lmtt/m/n/10.95 SCI-FLT-MATCHED-REQ-
 []


Underfull \hbox (badness 10000) in paragraph at lines 88--88
[]|\T1/lmtt/m/n/10.95 SCI-FLT-MATCHED-REQ-
 []


Underfull \hbox (badness 10000) in paragraph at lines 91--91
[]|\T1/lmtt/m/n/10.95 SCI-FLT-MATCHED-REQ-
 []


Underfull \hbox (badness 10000) in paragraph at lines 94--94
[]|\T1/lmtt/m/n/10.95 SCI-FLT-MATCHED-REQ-
 []


Underfull \hbox (badness 10000) in paragraph at lines 97--97
[]|\T1/lmtt/m/n/10.95 SCI-FLT-MATCHED-REQ-
 []


Underfull \hbox (badness 10000) in paragraph at lines 102--102
[]|\T1/lmtt/m/n/10.95 SCI-FLT-MATCHED-REQ-
 []


Underfull \hbox (badness 10000) in paragraph at lines 105--105
[]|\T1/lmtt/m/n/10.95 SCI-FLT-MATCHED-REQ-
 []


Underfull \hbox (badness 7981) in paragraph at lines 105--109
\T1/lmr/m/n/10.95 lin-ear am-pli-tude es-ti-ma-tion. Can-di-date se-lec-tion, p
o-si-
 []


Underfull \hbox (badness 10000) in paragraph at lines 109--109
[]|\T1/lmtt/m/n/10.95 SCI-FLT-MATCHED-REQ-
 []


Underfull \hbox (badness 10000) in paragraph at lines 114--114
[]|\T1/lmtt/m/n/10.95 SCI-FLT-MATCHED-REQ-
 []


Underfull \hbox (badness 10000) in paragraph at lines 118--118
[]|\T1/lmtt/m/n/10.95 SCI-FLT-MATCHED-REQ-
 []


Underfull \hbox (badness 10000) in paragraph at lines 122--122
[]|\T1/lmtt/m/n/10.95 SCI-FLT-MATCHED-REQ-
 []


Underfull \hbox (badness 10000) in paragraph at lines 125--125
[]|\T1/lmtt/m/n/10.95 SCI-FLT-MATCHED-REQ-
 []


Underfull \hbox (badness 10000) in paragraph at lines 128--128
[]|\T1/lmtt/m/n/10.95 SCI-FLT-MATCHED-REQ-
 []


Underfull \hbox (badness 10000) in paragraph at lines 131--131
[]|\T1/lmtt/m/n/10.95 SCI-FLT-MATCHED-REQ-
 []


Underfull \hbox (badness 10000) in paragraph at lines 133--133
[]|\T1/lmtt/m/n/10.95 SCI-FLT-MATCHED-REQ-
 []


Underfull \hbox (badness 2057) in paragraph at lines 133--137
[]|\T1/lmr/m/n/10.95 Every prod-uct shall bind ex-act MAP, tem-plate, NOI, and
 []


Underfull \hbox (badness 1205) in paragraph at lines 133--137
\T1/lmr/m/n/10.95 FLT-to-FRUIT bound-ary records, in-clud-ing $\OML/lmm/m/it/10
.95 K[]$ \T1/lmr/m/n/10.95 and $\OMS/lmsy/m/n/10.95 Q[]$\T1/lmr/m/n/10.95 ;
 []


Underfull \hbox (badness 1824) in paragraph at lines 133--137
\T1/lmr/m/n/10.95 the full re-al-iza-tion tu-ple; im-mutable prove-nance; sup-p
orted
 []


Underfull \hbox (badness 10000) in paragraph at lines 137--137
[]|\T1/lmtt/m/n/10.95 SCI-FLT-MATCHED-REQ-
 []


Underfull \hbox (badness 10000) in paragraph at lines 141--141
[]|\T1/lmtt/m/n/10.95 SCI-FLT-MATCHED-REQ-
 []


Underfull \hbox (badness 10000) in paragraph at lines 144--144
[]|\T1/lmtt/m/n/10.95 SCI-FLT-MATCHED-REQ-
 []


Underfull \hbox (badness 10000) in paragraph at lines 150--150
[]|\T1/lmtt/m/n/10.95 SCI-FLT-MATCHED-REQ-
 []


Underfull \hbox (badness 10000) in paragraph at lines 155--155
[]|\T1/lmtt/m/n/10.95 SCI-FLT-MATCHED-REQ-
 []


Underfull \hbox (badness 10000) in paragraph at lines 158--158
[]|\T1/lmtt/m/n/10.95 SCI-FLT-MATCHED-REQ-
 []


Underfull \hbox (badness 10000) in paragraph at lines 161--161
[]|\T1/lmtt/m/n/10.95 SCI-FLT-MATCHED-REQ-
 []


Underfull \hbox (badness 10000) in paragraph at lines 170--170
[]|\T1/lmtt/m/n/10.95 SCI-FLT-MATCHED-REQ-
 []


Underfull \hbox (badness 10000) in paragraph at lines 176--176
[]|\T1/lmtt/m/n/10.95 SCI-FLT-MATCHED-REQ-
 []


Underfull \hbox (badness 10000) in paragraph at lines 180--180
[]|\T1/lmtt/m/n/10.95 SCI-FLT-MATCHED-REQ-
 []


Underfull \hbox (badness 10000) in paragraph at lines 184--184
[]|\T1/lmtt/m/n/10.95 SCI-FLT-MATCHED-REQ-
 []


Underfull \hbox (badness 10000) in paragraph at lines 187--187
[]|\T1/lmtt/m/n/10.95 SCI-FLT-MATCHED-REQ-
 []


Underfull \hbox (badness 1655) in paragraph at lines 187--190
[]|\T1/lmr/m/n/10.95 Covariance zero-variance modes, ex-cluded or infinite-vari
ance
 []

[17] [18] [19] [20] [21]
Underfull \hbox (badness 10000) in paragraph at lines 214--214
[]|\T1/lmtt/m/n/10.95 SCI-FLT-MATCHED-PRED-
 []


Underfull \hbox (badness 10000) in paragraph at lines 216--216
[]|\T1/lmtt/m/n/10.95 SCI-FLT-MATCHED-PRED-
 []


Underfull \hbox (badness 10000) in paragraph at lines 218--218
[]|\T1/lmtt/m/n/10.95 SCI-FLT-MATCHED-PRED-
 []


Underfull \hbox (badness 10000) in paragraph at lines 220--220
[]|\T1/lmtt/m/n/10.95 SCI-FLT-MATCHED-PRED-
 []


Underfull \hbox (badness 10000) in paragraph at lines 222--222
[]|\T1/lmtt/m/n/10.95 SCI-FLT-MATCHED-PRED-
 []


Underfull \hbox (badness 10000) in paragraph at lines 224--224
[]|\T1/lmtt/m/n/10.95 SCI-FLT-MATCHED-PRED-
 []


Underfull \hbox (badness 10000) in paragraph at lines 226--226
[]|\T1/lmtt/m/n/10.95 SCI-FLT-MATCHED-PRED-
 []


Underfull \hbox (badness 10000) in paragraph at lines 229--229
[]|\T1/lmtt/m/n/10.95 SCI-FLT-MATCHED-PRED-
 []


Underfull \hbox (badness 4242) in paragraph at lines 229--234
[]|\T1/lmr/m/n/10.95 For the ex-act sci-en-tific fixed-state lin-ear map
 []


Underfull \hbox (badness 1215) in paragraph at lines 229--234
\T1/lmr/m/n/10.95 and au-tho-rized par-ent law, $[]\OT1/lmr/m/n/10.95 [\OML/lmm
/m/it/10.95 P[]Lm \OMS/lmsy/m/n/10.95 j \OML/lmm/m/it/10.95 h\OT1/lmr/m/n/10.95
 ] =
 []


Underfull \hbox (badness 10000) in paragraph at lines 235--235
[]|\T1/lmtt/m/n/10.95 SCI-FLT-MATCHED-PRED-
 []


Underfull \hbox (badness 10000) in paragraph at lines 238--238
[]|\T1/lmtt/m/n/10.95 SCI-FLT-MATCHED-PRED-
 []


Underfull \hbox (badness 10000) in paragraph at lines 241--241
[]|\T1/lmtt/m/n/10.95 SCI-FLT-MATCHED-PRED-
 []


Underfull \hbox (badness 10000) in paragraph at lines 243--243
[]|\T1/lmtt/m/n/10.95 SCI-FLT-MATCHED-PRED-
 []


Underfull \hbox (badness 10000) in paragraph at lines 245--245
[]|\T1/lmtt/m/n/10.95 SCI-FLT-MATCHED-PRED-
 []


Underfull \hbox (badness 10000) in paragraph at lines 247--247
[]|\T1/lmtt/m/n/10.95 SCI-FLT-MATCHED-PRED-
 []


Underfull \hbox (badness 10000) in paragraph at lines 252--252
[]|\T1/lmtt/m/n/10.95 SCI-FLT-MATCHED-PRED-
 []


Underfull \hbox (badness 10000) in paragraph at lines 254--254
[]|\T1/lmtt/m/n/10.95 SCI-FLT-MATCHED-PRED-
 []


Underfull \hbox (badness 10000) in paragraph at lines 256--256
[]|\T1/lmtt/m/n/10.95 SCI-FLT-MATCHED-PRED-
 []


Underfull \hbox (badness 10000) in paragraph at lines 259--259
[]|\T1/lmtt/m/n/10.95 SCI-FLT-MATCHED-PRED-
 []


Underfull \hbox (badness 10000) in paragraph at lines 262--262
[]|\T1/lmtt/m/n/10.95 SCI-FLT-MATCHED-PRED-
 []


Underfull \hbox (badness 10000) in paragraph at lines 264--264
[]|\T1/lmtt/m/n/10.95 SCI-FLT-MATCHED-PRED-
 []


Underfull \hbox (badness 1242) in paragraph at lines 264--266
[]\OT1/lmr/m/n/10.95 [[]]$ \T1/lmr/m/n/10.95 by ex-actly $\OML/lmm/m/it/10.95 L
[]b$ \T1/lmr/m/n/10.95 when that con-trac-tion is
 []


Underfull \hbox (badness 10000) in paragraph at lines 267--267
[]|\T1/lmtt/m/n/10.95 SCI-FLT-MATCHED-PRED-
 []


Underfull \hbox (badness 10000) in paragraph at lines 269--269
[]|\T1/lmtt/m/n/10.95 SCI-FLT-MATCHED-PRED-
 []


Underfull \hbox (badness 1178) in paragraph at lines 269--270
[]|\T1/lmr/m/n/10.95 A mis-matched sig-nal shape re-turns its response-
 []


Underfull \hbox (badness 10000) in paragraph at lines 271--271
[]|\T1/lmtt/m/n/10.95 SCI-FLT-MATCHED-PRED-
 []


Underfull \hbox (badness 10000) in paragraph at lines 274--274
[]|\T1/lmtt/m/n/10.95 SCI-FLT-MATCHED-PRED-
 []


Underfull \hbox (badness 10000) in paragraph at lines 274--278
[]|\T1/lmr/m/n/10.95 The op-er-a-tional re-al-ized U1 co-vari-ance is
 []


Underfull \hbox (badness 1122) in paragraph at lines 274--278
[]\OT1/lmr/m/n/10.95 [\OML/lmm/m/it/10.95 P[]F[]\OT1/lmr/m/n/10.95 (\OML/lmm/m/
it/10.95 m\OT1/lmr/m/n/10.95 ) \OMS/lmsy/m/n/10.95 j \OML/lmm/m/it/10.95 h\OT1/
lmr/m/n/10.95 ]$ \T1/lmr/m/n/10.95 on its fixed fi-nite codomain,
 []

[22] [23] [24]
LaTeX Font Info:    Font shape `T1/lmtt/bx/n' in size <12> not available
(Font)              Font shape `T1/lmtt/b/n' tried instead on input line 291.
LaTeX Font Info:    Font shape `T1/lmtt/bx/n' in size <10.95> not available
(Font)              Font shape `T1/lmtt/b/n' tried instead on input line 297.


Package enumitem Warning: Negative labelwidth. This does not make much
(enumitem)                sense, on input line 299.


Package enumitem Warning: Negative labelwidth. This does not make much
(enumitem)                sense, on input line 312.


Package enumitem Warning: Negative labelwidth. This does not make much
(enumitem)                sense, on input line 324.

[25

]

Package enumitem Warning: Negative labelwidth. This does not make much
(enumitem)                sense, on input line 379.

[26] [27]
Underfull \hbox (badness 1776) in paragraph at lines 478--484
\T1/lmr/m/n/10.95 dex/measure, query vo-cab-u-lary, va-lid-ity, units/calibrati
on, state/operator/template gen-er-a-tion,
 []

[28]) (common/edge_cases.tex
Underfull \hbox (badness 2080) in paragraph at lines 11--13
\T1/lmr/m/n/10.95 pu-ta-tion, par-tial es-ti-mate, or
 []


Underfull \hbox (badness 1107) in paragraph at lines 19--22
\T1/lmr/m/n/10.95 es-timable sub-space and $\OML/lmm/m/it/10.95 d[] >
 []


Underfull \hbox (badness 10000) in paragraph at lines 26--26
[]|\T1/lmr/m/n/10.95 Covariance zero-
 []


Underfull \hbox (badness 3291) in paragraph at lines 26--27
[]|\T1/lmr/m/n/10.95 Parent law de-clares de-ter-min-is-tic
 []


Underfull \hbox (badness 2707) in paragraph at lines 27--30
[]|\T1/lmr/m/n/10.95 Keep sep-a-rate from ex-cluded,
 []


Underfull \hbox (badness 10000) in paragraph at lines 27--30
\T1/lmr/m/n/10.95 weighting-null, and template-
 []


Underfull \hbox (badness 3930) in paragraph at lines 27--30
\T1/lmr/m/n/10.95 uniden-ti-fi-able modes. It is
 []


Underfull \hbox (badness 10000) in paragraph at lines 27--30
\T1/lmr/m/n/10.95 out-side the v0.1 positive-
 []


Underfull \hbox (badness 5741) in paragraph at lines 27--30
\T1/lmr/m/n/10.95 sep-a-rately au-thored; do not
 []


Underfull \hbox (badness 2884) in paragraph at lines 30--30
[]|\T1/lmr/m/n/10.95 Excluded or infinite-
 []


Underfull \hbox (badness 1194) in paragraph at lines 33--35
\T1/lmr/m/n/10.95 no co-vari-ance mean-ing fol-lows
 []


Underfull \hbox (badness 2772) in paragraph at lines 36--38
\T1/lmr/m/n/10.95 Penrose or nor-mal-iza-tion fall-
 []


Underfull \hbox (badness 1521) in paragraph at lines 42--42
[]|\T1/lmr/m/n/10.95 Sparse ra-dial bin or
 []


Underfull \hbox (badness 10000) in paragraph at lines 43--48
[]|\T1/lmr/m/n/10.95 Report the pre-reg-is-
 []


Underfull \hbox (badness 10000) in paragraph at lines 43--48
\T1/lmr/m/n/10.95 tered effective-sample,
 []


Underfull \hbox (badness 10000) in paragraph at lines 43--48
\T1/lmr/m/n/10.95 anisotropy/dispersion, and
 []


Underfull \hbox (badness 10000) in paragraph at lines 43--48
\T1/lmr/m/n/10.95 leak-age di-ag-nos-tics. They
 []


Underfull \hbox (badness 2689) in paragraph at lines 43--48
\T1/lmr/m/n/10.95 are not v0.1 ad-mis-sion pred-
 []


Underfull \hbox (badness 1888) in paragraph at lines 43--48
\T1/lmr/m/n/10.95 i-cates and have no owner-set
 []


Underfull \hbox (badness 10000) in paragraph at lines 43--48
\T1/lmr/m/n/10.95 fail-ure thresh-olds. Ex-act
 []


Underfull \hbox (badness 10000) in paragraph at lines 43--48
\T1/lmr/m/n/10.95 weight/denominator/support
 []


Underfull \hbox (badness 10000) in paragraph at lines 43--48
\T1/lmr/m/n/10.95 pred-i-cates still ap-ply; no
 []


Underfull \hbox (badness 10000) in paragraph at lines 43--48
\T1/lmr/m/n/10.95 neighboring-bin in-ter-po-la-tion
 []


Underfull \hbox (badness 10000) in paragraph at lines 48--48
[]|\T1/lmr/m/n/10.95 Unknown co-vari-ance
 []


Underfull \hbox (badness 2027) in paragraph at lines 51--53
\T1/lmr/m/n/10.95 op-ti-mal-ity, $\OML/lmm/m/it/10.95 d[]$ \T1/lmr/m/n/10.95 va
ri-ance, and
 []


Underfull \hbox (badness 2050) in paragraph at lines 51--53
\T1/lmr/m/n/10.95 con-di-tional co-vari-ance are un-
 []


Underfull \hbox (badness 10000) in paragraph at lines 53--53
[]|\T1/lmr/m/n/10.95 Available $\OML/lmm/m/it/10.95 C[]$
 []


Underfull \hbox (badness 10000) in paragraph at lines 53--53
\T1/lmr/m/n/10.95 with mis-matched
 []


Underfull \hbox (badness 10000) in paragraph at lines 56--62
[]|\T1/lmr/m/n/10.95 Create a new tem-
 []


Underfull \hbox (badness 10000) in paragraph at lines 56--62
\T1/lmr/m/n/10.95 amplitude-coordinate repa-ram-
 []


Underfull \hbox (badness 1675) in paragraph at lines 56--62
\OML/lmm/m/it/10.95 g$\T1/lmr/m/n/10.95 , sup-port, and non-template
 []


Underfull \hbox (badness 1178) in paragraph at lines 56--62
\T1/lmr/m/n/10.95 re-Resolve op-er-a-tion is a new
 []


Underfull \hbox (badness 10000) in paragraph at lines 56--62
\T1/lmr/m/n/10.95 re-al-iza-tion out-side that law;
 []


Underfull \hbox (badness 10000) in paragraph at lines 62--62
[]|\T1/lmr/m/n/10.95 Scientific re-sponse con-ven-tion
 []


Underfull \hbox (badness 1603) in paragraph at lines 63--64
[]|\T1/lmr/m/n/10.95 New tem-plate and re-al-iza-tion;
 []


Underfull \hbox (badness 5274) in paragraph at lines 64--65
[]|\T1/lmr/m/n/10.95 Base matching-template es-ti-mand
 []


Underfull \hbox (badness 2418) in paragraph at lines 64--65
\T1/lmr/m/n/10.95 does not equal an un-con-strained
 []


Underfull \hbox (badness 1789) in paragraph at lines 65--68
[]|\T1/lmr/m/n/10.95 Report only response-weighted
 []


Underfull \hbox (badness 10000) in paragraph at lines 69--71
\T1/lmr/m/n/10.95 beam/solid an-gle, extended-
 []


Underfull \hbox (badness 10000) in paragraph at lines 71--71
[]|\T1/lmr/m/n/10.95 Coadd mem-ber-ship
 []


Underfull \hbox (badness 10000) in paragraph at lines 74--74
[]|\T1/lmr/m/n/10.95 NOI mem-ber fails
 []


Underfull \hbox (badness 2809) in paragraph at lines 74--74
\OML/lmm/m/it/10.95 K[]$ \T1/lmr/m/n/10.95 or sug-gests a
 []


Underfull \hbox (badness 1147) in paragraph at lines 75--78
[]|\T1/lmr/m/n/10.95 Mark the mem-ber or af-fected
 []


Underfull \hbox (badness 2547) in paragraph at lines 78--78
\T1/lmr/m/n/10.95 one null or sup-port
 []


Underfull \hbox (badness 10000) in paragraph at lines 81--81
[]|\T1/lmr/m/n/10.95 Iteration/tail cap
 []


Underfull \hbox (badness 2096) in paragraph at lines 81--84
[]|\T1/lmr/m/n/10.95 Accept only if ev-ery se-lected
 []


Underfull \hbox (badness 2809) in paragraph at lines 81--84
\T1/lmr/m/n/10.95 de-pen-dently passes; oth-er-wise
 []


Underfull \hbox (badness 10000) in paragraph at lines 84--84
[]|\T1/lmr/m/n/10.95 Optional com-pan-
 []


Underfull \hbox (badness 1448) in paragraph at lines 84--84
\T1/lmr/m/n/10.95 ion fails af-ter sig-nal
 []


Underfull \hbox (badness 1436) in paragraph at lines 85--87
\T1/lmss/m/n/10.95 di-date \T1/lmr/m/n/10.95 un-less ex-act named-use
 []


Underfull \hbox (badness 10000) in paragraph at lines 101--103
[]|\T1/lmr/m/n/10.95 Return typed un-avail-abil-ity;
 []


Underfull \hbox (badness 10000) in paragraph at lines 103--103
[]|\T1/lmr/m/n/10.95 Fixed-state re-sponse
 []


Underfull \hbox (badness 10000) in paragraph at lines 103--103
\T1/lmr/m/n/10.95 re-quested as full-
 []


Underfull \hbox (badness 1062) in paragraph at lines 103--104
[]|\T1/lmr/m/n/10.95 State-learning de-pen-dence has not
 []


Underfull \hbox (badness 1436) in paragraph at lines 104--106
[]|\T1/lmr/m/n/10.95 Return full-procedure re-sponse
 []


Underfull \hbox (badness 1168) in paragraph at lines 104--106
\T1/lmr/m/n/10.95 state type; no con-sumer may
 []


Underfull \hbox (badness 1308) in paragraph at lines 116--117
[]|\T1/lmr/m/n/10.95 FLT to FRUIT con-
 []


Underfull \hbox (badness 10000) in paragraph at lines 116--117
\T1/lmr/m/n/10.95 sumer asks out-side
 []


Underfull \hbox (badness 1552) in paragraph at lines 116--117
\OMS/lmsy/m/n/10.95 Q[]$ \T1/lmr/m/n/10.95 or for FRUIT
 []


Underfull \hbox (badness 1112) in paragraph at lines 117--120
\T1/lmr/m/n/10.95 re-quire a suc-ces-sor FLT en-ve-
 []


Underfull \hbox (badness 1348) in paragraph at lines 120--120
[]|\T1/lmr/m/n/10.95 Filtered-map peak is
 []


Underfull \hbox (badness 2547) in paragraph at lines 121--123
\T1/lmr/m/n/10.95 mor-phol-ogy, cat-a-log, or SRC
 []

[29] [30] [31] [32]) [33]
Underfull \hbox (badness 10000) in paragraph at lines 232--232
[]|\T1/lmtt/m/n/10.95 SCI-FLT-MATCHED-
 []


Underfull \hbox (badness 10000) in paragraph at lines 232--235
[]|\T1/lmr/m/n/10.95 Scientific owner: con-crete
 []


Underfull \hbox (badness 10000) in paragraph at lines 232--235
\T1/lmr/m/n/10.95 re-main successor-authorship
 []


Underfull \hbox (badness 10000) in paragraph at lines 232--235
\T1/lmr/m/n/10.95 trig-gers un-til con-crete $\OML/lmm/m/it/10.95 W[]$
 []


Underfull \hbox (badness 10000) in paragraph at lines 237--237
[]|\T1/lmtt/m/n/10.95 SCI-FLT-MATCHED-
 []


Underfull \hbox (badness 2735) in paragraph at lines 237--239
[]|\T1/lmr/m/n/10.95 Engineering: pre-reg-is-ter one
 []


Underfull \hbox (badness 1275) in paragraph at lines 237--239
\T1/lmr/m/n/10.95 Sci-en-tific owner acts only to
 []


Underfull \hbox (badness 10000) in paragraph at lines 240--240
[]|\T1/lmtt/m/n/10.95 SCI-FLT-MATCHED-
 []


Underfull \hbox (badness 1127) in paragraph at lines 240--243
\T1/lmr/m/n/10.95 ance role and com-plete, pro-
 []


Underfull \hbox (badness 1552) in paragraph at lines 240--243
\T1/lmr/m/n/10.95 ery bun-dle re-tains role iden-
 []


Underfull \hbox (badness 1354) in paragraph at lines 240--243
\T1/lmr/m/n/10.95 tity/status; un-avail-able scope
 []


Underfull \hbox (badness 10000) in paragraph at lines 245--245
[]|\T1/lmtt/m/n/10.95 SCI-FLT-MATCHED-
 []


Underfull \hbox (badness 10000) in paragraph at lines 246--248
[]|\T1/lmr/m/n/10.95 State au-dit/reanalysis and hand-off
 []


Underfull \hbox (badness 10000) in paragraph at lines 248--248
[]|\T1/lmtt/m/n/10.95 SCI-FLT-MATCHED-
 []


Underfull \hbox (badness 1577) in paragraph at lines 250--252
[]|\T1/lmr/m/n/10.95 Response-dependent use and FLT-to-
 []


Underfull \hbox (badness 10000) in paragraph at lines 252--252
[]|\T1/lmtt/m/n/10.95 SCI-FLT-MATCHED-
 []


Underfull \hbox (badness 4967) in paragraph at lines 252--253
\T1/lmr/m/n/10.95 seven roles and de-pen-dency
 []

[34] [35] (scientific-rationale.aux)
Package rerunfilecheck Info: File `scientific-rationale.out' has not changed.
(rerunfilecheck)             Checksum: 6138A10640891633963B8366974639F7;21035.
 )
Output written on scientific-rationale.xdv (39 pages, 220524 bytes).
